<html>
<body>
<pre>
<h1>µVision Build Log</h1>
<h2>Tool Versions:</h2>
IDE-Version: ¦ÌVision V5.30.0.0
Copyright (C) 2020 ARM Ltd and ARM Germany GmbH. All rights reserved.
License Information: baoliniao 1, 1, LIC=LSNXV-PVXY8-12KLE-5K2P0-H9EM0-7XGNF
 
Tool Versions:
Toolchain:       MDK-ARM Plus  Version: 5.30.0.0
Toolchain Path:  C:\Keil_v5\ARM\ARMCC\Bin
C Compiler:      Armcc.exe V5.06 update 6 (build 750)
Assembler:       Armasm.exe V5.06 update 6 (build 750)
Linker/Locator:  ArmLink.exe V5.06 update 6 (build 750)
Library Manager: ArmAr.exe V5.06 update 6 (build 750)
Hex Converter:   FromElf.exe V5.06 update 6 (build 750)
CPU DLL:         SARMCM3.DLL V5.30.0.0
Dialog DLL:      DARMCM1.DLL V1.19.3.0
Target DLL:      Segger\JL2CM3.dll V2.99.38.0
Dialog DLL:      TARMCM1.DLL V1.14.2.0
 
<h2>Project:</h2>
D:\QINGNIAO_Public_Library\WG101 - ÊµÑé³ÌÐò\MDK\WG101.uvprojx
Project File Date:  08/17/2021

<h2>Output:</h2>
*** Using Compiler 'V5.06 update 6 (build 750)', folder: 'C:\Keil_v5\ARM\ARMCC\Bin'
Rebuild target 'WG101'
compiling main.c...
compiling interrupts_hc32l13x.c...
compiling flash.c...
compiling wdt.c...
compiling global_variable.c...
compiling lpm.c...
compiling gpio.c...
compiling init.c...
compiling lpuart.c...
compiling reset.c...
compiling ddl.c...
compiling uart.c...
compiling lptim.c...
compiling rtc.c...
compiling sysctrl.c...
compiling timer3.c...
assembling startup_hc32l13x.s...
compiling spi.c...
compiling adc.c...
..\..\WG101\driver_file\src\adc.c(478): warning:  #111-D: statement is unreachable
          break;
..\..\WG101\driver_file\src\adc.c(511): warning:  #111-D: statement is unreachable
          break;
..\..\WG101\driver_file\src\adc.c: 2 warnings, 0 errors
compiling system_hc32l13x.c...
compiling bgr.c...
compiling Save.c...
compiling FrameWork.c...
compiling RTCFun.c...
..\MiddleLayer\RTCFun.c(72): warning:  #177-D: function "RTCMinFunction"  was declared but never referenced
  static void  RTCMinFunction(void)
..\MiddleLayer\RTCFun.c: 1 warning, 0 errors
compiling Logic.c...
..\MiddleLayer\Logic.c(20): warning:  #177-D: variable "gDispState"  was declared but never referenced
  static uint8_t gDispState = 1;
..\MiddleLayer\Logic.c: 1 warning, 0 errors
compiling ScanKEY.c...
..\MiddleLayer\ScanKEY.c(18): warning:  #177-D: variable "temp_2ND_NUM"  was declared but never referenced
  	static uint8_t temp_2ND_NUM;
..\MiddleLayer\ScanKEY.c: 1 warning, 0 errors
compiling LCDDriver.c...
linking...
Program Size: Code=14420 RO-data=384 RW-data=92 ZI-data=1148  
FromELF: creating hex file...
".\Objects\WG101.axf" - 0 Error(s), 5 Warning(s).

<h2>Software Packages used:</h2>

Package Vendor: ARM
                http://www.keil.com/pack/ARM.CMSIS.5.7.0.pack
                ARM.CMSIS.5.7.0
                CMSIS (Cortex Microcontroller Software Interface Standard)
   * Component: CORE Version: 5.4.0

Package Vendor: HDSC
                https://raw.githubusercontent.com/hdscmcu/pack/master/HDSC.HC32L130.1.0.1.pack
                HDSC.HC32L130.1.0.1
                HC32L130 ARM Cortex-M0+ Device Family Pack

<h2>Collection of Component include folders:</h2>
  .\RTE\_WG101
  C:\Users\mengz\AppData\Local\Arm\Packs\ARM\CMSIS\5.7.0\CMSIS\Core\Include
  C:\Users\mengz\AppData\Local\Arm\Packs\HDSC\HC32L130\1.0.1\Device\Include

<h2>Collection of Component Files used:</h2>

   * Component: ARM::CMSIS:CORE:5.4.0
Build Time Elapsed:  00:00:02
</pre>
</body>
</html>
