Component: ARM Compiler 5.06 update 6 (build 750) Tool: armlink [4d35ed]

==============================================================================

Section Cross References

    interrupts_hc32l13x.o(i.ADC_IRQHandler) refers to adc.o(i.Adc_ClrIrqStatus) for Adc_ClrIrqStatus
    interrupts_hc32l13x.o(i.ADC_IRQHandler) refers to adc.o(i.Adc_GetSqrResult) for Adc_GetSqrResult
    interrupts_hc32l13x.o(i.ADC_IRQHandler) refers to framework.o(i.MsgPost) for MsgPost
    interrupts_hc32l13x.o(i.ADC_IRQHandler) refers to adc.o(i.Adc_SQR_Stop) for Adc_SQR_Stop
    interrupts_hc32l13x.o(i.ADC_IRQHandler) refers to global_variable.o(.bss) for SysParameter
    interrupts_hc32l13x.o(i.ADC_IRQHandler) refers to adcdriver.o(.data) for curADC
    interrupts_hc32l13x.o(i.EnableNvic) refers to interrupts_hc32l13x.o(i.__NVIC_SetPriority) for __NVIC_SetPriority
    interrupts_hc32l13x.o(i.LPTIM_IRQHandler) refers to lptim.o(i.Lptim_GetItStatus) for Lptim_GetItStatus
    interrupts_hc32l13x.o(i.LPTIM_IRQHandler) refers to lptim.o(i.Lptim_ClrItStatus) for Lptim_ClrItStatus
    interrupts_hc32l13x.o(i.LPTIM_IRQHandler) refers to framework.o(.data) for ThreadReadyList
    interrupts_hc32l13x.o(i.TIM3_IRQHandler) refers to timer3.o(i.Tim3_GetIntFlag) for Tim3_GetIntFlag
    interrupts_hc32l13x.o(i.TIM3_IRQHandler) refers to timer3.o(i.Tim3_ClearIntFlag) for Tim3_ClearIntFlag
    interrupts_hc32l13x.o(i.TIM3_IRQHandler) refers to framework.o(.data) for ThreadReadyList
    main.o(i.main) refers to init.o(i.SysClockInit) for SysClockInit
    main.o(i.main) refers to init.o(i.GPIO_Init) for GPIO_Init
    main.o(i.main) refers to init.o(i.KEY_Init) for KEY_Init
    main.o(i.main) refers to init.o(i.SPI_Init) for SPI_Init
    main.o(i.main) refers to init.o(i.LPTimerInit) for LPTimerInit
    main.o(i.main) refers to init.o(i.Timer3Init) for Timer3Init
    main.o(i.main) refers to init.o(i.Init_LED) for Init_LED
    main.o(i.main) refers to init.o(i.ParaInit) for ParaInit
    main.o(i.main) refers to adcdriver.o(i.AdcInit) for AdcInit
    main.o(i.main) refers to init.o(i.LPuart1_Init) for LPuart1_Init
    main.o(i.main) refers to noretval__2printf.o(.text) for __2printf
    main.o(i.main) refers to ddl.o(i.delay1ms) for delay1ms
    main.o(i.main) refers to framework.o(i.ThreadScheduler) for ThreadScheduler
    main.o(i.main) refers to rtcfun.o(.bss) for TmrSecTab
    init.o(i.GPIO_Init) refers to sysctrl.o(i.Sysctrl_SetPeripheralGate) for Sysctrl_SetPeripheralGate
    init.o(i.GPIO_Init) refers to gpio.o(i.Gpio_Init) for Gpio_Init
    init.o(i.GPIO_Init) refers to gpio.o(i.Gpio_ClrIO) for Gpio_ClrIO
    init.o(i.Init_LED) refers to sysctrl.o(i.Sysctrl_SetPeripheralGate) for Sysctrl_SetPeripheralGate
    init.o(i.Init_LED) refers to gpio.o(i.Gpio_ClrIO) for Gpio_ClrIO
    init.o(i.Init_LED) refers to gpio.o(i.Gpio_Init) for Gpio_Init
    init.o(i.KEY_Init) refers to sysctrl.o(i.Sysctrl_SetPeripheralGate) for Sysctrl_SetPeripheralGate
    init.o(i.KEY_Init) refers to gpio.o(i.Gpio_Init) for Gpio_Init
    init.o(i.LPTimerInit) refers to ddl.o(i.ddl_memclr) for ddl_memclr
    init.o(i.LPTimerInit) refers to sysctrl.o(i.Sysctrl_SetPeripheralGate) for Sysctrl_SetPeripheralGate
    init.o(i.LPTimerInit) refers to lptim.o(i.Lptim_Init) for Lptim_Init
    init.o(i.LPTimerInit) refers to lptim.o(i.Lptim_ClrItStatus) for Lptim_ClrItStatus
    init.o(i.LPTimerInit) refers to lptim.o(i.Lptim_ConfIt) for Lptim_ConfIt
    init.o(i.LPTimerInit) refers to interrupts_hc32l13x.o(i.EnableNvic) for EnableNvic
    init.o(i.LPTimerInit) refers to lptim.o(i.Lptim_Cmd) for Lptim_Cmd
    init.o(i.LPuart1_Init) refers to ddl.o(i.ddl_memclr) for ddl_memclr
    init.o(i.LPuart1_Init) refers to sysctrl.o(i.Sysctrl_SetPeripheralGate) for Sysctrl_SetPeripheralGate
    init.o(i.LPuart1_Init) refers to gpio.o(i.Gpio_Init) for Gpio_Init
    init.o(i.LPuart1_Init) refers to gpio.o(i.Gpio_SetAfMode) for Gpio_SetAfMode
    init.o(i.LPuart1_Init) refers to sysctrl.o(i.Sysctrl_GetPClkFreq) for Sysctrl_GetPClkFreq
    init.o(i.LPuart1_Init) refers to lpuart.o(i.LPUart_Init) for LPUart_Init
    init.o(i.ParaInit) refers to flash.o(i.Flash_Init) for Flash_Init
    init.o(i.ParaInit) refers to save.o(.ARM.__at_0x00000200) for Flash_Read
    init.o(i.ParaInit) refers to init.o(i.SysParameterInit) for SysParameterInit
    init.o(i.ParaInit) refers to save.o(.ARM.__at_0x00000100) for Flash_Write
    init.o(i.ParaInit) refers to global_variable.o(.bss) for SysParameter
    init.o(i.ParaInit) refers to save.o(.data) for flashInformationAddress
    init.o(i.SPI_Init) refers to ddl.o(i.ddl_memclr) for ddl_memclr
    init.o(i.SPI_Init) refers to sysctrl.o(i.Sysctrl_SetPeripheralGate) for Sysctrl_SetPeripheralGate
    init.o(i.SPI_Init) refers to gpio.o(i.Gpio_Init) for Gpio_Init
    init.o(i.SPI_Init) refers to gpio.o(i.Gpio_SetAfMode) for Gpio_SetAfMode
    init.o(i.SPI_Init) refers to spi.o(i.Spi_Init) for Spi_Init
[...]
    ../clib/signal.c                         0x00000000   Number         0  defsig_fpe_inner.o ABSOLUTE
    ../clib/signal.c                         0x00000000   Number         0  defsig_rtmem_inner.o ABSOLUTE
    ../clib/signal.c                         0x00000000   Number         0  defsig_rtred_inner.o ABSOLUTE
    ../clib/signal.c                         0x00000000   Number         0  defsig_abrt_inner.o ABSOLUTE
    ../clib/signal.s                         0x00000000   Number         0  defsig.o ABSOLUTE
    ../clib/stdio.c                          0x00000000   Number         0  ferror_locked.o ABSOLUTE
    ../clib/stdio.c                          0x00000000   Number         0  ferror.o ABSOLUTE
    ../clib/stdlib.c                         0x00000000   Number         0  exit.o ABSOLUTE
    ../fplib/cfplib/fdiv.c                   0x00000000   Number         0  fdiv.o ABSOLUTE
    ../fplib/cfplib/ffix.c                   0x00000000   Number         0  ffixui.o ABSOLUTE
    ../fplib/cfplib/fflt.c                   0x00000000   Number         0  fflti.o ABSOLUTE
    ../fplib/cfplib/fpinit.c                 0x00000000   Number         0  fpinit.o ABSOLUTE
    ../fplib/faddsub6m.s                     0x00000000   Number         0  faddsub.o ABSOLUTE
    ../fplib/usenofp.s                       0x00000000   Number         0  usenofp.o ABSOLUTE
    ..\MiddleLayer\ADCDriver.c               0x00000000   Number         0  adcdriver.o ABSOLUTE
    ..\MiddleLayer\LCDDriver.c               0x00000000   Number         0  lcddriver.o ABSOLUTE
    ..\MiddleLayer\Logic.c                   0x00000000   Number         0  logic.o ABSOLUTE
    ..\MiddleLayer\RTCFun.c                  0x00000000   Number         0  rtcfun.o ABSOLUTE
    ..\MiddleLayer\Save.c                    0x00000000   Number         0  save.o ABSOLUTE
    ..\MiddleLayer\ScanKEY.c                 0x00000000   Number         0  scankey.o ABSOLUTE
    ..\\MiddleLayer\\ADCDriver.c             0x00000000   Number         0  adcdriver.o ABSOLUTE
    ..\\MiddleLayer\\LCDDriver.c             0x00000000   Number         0  lcddriver.o ABSOLUTE
    ..\\MiddleLayer\\Logic.c                 0x00000000   Number         0  logic.o ABSOLUTE
    ..\\MiddleLayer\\RTCFun.c                0x00000000   Number         0  rtcfun.o ABSOLUTE
    ..\\MiddleLayer\\Save.c                  0x00000000   Number         0  save.o ABSOLUTE
    ..\\MiddleLayer\\ScanKEY.c               0x00000000   Number         0  scankey.o ABSOLUTE
    ..\\driver_file\\src\\adc.c              0x00000000   Number         0  adc.o ABSOLUTE
    ..\\driver_file\\src\\bgr.c              0x00000000   Number         0  bgr.o ABSOLUTE
    ..\\driver_file\\src\\ddl.c              0x00000000   Number         0  ddl.o ABSOLUTE
    ..\\driver_file\\src\\flash.c            0x00000000   Number         0  flash.o ABSOLUTE
    ..\\driver_file\\src\\gpio.c             0x00000000   Number         0  gpio.o ABSOLUTE
    ..\\driver_file\\src\\lpm.c              0x00000000   Number         0  lpm.o ABSOLUTE
    ..\\driver_file\\src\\lptim.c            0x00000000   Number         0  lptim.o ABSOLUTE
    ..\\driver_file\\src\\lpuart.c           0x00000000   Number         0  lpuart.o ABSOLUTE
    ..\\driver_file\\src\\reset.c            0x00000000   Number         0  reset.o ABSOLUTE
    ..\\driver_file\\src\\rtc.c              0x00000000   Number         0  rtc.o ABSOLUTE
    ..\\driver_file\\src\\spi.c              0x00000000   Number         0  spi.o ABSOLUTE
    ..\\driver_file\\src\\sysctrl.c          0x00000000   Number         0  sysctrl.o ABSOLUTE
    ..\\driver_file\\src\\timer3.c           0x00000000   Number         0  timer3.o ABSOLUTE
    ..\\driver_file\\src\\uart.c             0x00000000   Number         0  uart.o ABSOLUTE
    ..\\driver_file\\src\\wdt.c              0x00000000   Number         0  wdt.o ABSOLUTE
    ..\\mcu_file\\interrupts_hc32l13x.c      0x00000000   Number         0  interrupts_hc32l13x.o ABSOLUTE
    ..\\mcu_file\\system_hc32l13x.c          0x00000000   Number         0  system_hc32l13x.o ABSOLUTE
    ..\\os_file\\FrameWork.c                 0x00000000   Number         0  framework.o ABSOLUTE
    ..\\user_file\\main.c                    0x00000000   Number         0  main.o ABSOLUTE
    ..\\user_file\\src\\global_variable.c    0x00000000   Number         0  global_variable.o ABSOLUTE
    ..\\user_file\\src\\init.c               0x00000000   Number         0  init.o ABSOLUTE
    ..\driver_file\src\adc.c                 0x00000000   Number         0  adc.o ABSOLUTE
    ..\driver_file\src\bgr.c                 0x00000000   Number         0  bgr.o ABSOLUTE
    ..\driver_file\src\ddl.c                 0x00000000   Number         0  ddl.o ABSOLUTE
    ..\driver_file\src\flash.c               0x00000000   Number         0  flash.o ABSOLUTE
    ..\driver_file\src\gpio.c                0x00000000   Number         0  gpio.o ABSOLUTE
    ..\driver_file\src\lpm.c                 0x00000000   Number         0  lpm.o ABSOLUTE
    ..\driver_file\src\lptim.c               0x00000000   Number         0  lptim.o ABSOLUTE
    ..\driver_file\src\lpuart.c              0x00000000   Number         0  lpuart.o ABSOLUTE
    ..\driver_file\src\reset.c               0x00000000   Number         0  reset.o ABSOLUTE
    ..\driver_file\src\rtc.c                 0x00000000   Number         0  rtc.o ABSOLUTE
    ..\driver_file\src\spi.c                 0x00000000   Number         0  spi.o ABSOLUTE
    ..\driver_file\src\sysctrl.c             0x00000000   Number         0  sysctrl.o ABSOLUTE
    ..\driver_file\src\timer3.c              0x00000000   Number         0  timer3.o ABSOLUTE
    ..\driver_file\src\uart.c                0x00000000   Number         0  uart.o ABSOLUTE
    ..\driver_file\src\wdt.c                 0x00000000   Number         0  wdt.o ABSOLUTE
    ..\mcu_file\interrupts_hc32l13x.c        0x00000000   Number         0  interrupts_hc32l13x.o ABSOLUTE
    ..\mcu_file\system_hc32l13x.c            0x00000000   Number         0  system_hc32l13x.o ABSOLUTE
    ..\os_file\FrameWork.c                   0x00000000   Number         0  framework.o ABSOLUTE
    ..\user_file\main.c                      0x00000000   Number         0  main.o ABSOLUTE
    ..\user_file\src\global_variable.c       0x00000000   Number         0  global_variable.o ABSOLUTE
    ..\user_file\src\init.c                  0x00000000   Number         0  init.o ABSOLUTE
    dc.s                                     0x00000000   Number         0  dc.o ABSOLUTE
    startup_hc32l13x.s                       0x00000000   Number         0  startup_hc32l13x.o ABSOLUTE
    !!!main                                  0x000000c0   Section        8  __main.o(!!!main)
    !!handler_copy                           0x000000c8   Section       26  __scatter_copy.o(!!handler_copy)
    !!handler_zi                             0x000000e4   Section       28  __scatter_zi.o(!!handler_zi)
    .ARM.__at_0x00000100                     0x00000100   Section        0  save.o(.ARM.__at_0x00000100)
    !!!scatter                               0x00000124   Section       60  __scatter.o(!!!scatter)
    .ARM.Collect$$libinit$$00000000          0x00000160   Section        2  libinit.o(.ARM.Collect$$libinit$$00000000)
    .ARM.Collect$$libinit$$00000002          0x00000162   Section        0  libinit2.o(.ARM.Collect$$libinit$$00000002)
    .ARM.Collect$$libinit$$00000004          0x00000162   Section        0  libinit2.o(.ARM.Collect$$libinit$$00000004)
    .ARM.Collect$$libinit$$0000000A          0x00000162   Section        0  libinit2.o(.ARM.Collect$$libinit$$0000000A)
    .ARM.Collect$$libinit$$0000000C          0x00000162   Section        0  libinit2.o(.ARM.Collect$$libinit$$0000000C)
    .ARM.Collect$$libinit$$0000000E          0x00000162   Section        0  libinit2.o(.ARM.Collect$$libinit$$0000000E)
    .ARM.Collect$$libinit$$00000011          0x00000162   Section        0  libinit2.o(.ARM.Collect$$libinit$$00000011)
    .ARM.Collect$$libinit$$00000013          0x00000162   Section        0  libinit2.o(.ARM.Collect$$libinit$$00000013)
    .ARM.Collect$$libinit$$00000015          0x00000162   Section        0  libinit2.o(.ARM.Collect$$libinit$$00000015)
    .ARM.Collect$$libinit$$00000017          0x00000162   Section        0  libinit2.o(.ARM.Collect$$libinit$$00000017)
    .ARM.Collect$$libinit$$00000019          0x00000162   Section        0  libinit2.o(.ARM.Collect$$libinit$$00000019)
    .ARM.Collect$$libinit$$0000001B          0x00000162   Section        0  libinit2.o(.ARM.Collect$$libinit$$0000001B)
    .ARM.Collect$$libinit$$0000001D          0x00000162   Section        0  libinit2.o(.ARM.Collect$$libinit$$0000001D)
    .ARM.Collect$$libinit$$0000001F          0x00000162   Section        0  libinit2.o(.ARM.Collect$$libinit$$0000001F)
    .ARM.Collect$$libinit$$00000021          0x00000162   Section        0  libinit2.o(.ARM.Collect$$libinit$$00000021)
    .ARM.Collect$$libinit$$00000023          0x00000162   Section        0  libinit2.o(.ARM.Collect$$libinit$$00000023)
    .ARM.Collect$$libinit$$00000025          0x00000162   Section        0  libinit2.o(.ARM.Collect$$libinit$$00000025)
    .ARM.Collect$$libinit$$0000002C          0x00000162   Section        0  libinit2.o(.ARM.Collect$$libinit$$0000002C)
    .ARM.Collect$$libinit$$0000002E          0x00000162   Section        0  libinit2.o(.ARM.Collect$$libinit$$0000002E)
    .ARM.Collect$$libinit$$00000030          0x00000162   Section        0  libinit2.o(.ARM.Collect$$libinit$$00000030)
    .ARM.Collect$$libinit$$00000032          0x00000162   Section        0  libinit2.o(.ARM.Collect$$libinit$$00000032)
    .ARM.Collect$$libinit$$00000033          0x00000162   Section        2  libinit2.o(.ARM.Collect$$libinit$$00000033)
    .ARM.Collect$$libshutdown$$00000000      0x00000164   Section        2  libshutdown.o(.ARM.Collect$$libshutdown$$00000000)
    .ARM.Collect$$libshutdown$$00000002      0x00000166   Section        0  libshutdown2.o(.ARM.Collect$$libshutdown$$00000002)
    .ARM.Collect$$libshutdown$$00000004      0x00000166   Section        0  libshutdown2.o(.ARM.Collect$$libshutdown$$00000004)
    .ARM.Collect$$libshutdown$$00000007      0x00000166   Section        0  libshutdown2.o(.ARM.Collect$$libshutdown$$00000007)
    .ARM.Collect$$libshutdown$$0000000A      0x00000166   Section        0  libshutdown2.o(.ARM.Collect$$libshutdown$$0000000A)
    .ARM.Collect$$libshutdown$$0000000C      0x00000166   Section        0  libshutdown2.o(.ARM.Collect$$libshutdown$$0000000C)
    .ARM.Collect$$libshutdown$$0000000F      0x00000166   Section        0  libshutdown2.o(.ARM.Collect$$libshutdown$$0000000F)
    .ARM.Collect$$libshutdown$$00000010      0x00000166   Section        2  libshutdown2.o(.ARM.Collect$$libshutdown$$00000010)
    .ARM.Collect$$rtentry$$00000000          0x00000168   Section        0  __rtentry.o(.ARM.Collect$$rtentry$$00000000)
    .ARM.Collect$$rtentry$$00000002          0x00000168   Section        0  __rtentry2.o(.ARM.Collect$$rtentry$$00000002)
    .ARM.Collect$$rtentry$$00000004          0x00000168   Section        6  __rtentry4.o(.ARM.Collect$$rtentry$$00000004)
    .ARM.Collect$$rtentry$$00000009          0x0000016e   Section        0  __rtentry2.o(.ARM.Collect$$rtentry$$00000009)
    .ARM.Collect$$rtentry$$0000000A          0x0000016e   Section        4  __rtentry2.o(.ARM.Collect$$rtentry$$0000000A)
    .ARM.Collect$$rtentry$$0000000C          0x00000172   Section        0  __rtentry2.o(.ARM.Collect$$rtentry$$0000000C)
    .ARM.Collect$$rtentry$$0000000D          0x00000172   Section        8  __rtentry2.o(.ARM.Collect$$rtentry$$0000000D)
    .ARM.Collect$$rtexit$$00000000           0x0000017a   Section        2  rtexit.o(.ARM.Collect$$rtexit$$00000000)
    .ARM.Collect$$rtexit$$00000002           0x0000017c   Section        0  rtexit2.o(.ARM.Collect$$rtexit$$00000002)
    .ARM.Collect$$rtexit$$00000003           0x0000017c   Section        4  rtexit2.o(.ARM.Collect$$rtexit$$00000003)
    .ARM.Collect$$rtexit$$00000004           0x00000180   Section        6  rtexit2.o(.ARM.Collect$$rtexit$$00000004)
    .emb_text                                0x00000188   Section       56  rt_memcpy.o(.emb_text)
    .text                                    0x000001c0   Section        2  use_no_semi_2.o(.text)
    .text                                    0x000001c4   Section        0  noretval__2printf.o(.text)
    .text                                    0x000001e0   Section        0  heapauxi.o(.text)
    .text                                    0x000001e6   Section        2  use_no_semi.o(.text)
    .text                                    0x000001e8   Section        0  ferror.o(.text)
    .text                                    0x000001f0   Section        0  exit.o(.text)
    .ARM.__at_0x00000200                     0x00000200   Section        0  save.o(.ARM.__at_0x00000200)
    .text                                    0x00000214   Section       88  startup_hc32l13x.o(.text)
    .text                                    0x0000026c   Section        0  rt_memclr.o(.text)
    .text                                    0x000002ac   Section      346  aeabi_sdiv.o(.text)
    .text                                    0x00000408   Section        0  fdiv.o(.text)
    .text                                    0x00000568   Section        0  ffixui.o(.text)
    .text                                    0x00000598   Section        0  fflti.o(.text)
    .text                                    0x000005f8   Section        0  _printf_char_file.o(.text)
    .text                                    0x00000620   Section        0  _printf_char_common.o(.text)
    _printf_input_char                       0x00000621   Thumb Code    10  _printf_char_common.o(.text)
    .text                                    0x00000650   Section       62  sys_stackheap_outer.o(.text)
    .text                                    0x0000068e   Section        0  __printf_nopercent.o(.text)
    .text                                    0x000006b4   Section        8  libspace.o(.text)
    i.$Sub$$main                             0x000006bc   Section        0  system_hc32l13x.o(i.$Sub$$main)
    i.ADC_IRQHandler                         0x000006cc   Section        0  interrupts_hc32l13x.o(i.ADC_IRQHandler)
    i.AdcCalculate                           0x00000708   Section        0  adcdriver.o(i.AdcCalculate)
    i.AdcInit                                0x0000073c   Section        0  adcdriver.o(i.AdcInit)
    i.Adc_CfgSqrChannel                      0x000007bc   Section        0  adc.o(i.Adc_CfgSqrChannel)
    i.Adc_ClrIrqStatus                       0x00000974   Section        0  adc.o(i.Adc_ClrIrqStatus)
    i.Adc_EnableIrq                          0x00000984   Section        0  adc.o(i.Adc_EnableIrq)
    i.Adc_GetSqrResult                       0x0000099c   Section        0  adc.o(i.Adc_GetSqrResult)
    i.Adc_Init                               0x000009ac   Section        0  adc.o(i.Adc_Init)
    i.Adc_SQR_Start                          0x00000a18   Section        0  adc.o(i.Adc_SQR_Start)
    i.Adc_SQR_Stop                           0x00000a24   Section        0  adc.o(i.Adc_SQR_Stop)
    i.Adc_SqrModeCfg                         0x00000a30   Section        0  adc.o(i.Adc_SqrModeCfg)
    i.Bgr_BgrEnable                          0x00000aa4   Section        0  bgr.o(i.Bgr_BgrEnable)
    i.CLKTRIM_IRQHandler                     0x00000ac0   Section        0  interrupts_hc32l13x.o(i.CLKTRIM_IRQHandler)
    i.ClrAllLcd                              0x00000ac2   Section        0  lcddriver.o(i.ClrAllLcd)
    i.DMAC_IRQHandler                        0x00000af2   Section        0  interrupts_hc32l13x.o(i.DMAC_IRQHandler)
    i.Display2NDInterface                    0x00000af4   Section        0  lcddriver.o(i.Display2NDInterface)
    i.DisplayMainInterface                   0x00000bf8   Section        0  lcddriver.o(i.DisplayMainInterface)
    i.Display_SubpageOfH6                    0x00000ebc   Section        0  lcddriver.o(i.Display_SubpageOfH6)
    i.Display_SubpageOfHx                    0x00000ff4   Section        0  lcddriver.o(i.Display_SubpageOfHx)
    i.EnableNvic                             0x00001214   Section        0  interrupts_hc32l13x.o(i.EnableNvic)
    i.FLASH_RAM_IRQHandler                   0x00001284   Section        0  interrupts_hc32l13x.o(i.FLASH_RAM_IRQHandler)
    i.Flash_Init                             0x00001288   Section        0  flash.o(i.Flash_Init)
    i.Flash_LockAll                          0x00001354   Section        0  flash.o(i.Flash_LockAll)
    i.Flash_SectorErase                      0x00001370   Section        0  flash.o(i.Flash_SectorErase)
    i.Flash_UnlockAll                        0x00001420   Section        0  flash.o(i.Flash_UnlockAll)
    i.Flash_WaitCycle                        0x00001440   Section        0  flash.o(i.Flash_WaitCycle)
    i.Flash_WriteByte                        0x00001474   Section        0  flash.o(i.Flash_WriteByte)
    i.GPIO_Init                              0x00001524   Section        0  init.o(i.GPIO_Init)
    i.GetBit                                 0x00001982   Section        0  ddl.o(i.GetBit)
    i.Gpio_ClrIO                             0x00001990   Section        0  gpio.o(i.Gpio_ClrIO)
    i.Gpio_GetInputIO                        0x000019ac   Section        0  gpio.o(i.Gpio_GetInputIO)
    i.Gpio_Init                              0x000019c4   Section        0  gpio.o(i.Gpio_Init)
    i.Gpio_SetAfMode                         0x00001a54   Section        0  gpio.o(i.Gpio_SetAfMode)
    i.Gpio_SetAnalogMode                     0x00001a68   Section        0  gpio.o(i.Gpio_SetAnalogMode)
    i.Gpio_SetIO                             0x00001a84   Section        0  gpio.o(i.Gpio_SetIO)
    i.HardFault_Handler                      0x00001aa0   Section        0  interrupts_hc32l13x.o(i.HardFault_Handler)
    i.I2C0_IRQHandler                        0x00001ab0   Section        0  interrupts_hc32l13x.o(i.I2C0_IRQHandler)
    i.I2C1_IRQHandler                        0x00001ab2   Section        0  interrupts_hc32l13x.o(i.I2C1_IRQHandler)
    i.Init_LED                               0x00001ab4   Section        0  init.o(i.Init_LED)
    i.KEY_Init                               0x00001b5a   Section        0  init.o(i.KEY_Init)
    i.LCD_IRQHandler                         0x00001ba2   Section        0  interrupts_hc32l13x.o(i.LCD_IRQHandler)
    i.LPTIM_IRQHandler                       0x00001ba4   Section        0  interrupts_hc32l13x.o(i.LPTIM_IRQHandler)
    i.LPTimerInit                            0x00001bcc   Section        0  init.o(i.LPTimerInit)
    i.LPUART0_IRQHandler                     0x00001c2c   Section        0  interrupts_hc32l13x.o(i.LPUART0_IRQHandler)
    i.LPUART1_IRQHandler                     0x00001c2e   Section        0  interrupts_hc32l13x.o(i.LPUART1_IRQHandler)
    i.LPUart_ClrStatus                       0x00001c30   Section        0  lpuart.o(i.LPUart_ClrStatus)
    i.LPUart_EnableFunc                      0x00001c46   Section        0  lpuart.o(i.LPUart_EnableFunc)
    i.LPUart_GetStatus                       0x00001c5a   Section        0  lpuart.o(i.LPUart_GetStatus)
    i.LPUart_Init                            0x00001c74   Section        0  lpuart.o(i.LPUart_Init)
    i.LPUart_SendData                        0x00001d0c   Section        0  lpuart.o(i.LPUart_SendData)
    i.LPuart1_Init                           0x00001d48   Section        0  init.o(i.LPuart1_Init)
    i.LVD_IRQHandler                         0x00001dd4   Section        0  interrupts_hc32l13x.o(i.LVD_IRQHandler)
    i.Logic                                  0x00001dd8   Section        0  logic.o(i.Logic)
    i.Lptim_ClrItStatus                      0x000025e4   Section        0  lptim.o(i.Lptim_ClrItStatus)
    i.Lptim_Cmd                              0x000025f6   Section        0  lptim.o(i.Lptim_Cmd)
    i.Lptim_ConfIt                           0x0000260a   Section        0  lptim.o(i.Lptim_ConfIt)
    i.Lptim_GetItStatus                      0x0000261e   Section        0  lptim.o(i.Lptim_GetItStatus)
    i.Lptim_Init                             0x0000262e   Section        0  lptim.o(i.Lptim_Init)
    i.MsgPost                                0x000026d8   Section        0  framework.o(i.MsgPost)
    i.PCA_IRQHandler                         0x00002704   Section        0  interrupts_hc32l13x.o(i.PCA_IRQHandler)
    i.PCNT_IRQHandler                        0x00002706   Section        0  interrupts_hc32l13x.o(i.PCNT_IRQHandler)
    i.PORTA_IRQHandler                       0x00002708   Section        0  interrupts_hc32l13x.o(i.PORTA_IRQHandler)
    i.PORTB_IRQHandler                       0x0000270a   Section        0  interrupts_hc32l13x.o(i.PORTB_IRQHandler)
    i.PORTC_IRQHandler                       0x0000270c   Section        0  interrupts_hc32l13x.o(i.PORTC_IRQHandler)
    i.PORTD_IRQHandler                       0x0000270e   Section        0  interrupts_hc32l13x.o(i.PORTD_IRQHandler)
    i.ParaInit                               0x00002710   Section        0  init.o(i.ParaInit)
    i.RTC_IRQHandler                         0x00002758   Section        0  interrupts_hc32l13x.o(i.RTC_IRQHandler)
    i.SPI0_IRQHandler                        0x0000275a   Section        0  interrupts_hc32l13x.o(i.SPI0_IRQHandler)
    i.SPI1_IRQHandler                        0x0000275c   Section        0  interrupts_hc32l13x.o(i.SPI1_IRQHandler)
    i.SPI_Init                               0x00002760   Section        0  init.o(i.SPI_Init)
    i.SPI_Send_Data                          0x000027dc   Section        0  init.o(i.SPI_Send_Data)
    i.Screen                                 0x0000280c   Section        0  lcddriver.o(i.Screen)
    i.SetBit                                 0x00002854   Section        0  ddl.o(i.SetBit)
    i.SetLogicPrio                           0x00002874   Section        0  logic.o(i.SetLogicPrio)
    i.Spi_GetStatus                          0x00002898   Section        0  spi.o(i.Spi_GetStatus)
    i.Spi_Init                               0x000028aa   Section        0  spi.o(i.Spi_Init)
    i.Spi_SendData                           0x000028ca   Section        0  spi.o(i.Spi_SendData)
    i.Spi_SetCS                              0x000028d2   Section        0  spi.o(i.Spi_SetCS)
    i.SysClockInit                           0x000028d6   Section        0  init.o(i.SysClockInit)
    i.SysParameterInit                       0x00002904   Section        0  init.o(i.SysParameterInit)
    i.SysTick_Handler                        0x00002934   Section        0  interrupts_hc32l13x.o(i.SysTick_Handler)
    i.Sysctrl_ClkInit                        0x0000293c   Section        0  sysctrl.o(i.Sysctrl_ClkInit)
    i.Sysctrl_ClkSourceEnable                0x000029a8   Section        0  sysctrl.o(i.Sysctrl_ClkSourceEnable)
    i.Sysctrl_GetHClkFreq                    0x00002b14   Section        0  sysctrl.o(i.Sysctrl_GetHClkFreq)
    i.Sysctrl_GetPClkFreq                    0x00002c88   Section        0  sysctrl.o(i.Sysctrl_GetPClkFreq)
    i.Sysctrl_SetHCLKDiv                     0x00002ca8   Section        0  sysctrl.o(i.Sysctrl_SetHCLKDiv)
    i.Sysctrl_SetPCLKDiv                     0x00002cd0   Section        0  sysctrl.o(i.Sysctrl_SetPCLKDiv)
    i.Sysctrl_SetPLLStableTime               0x00002cf8   Section        0  sysctrl.o(i.Sysctrl_SetPLLStableTime)
    i.Sysctrl_SetPeripheralGate              0x00002d1c   Section        0  sysctrl.o(i.Sysctrl_SetPeripheralGate)
    i.Sysctrl_SetRCHTrim                     0x00002d34   Section        0  sysctrl.o(i.Sysctrl_SetRCHTrim)
    i.Sysctrl_SetRCLStableTime               0x00002d5c   Section        0  sysctrl.o(i.Sysctrl_SetRCLStableTime)
    i.Sysctrl_SetRTCAdjustClkFreq            0x00002d80   Section        0  sysctrl.o(i.Sysctrl_SetRTCAdjustClkFreq)
    i.Sysctrl_SetXTHStableTime               0x00002da8   Section        0  sysctrl.o(i.Sysctrl_SetXTHStableTime)
    i.Sysctrl_SetXTLStableTime               0x00002dc8   Section        0  sysctrl.o(i.Sysctrl_SetXTLStableTime)
    i.Sysctrl_SysClkSwitch                   0x00002de8   Section        0  sysctrl.o(i.Sysctrl_SysClkSwitch)
    i.Sysctrl_XTHDriverCfg                   0x00002e14   Section        0  sysctrl.o(i.Sysctrl_XTHDriverCfg)
    i.Sysctrl_XTLDriverCfg                   0x00002e30   Section        0  sysctrl.o(i.Sysctrl_XTLDriverCfg)
    i.SystemCoreClockUpdate                  0x00002e64   Section        0  system_hc32l13x.o(i.SystemCoreClockUpdate)
    i.SystemInit                             0x00002e74   Section        0  system_hc32l13x.o(i.SystemInit)
    i.TIM0_IRQHandler                        0x00002eb4   Section        0  interrupts_hc32l13x.o(i.TIM0_IRQHandler)
    i.TIM1_IRQHandler                        0x00002eb6   Section        0  interrupts_hc32l13x.o(i.TIM1_IRQHandler)
    i.TIM2_IRQHandler                        0x00002eb8   Section        0  interrupts_hc32l13x.o(i.TIM2_IRQHandler)
    i.TIM3_IRQHandler                        0x00002ebc   Section        0  interrupts_hc32l13x.o(i.TIM3_IRQHandler)
    i.TIM4_IRQHandler                        0x00002ee0   Section        0  interrupts_hc32l13x.o(i.TIM4_IRQHandler)
    i.TIM5_IRQHandler                        0x00002ee2   Section        0  interrupts_hc32l13x.o(i.TIM5_IRQHandler)
    i.TIM6_IRQHandler                        0x00002ee4   Section        0  interrupts_hc32l13x.o(i.TIM6_IRQHandler)
    i.TaskKey                                0x00002ee8   Section        0  scankey.o(i.TaskKey)
    i.ThreadScheduler                        0x0000302c   Section        0  framework.o(i.ThreadScheduler)
    i.Tim3_ClearIntFlag                      0x000030b0   Section        0  timer3.o(i.Tim3_ClearIntFlag)
    i.Tim3_GetIntFlag                        0x000030c4   Section        0  timer3.o(i.Tim3_GetIntFlag)
    i.Tim3_M0_ARRSet                         0x000030dc   Section        0  timer3.o(i.Tim3_M0_ARRSet)
    i.Tim3_M0_Cnt16Set                       0x000030f8   Section        0  timer3.o(i.Tim3_M0_Cnt16Set)
    i.Tim3_M0_Run                            0x00003114   Section        0  timer3.o(i.Tim3_M0_Run)
    i.Tim3_Mode0_EnableIrq                   0x0000312c   Section        0  timer3.o(i.Tim3_Mode0_EnableIrq)
    i.Tim3_Mode0_Init                        0x00003144   Section        0  timer3.o(i.Tim3_Mode0_Init)
    i.Timer3Init                             0x000031f0   Section        0  init.o(i.Timer3Init)
    i.TimerFunction                          0x0000324c   Section        0  rtcfun.o(i.TimerFunction)
    i.UART0_IRQHandler                       0x000032a8   Section        0  interrupts_hc32l13x.o(i.UART0_IRQHandler)
    i.UART1_IRQHandler                       0x000032aa   Section        0  interrupts_hc32l13x.o(i.UART1_IRQHandler)
    i.VC0_IRQHandler                         0x000032ac   Section        0  interrupts_hc32l13x.o(i.VC0_IRQHandler)
    i.VC1_IRQHandler                         0x000032ae   Section        0  interrupts_hc32l13x.o(i.VC1_IRQHandler)
    i.WDT_IRQHandler                         0x000032b0   Section        0  interrupts_hc32l13x.o(i.WDT_IRQHandler)
    i.Wdt_Feed                               0x000032b4   Section        0  wdt.o(i.Wdt_Feed)
    i.WorkStateTran                          0x000032c4   Section        0  logic.o(i.WorkStateTran)
    i._HidePinInit                           0x000032d0   Section        0  system_hc32l13x.o(i._HidePinInit)
    _HidePinInit                             0x000032d1   Thumb Code    24  system_hc32l13x.o(i._HidePinInit)
    i._SysctrlUnlock                         0x000032ec   Section        0  sysctrl.o(i._SysctrlUnlock)
    _SysctrlUnlock                           0x000032ed   Thumb Code    12  sysctrl.o(i._SysctrlUnlock)
    i.__ARM_common_switch8                   0x00003304   Section        0  sysctrl.o(i.__ARM_common_switch8)
    i.__NVIC_SetPriority                     0x00003320   Section        0  interrupts_hc32l13x.o(i.__NVIC_SetPriority)
    __NVIC_SetPriority                       0x00003321   Thumb Code   110  interrupts_hc32l13x.o(i.__NVIC_SetPriority)
    i._sys_exit                              0x00003398   Section        0  ddl.o(i._sys_exit)
    i.ddl_memclr                             0x0000339c   Section        0  ddl.o(i.ddl_memclr)
    i.delay10us                              0x000033bc   Section        0  ddl.o(i.delay10us)
    i.delay1ms                               0x00003418   Section        0  ddl.o(i.delay1ms)
    i.fputc                                  0x00003470   Section        0  init.o(i.fputc)
    i.main                                   0x00003494   Section        0  main.o(i.main)
    x$fpl$fadd                               0x00003500   Section      140  faddsub.o(x$fpl$fadd)
    _fadd1                                   0x0000350d   Thumb Code     0  faddsub.o(x$fpl$fadd)
    x$fpl$fsub                               0x0000358c   Section      208  faddsub.o(x$fpl$fsub)
    _fsub1                                   0x00003599   Thumb Code     0  faddsub.o(x$fpl$fsub)
    .constdata                               0x0000365c   Section       32  flash.o(.constdata)
    x$fpl$usenofp                            0x0000365c   Section        0  usenofp.o(x$fpl$usenofp)
    .constdata                               0x0000367c   Section       12  lpuart.o(.constdata)
    .constdata                               0x00003688   Section       24  sysctrl.o(.constdata)
    .constdata                               0x000036a0   Section       25  framework.o(.constdata)
    .constdata                               0x000036b9   Section       64  fdiv.o(.constdata)
    fdiv_tab                                 0x000036b9   Data          64  fdiv.o(.constdata)
    .data                                    0x20000000   Section        2  global_variable.o(.data)
    .data                                    0x20000004   Section        4  ddl.o(.data)
    .data                                    0x20000008   Section        4  system_hc32l13x.o(.data)
    .data                                    0x2000000c   Section        9  framework.o(.data)
    .data                                    0x20000016   Section        2  adcdriver.o(.data)
    .data                                    0x20000018   Section        8  logic.o(.data)
    gDispState                               0x20000018   Data           1  logic.o(.data)
    .data                                    0x20000020   Section        6  scankey.o(.data)
    menukeycnt                               0x20000020   Data           1  scankey.o(.data)
    upkeycnt                                 0x20000021   Data           1  scankey.o(.data)
    downkeycnt                               0x20000022   Data           1  scankey.o(.data)
    enterkeycnt                              0x20000023   Data           1  scankey.o(.data)
    .data                                    0x20000026   Section       28  lcddriver.o(.data)
    SegSelect                                0x20000029   Data           1  lcddriver.o(.data)
    table                                    0x2000002b   Data          10  lcddriver.o(.data)
    table2                                   0x20000035   Data           9  lcddriver.o(.data)
    LEDFlashCnt                              0x2000003e   Data           2  lcddriver.o(.data)
    DigitalFlashCnt                          0x20000040   Data           1  lcddriver.o(.data)
    DigitalFlashCnt                          0x20000041   Data           1  lcddriver.o(.data)
    .data                                    0x20000044   Section        8  save.o(.data)
    u32FlashTestFlag                         0x20000048   Data           4  save.o(.data)
    .bss                                     0x2000004c   Section       14  global_variable.o(.bss)
    .bss                                     0x2000005a   Section       11  rtcfun.o(.bss)
    .bss                                     0x20000068   Section       96  libspace.o(.bss)
    HEAP                                     0x200000c8   Section      512  startup_hc32l13x.o(HEAP)
    Heap_Mem                                 0x200000c8   Data         512  startup_hc32l13x.o(HEAP)
    STACK                                    0x200002c8   Section      512  startup_hc32l13x.o(STACK)
    Stack_Mem                                0x200002c8   Data         512  startup_hc32l13x.o(STACK)
    __initial_sp                             0x200004c8   Data           0  startup_hc32l13x.o(STACK)

    Global Symbols

    Symbol Name                              Value     Ov Type        Size  Object(Section)

    BuildAttributes$$THM_ISAv3M$S$PE$A:L22$X:L11$S22$IEEE1$IW$USESV6$~STKCKD$USESV7$~SHL$OSPACE$ROPI$EBA8$UX$STANDARDLIB$REQ8$PRES8$EABIv2 0x00000000   Number         0  anon$$obj.o ABSOLUTE
    __ARM_use_no_argv                        0x00000000   Number         0  main.o ABSOLUTE
    __Vectors                                0x00000000   Data           0  startup_hc32l13x.o(RESET)
    SysTick_IRQHandler                        - Undefined Weak Reference
    __ARM_exceptions_init                     - Undefined Weak Reference
    __alloca_initialize                       - Undefined Weak Reference
    __arm_preinit_                            - Undefined Weak Reference
    __cpp_initialize__aeabi_                  - Undefined Weak Reference
    __cxa_finalize                            - Undefined Weak Reference
    __rt_locale                               - Undefined Weak Reference
    __sigvec_lookup                           - Undefined Weak Reference
    _atexit_init                              - Undefined Weak Reference
    _call_atexit_fns                          - Undefined Weak Reference
    _clock_init                               - Undefined Weak Reference
    _fp_trap_init                             - Undefined Weak Reference
    _fp_trap_shutdown                         - Undefined Weak Reference
    _get_lc_collate                           - Undefined Weak Reference
    _get_lc_ctype                             - Undefined Weak Reference
    _get_lc_monetary                          - Undefined Weak Reference
    _get_lc_numeric                           - Undefined Weak Reference
    _get_lc_time                              - Undefined Weak Reference
    _getenv_init                              - Undefined Weak Reference
    _handle_redirection                       - Undefined Weak Reference
    _init_alloc                               - Undefined Weak Reference
    _init_user_alloc                          - Undefined Weak Reference
    _initio                                   - Undefined Weak Reference
    _mutex_acquire                            - Undefined Weak Reference
    _mutex_release                            - Undefined Weak Reference
    _rand_init                                - Undefined Weak Reference
    _signal_finish                            - Undefined Weak Reference
    _signal_init                              - Undefined Weak Reference
    _terminate_alloc                          - Undefined Weak Reference
    _terminate_user_alloc                     - Undefined Weak Reference
    _terminateio                              - Undefined Weak Reference
    __Vectors_End                            0x000000c0   Data           0  startup_hc32l13x.o(RESET)
    __Vectors_Size                           0x000000c0   Number         0  startup_hc32l13x.o ABSOLUTE
    __main                                   0x000000c1   Thumb Code     8  __main.o(!!!main)
    __scatterload_copy                       0x000000c9   Thumb Code    26  __scatter_copy.o(!!handler_copy)
    __scatterload_zeroinit                   0x000000e5   Thumb Code    28  __scatter_zi.o(!!handler_zi)
    Flash_Write                              0x00000101   Thumb Code    34  save.o(.ARM.__at_0x00000100)
    __scatterload                            0x00000125   Thumb Code     0  __scatter.o(!!!scatter)
    __scatterload_rt2                        0x00000125   Thumb Code    52  __scatter.o(!!!scatter)
    __scatterload_rt2_thumb_only             0x00000125   Thumb Code     0  __scatter.o(!!!scatter)
    __scatterload_null                       0x00000135   Thumb Code     0  __scatter.o(!!!scatter)
    __rt_lib_init                            0x00000161   Thumb Code     0  libinit.o(.ARM.Collect$$libinit$$00000000)
    __rt_lib_init_alloca_1                   0x00000163   Thumb Code     0  libinit2.o(.ARM.Collect$$libinit$$0000002E)
    __rt_lib_init_argv_1                     0x00000163   Thumb Code     0  libinit2.o(.ARM.Collect$$libinit$$0000002C)
    __rt_lib_init_atexit_1                   0x00000163   Thumb Code     0  libinit2.o(.ARM.Collect$$libinit$$0000001B)
    __rt_lib_init_clock_1                    0x00000163   Thumb Code     0  libinit2.o(.ARM.Collect$$libinit$$00000021)
    __rt_lib_init_cpp_1                      0x00000163   Thumb Code     0  libinit2.o(.ARM.Collect$$libinit$$00000032)
    __rt_lib_init_exceptions_1               0x00000163   Thumb Code     0  libinit2.o(.ARM.Collect$$libinit$$00000030)
    __rt_lib_init_fp_1                       0x00000163   Thumb Code     0  libinit2.o(.ARM.Collect$$libinit$$00000002)
    __rt_lib_init_fp_trap_1                  0x00000163   Thumb Code     0  libinit2.o(.ARM.Collect$$libinit$$0000001F)
    __rt_lib_init_getenv_1                   0x00000163   Thumb Code     0  libinit2.o(.ARM.Collect$$libinit$$00000023)
    __rt_lib_init_heap_1                     0x00000163   Thumb Code     0  libinit2.o(.ARM.Collect$$libinit$$0000000A)
    __rt_lib_init_lc_collate_1               0x00000163   Thumb Code     0  libinit2.o(.ARM.Collect$$libinit$$00000011)
    __rt_lib_init_lc_ctype_1                 0x00000163   Thumb Code     0  libinit2.o(.ARM.Collect$$libinit$$00000013)
    __rt_lib_init_lc_monetary_1              0x00000163   Thumb Code     0  libinit2.o(.ARM.Collect$$libinit$$00000015)
    __rt_lib_init_lc_numeric_1               0x00000163   Thumb Code     0  libinit2.o(.ARM.Collect$$libinit$$00000017)
    __rt_lib_init_lc_time_1                  0x00000163   Thumb Code     0  libinit2.o(.ARM.Collect$$libinit$$00000019)
    __rt_lib_init_preinit_1                  0x00000163   Thumb Code     0  libinit2.o(.ARM.Collect$$libinit$$00000004)
    __rt_lib_init_rand_1                     0x00000163   Thumb Code     0  libinit2.o(.ARM.Collect$$libinit$$0000000E)
    __rt_lib_init_return                     0x00000163   Thumb Code     0  libinit2.o(.ARM.Collect$$libinit$$00000033)
    __rt_lib_init_signal_1                   0x00000163   Thumb Code     0  libinit2.o(.ARM.Collect$$libinit$$0000001D)
    __rt_lib_init_stdio_1                    0x00000163   Thumb Code     0  libinit2.o(.ARM.Collect$$libinit$$00000025)
    __rt_lib_init_user_alloc_1               0x00000163   Thumb Code     0  libinit2.o(.ARM.Collect$$libinit$$0000000C)
    __rt_lib_shutdown                        0x00000165   Thumb Code     0  libshutdown.o(.ARM.Collect$$libshutdown$$00000000)
    __rt_lib_shutdown_cpp_1                  0x00000167   Thumb Code     0  libshutdown2.o(.ARM.Collect$$libshutdown$$00000002)
    __rt_lib_shutdown_fp_trap_1              0x00000167   Thumb Code     0  libshutdown2.o(.ARM.Collect$$libshutdown$$00000007)
    __rt_lib_shutdown_heap_1                 0x00000167   Thumb Code     0  libshutdown2.o(.ARM.Collect$$libshutdown$$0000000F)
    __rt_lib_shutdown_return                 0x00000167   Thumb Code     0  libshutdown2.o(.ARM.Collect$$libshutdown$$00000010)
    __rt_lib_shutdown_signal_1               0x00000167   Thumb Code     0  libshutdown2.o(.ARM.Collect$$libshutdown$$0000000A)
    __rt_lib_shutdown_stdio_1                0x00000167   Thumb Code     0  libshutdown2.o(.ARM.Collect$$libshutdown$$00000004)
    __rt_lib_shutdown_user_alloc_1           0x00000167   Thumb Code     0  libshutdown2.o(.ARM.Collect$$libshutdown$$0000000C)
    __rt_entry                               0x00000169   Thumb Code     0  __rtentry.o(.ARM.Collect$$rtentry$$00000000)
    __rt_entry_presh_1                       0x00000169   Thumb Code     0  __rtentry2.o(.ARM.Collect$$rtentry$$00000002)
    __rt_entry_sh                            0x00000169   Thumb Code     0  __rtentry4.o(.ARM.Collect$$rtentry$$00000004)
    __rt_entry_li                            0x0000016f   Thumb Code     0  __rtentry2.o(.ARM.Collect$$rtentry$$0000000A)
    __rt_entry_postsh_1                      0x0000016f   Thumb Code     0  __rtentry2.o(.ARM.Collect$$rtentry$$00000009)
    __rt_entry_main                          0x00000173   Thumb Code     0  __rtentry2.o(.ARM.Collect$$rtentry$$0000000D)
    __rt_entry_postli_1                      0x00000173   Thumb Code     0  __rtentry2.o(.ARM.Collect$$rtentry$$0000000C)
    __rt_exit                                0x0000017b   Thumb Code     0  rtexit.o(.ARM.Collect$$rtexit$$00000000)
    __rt_exit_ls                             0x0000017d   Thumb Code     0  rtexit2.o(.ARM.Collect$$rtexit$$00000003)
    __rt_exit_prels_1                        0x0000017d   Thumb Code     0  rtexit2.o(.ARM.Collect$$rtexit$$00000002)
    __rt_exit_exit                           0x00000181   Thumb Code     0  rtexit2.o(.ARM.Collect$$rtexit$$00000004)
    __aeabi_memcpy4                          0x00000189   Thumb Code    56  rt_memcpy.o(.emb_text)
    __aeabi_memcpy8                          0x00000189   Thumb Code     0  rt_memcpy.o(.emb_text)
    __use_no_semihosting                     0x000001c1   Thumb Code     2  use_no_semi_2.o(.text)
    __2printf                                0x000001c5   Thumb Code    22  noretval__2printf.o(.text)
    __use_two_region_memory                  0x000001e1   Thumb Code     2  heapauxi.o(.text)
    __rt_heap_escrow$2region                 0x000001e3   Thumb Code     2  heapauxi.o(.text)
    __rt_heap_expand$2region                 0x000001e5   Thumb Code     2  heapauxi.o(.text)
    __I$use$semihosting                      0x000001e7   Thumb Code     0  use_no_semi.o(.text)
    __use_no_semihosting_swi                 0x000001e7   Thumb Code     2  use_no_semi.o(.text)
    ferror                                   0x000001e9   Thumb Code     8  ferror.o(.text)
    exit                                     0x000001f1   Thumb Code    16  exit.o(.text)
    Flash_Read                               0x00000201   Thumb Code    20  save.o(.ARM.__at_0x00000200)
    Reset_Handler                            0x00000215   Thumb Code    26  startup_hc32l13x.o(.text)
    NMI_Handler                              0x0000022f   Thumb Code     2  startup_hc32l13x.o(.text)
    SVC_Handler                              0x00000233   Thumb Code     2  startup_hc32l13x.o(.text)
    PendSV_Handler                           0x00000235   Thumb Code     2  startup_hc32l13x.o(.text)
    __user_initial_stackheap                 0x0000023d   Thumb Code     0  startup_hc32l13x.o(.text)
    _memset_w                                0x0000026d   Thumb Code    26  rt_memclr.o(.text)
    _memset                                  0x00000287   Thumb Code    30  rt_memclr.o(.text)
    __aeabi_memclr                           0x000002a5   Thumb Code     4  rt_memclr.o(.text)
    __rt_memclr                              0x000002a5   Thumb Code     0  rt_memclr.o(.text)
    __aeabi_memclr4                          0x000002a9   Thumb Code     0  rt_memclr.o(.text)
    __aeabi_memclr8                          0x000002a9   Thumb Code     0  rt_memclr.o(.text)
    __rt_memclr_w                            0x000002a9   Thumb Code     4  rt_memclr.o(.text)
    __aeabi_uidiv                            0x000002ad   Thumb Code     0  aeabi_sdiv.o(.text)
    __aeabi_uidivmod                         0x000002ad   Thumb Code    20  aeabi_sdiv.o(.text)
    __aeabi_idiv                             0x000002c1   Thumb Code     0  aeabi_sdiv.o(.text)
    __aeabi_idivmod                          0x000002c1   Thumb Code   326  aeabi_sdiv.o(.text)
    __aeabi_fdiv                             0x00000409   Thumb Code     0  fdiv.o(.text)
    _fdiv                                    0x00000409   Thumb Code   334  fdiv.o(.text)
    _frdiv                                   0x00000557   Thumb Code     8  fdiv.o(.text)
    __aeabi_f2uiz                            0x00000569   Thumb Code     0  ffixui.o(.text)
    _ffixu                                   0x00000569   Thumb Code    48  ffixui.o(.text)
    __aeabi_i2f_normalise                    0x00000599   Thumb Code    72  fflti.o(.text)
    __aeabi_i2f                              0x000005e1   Thumb Code    16  fflti.o(.text)
    _fflt                                    0x000005e1   Thumb Code     0  fflti.o(.text)
    __aeabi_ui2f                             0x000005f1   Thumb Code     6  fflti.o(.text)
    _ffltu                                   0x000005f1   Thumb Code     0  fflti.o(.text)
    _printf_char_file                        0x000005f9   Thumb Code    34  _printf_char_file.o(.text)
    _printf_char_common                      0x0000062b   Thumb Code    32  _printf_char_common.o(.text)
    __user_setup_stackheap                   0x00000651   Thumb Code    62  sys_stackheap_outer.o(.text)
    __printf                                 0x0000068f   Thumb Code    36  __printf_nopercent.o(.text)
    __user_libspace                          0x000006b5   Thumb Code     8  libspace.o(.text)
    __user_perproc_libspace                  0x000006b5   Thumb Code     0  libspace.o(.text)
    __user_perthread_libspace                0x000006b5   Thumb Code     0  libspace.o(.text)
    main                                     0x000006bd   Thumb Code    14  system_hc32l13x.o(i.$Sub$$main)
    ADC_IRQHandler                           0x000006cd   Thumb Code    50  interrupts_hc32l13x.o(i.ADC_IRQHandler)
    AdcCalculate                             0x00000709   Thumb Code    38  adcdriver.o(i.AdcCalculate)
    AdcInit                                  0x0000073d   Thumb Code   128  adcdriver.o(i.AdcInit)
    Adc_CfgSqrChannel                        0x000007bd   Thumb Code   436  adc.o(i.Adc_CfgSqrChannel)
    Adc_ClrIrqStatus                         0x00000975   Thumb Code    12  adc.o(i.Adc_ClrIrqStatus)
    Adc_EnableIrq                            0x00000985   Thumb Code    18  adc.o(i.Adc_EnableIrq)
    Adc_GetSqrResult                         0x0000099d   Thumb Code    10  adc.o(i.Adc_GetSqrResult)
    Adc_Init                                 0x000009ad   Thumb Code   102  adc.o(i.Adc_Init)
    Adc_SQR_Start                            0x00000a19   Thumb Code     8  adc.o(i.Adc_SQR_Start)
    Adc_SQR_Stop                             0x00000a25   Thumb Code     8  adc.o(i.Adc_SQR_Stop)
    Adc_SqrModeCfg                           0x00000a31   Thumb Code   112  adc.o(i.Adc_SqrModeCfg)
    Bgr_BgrEnable                            0x00000aa5   Thumb Code    22  bgr.o(i.Bgr_BgrEnable)
    CLKTRIM_IRQHandler                       0x00000ac1   Thumb Code     2  interrupts_hc32l13x.o(i.CLKTRIM_IRQHandler)
    ClrAllLcd                                0x00000ac3   Thumb Code    48  lcddriver.o(i.ClrAllLcd)
    DMAC_IRQHandler                          0x00000af3   Thumb Code     2  interrupts_hc32l13x.o(i.DMAC_IRQHandler)
    Display2NDInterface                      0x00000af5   Thumb Code   248  lcddriver.o(i.Display2NDInterface)
    DisplayMainInterface                     0x00000bf9   Thumb Code   674  lcddriver.o(i.DisplayMainInterface)
    Display_SubpageOfH6                      0x00000ebd   Thumb Code   298  lcddriver.o(i.Display_SubpageOfH6)
    Display_SubpageOfHx                      0x00000ff5   Thumb Code   522  lcddriver.o(i.Display_SubpageOfHx)
    EnableNvic                               0x00001215   Thumb Code   104  interrupts_hc32l13x.o(i.EnableNvic)
    FLASH_RAM_IRQHandler                     0x00001285   Thumb Code     2  interrupts_hc32l13x.o(i.FLASH_RAM_IRQHandler)
    Flash_Init                               0x00001289   Thumb Code   188  flash.o(i.Flash_Init)
    Flash_LockAll                            0x00001355   Thumb Code    16  flash.o(i.Flash_LockAll)
    Flash_SectorErase                        0x00001371   Thumb Code   158  flash.o(i.Flash_SectorErase)
    Flash_UnlockAll                          0x00001421   Thumb Code    18  flash.o(i.Flash_UnlockAll)
    Flash_WaitCycle                          0x00001441   Thumb Code    38  flash.o(i.Flash_WaitCycle)
    Flash_WriteByte                          0x00001475   Thumb Code   158  flash.o(i.Flash_WriteByte)
    GPIO_Init                                0x00001525   Thumb Code  1118  init.o(i.GPIO_Init)
    GetBit                                   0x00001983   Thumb Code    12  ddl.o(i.GetBit)
    Gpio_ClrIO                               0x00001991   Thumb Code    22  gpio.o(i.Gpio_ClrIO)
    Gpio_GetInputIO                          0x000019ad   Thumb Code    18  gpio.o(i.Gpio_GetInputIO)
    Gpio_Init                                0x000019c5   Thumb Code   130  gpio.o(i.Gpio_Init)
    Gpio_SetAfMode                           0x00001a55   Thumb Code    16  gpio.o(i.Gpio_SetAfMode)
    Gpio_SetAnalogMode                       0x00001a69   Thumb Code    22  gpio.o(i.Gpio_SetAnalogMode)
    Gpio_SetIO                               0x00001a85   Thumb Code    22  gpio.o(i.Gpio_SetIO)
    HardFault_Handler                        0x00001aa1   Thumb Code    16  interrupts_hc32l13x.o(i.HardFault_Handler)
    I2C0_IRQHandler                          0x00001ab1   Thumb Code     2  interrupts_hc32l13x.o(i.I2C0_IRQHandler)
    I2C1_IRQHandler                          0x00001ab3   Thumb Code     2  interrupts_hc32l13x.o(i.I2C1_IRQHandler)
    Init_LED                                 0x00001ab5   Thumb Code   166  init.o(i.Init_LED)
    KEY_Init                                 0x00001b5b   Thumb Code    72  init.o(i.KEY_Init)
    LCD_IRQHandler                           0x00001ba3   Thumb Code     2  interrupts_hc32l13x.o(i.LCD_IRQHandler)
    LPTIM_IRQHandler                         0x00001ba5   Thumb Code    32  interrupts_hc32l13x.o(i.LPTIM_IRQHandler)
    LPTimerInit                              0x00001bcd   Thumb Code    86  init.o(i.LPTimerInit)
    LPUART0_IRQHandler                       0x00001c2d   Thumb Code     2  interrupts_hc32l13x.o(i.LPUART0_IRQHandler)
    LPUART1_IRQHandler                       0x00001c2f   Thumb Code     2  interrupts_hc32l13x.o(i.LPUART1_IRQHandler)
    LPUart_ClrStatus                         0x00001c31   Thumb Code    22  lpuart.o(i.LPUart_ClrStatus)
    LPUart_EnableFunc                        0x00001c47   Thumb Code    20  lpuart.o(i.LPUart_EnableFunc)
    LPUart_GetStatus                         0x00001c5b   Thumb Code    24  lpuart.o(i.LPUart_GetStatus)
    LPUart_Init                              0x00001c75   Thumb Code   148  lpuart.o(i.LPUart_Init)
    LPUart_SendData                          0x00001d0d   Thumb Code    58  lpuart.o(i.LPUart_SendData)
    LPuart1_Init                             0x00001d49   Thumb Code   136  init.o(i.LPuart1_Init)
    LVD_IRQHandler                           0x00001dd5   Thumb Code     2  interrupts_hc32l13x.o(i.LVD_IRQHandler)
    Logic                                    0x00001dd9   Thumb Code  2032  logic.o(i.Logic)
    Lptim_ClrItStatus                        0x000025e5   Thumb Code    18  lptim.o(i.Lptim_ClrItStatus)
    Lptim_Cmd                                0x000025f7   Thumb Code    20  lptim.o(i.Lptim_Cmd)
    Lptim_ConfIt                             0x0000260b   Thumb Code    20  lptim.o(i.Lptim_ConfIt)
    Lptim_GetItStatus                        0x0000261f   Thumb Code    16  lptim.o(i.Lptim_GetItStatus)
    Lptim_Init                               0x0000262f   Thumb Code   170  lptim.o(i.Lptim_Init)
    MsgPost                                  0x000026d9   Thumb Code    36  framework.o(i.MsgPost)
    PCA_IRQHandler                           0x00002705   Thumb Code     2  interrupts_hc32l13x.o(i.PCA_IRQHandler)
    PCNT_IRQHandler                          0x00002707   Thumb Code     2  interrupts_hc32l13x.o(i.PCNT_IRQHandler)
    PORTA_IRQHandler                         0x00002709   Thumb Code     2  interrupts_hc32l13x.o(i.PORTA_IRQHandler)
    PORTB_IRQHandler                         0x0000270b   Thumb Code     2  interrupts_hc32l13x.o(i.PORTB_IRQHandler)
    PORTC_IRQHandler                         0x0000270d   Thumb Code     2  interrupts_hc32l13x.o(i.PORTC_IRQHandler)
    PORTD_IRQHandler                         0x0000270f   Thumb Code     2  interrupts_hc32l13x.o(i.PORTD_IRQHandler)
    ParaInit                                 0x00002711   Thumb Code    62  init.o(i.ParaInit)
    RTC_IRQHandler                           0x00002759   Thumb Code     2  interrupts_hc32l13x.o(i.RTC_IRQHandler)
    SPI0_IRQHandler                          0x0000275b   Thumb Code     2  interrupts_hc32l13x.o(i.SPI0_IRQHandler)
    SPI1_IRQHandler                          0x0000275d   Thumb Code     2  interrupts_hc32l13x.o(i.SPI1_IRQHandler)
    SPI_Init                                 0x00002761   Thumb Code   118  init.o(i.SPI_Init)
    SPI_Send_Data                            0x000027dd   Thumb Code    44  init.o(i.SPI_Send_Data)
    Screen                                   0x0000280d   Thumb Code    62  lcddriver.o(i.Screen)
    SetBit                                   0x00002855   Thumb Code    30  ddl.o(i.SetBit)
    SetLogicPrio                             0x00002875   Thumb Code    26  logic.o(i.SetLogicPrio)
    Spi_GetStatus                            0x00002899   Thumb Code    18  spi.o(i.Spi_GetStatus)
    Spi_Init                                 0x000028ab   Thumb Code    32  spi.o(i.Spi_Init)
    Spi_SendData                             0x000028cb   Thumb Code     8  spi.o(i.Spi_SendData)
    Spi_SetCS                                0x000028d3   Thumb Code     4  spi.o(i.Spi_SetCS)
    SysClockInit                             0x000028d7   Thumb Code    44  init.o(i.SysClockInit)
    SysParameterInit                         0x00002905   Thumb Code    42  init.o(i.SysParameterInit)
    SysTick_Handler                          0x00002935   Thumb Code     8  interrupts_hc32l13x.o(i.SysTick_Handler)
    Sysctrl_ClkInit                          0x0000293d   Thumb Code   106  sysctrl.o(i.Sysctrl_ClkInit)
    Sysctrl_ClkSourceEnable                  0x000029a9   Thumb Code   352  sysctrl.o(i.Sysctrl_ClkSourceEnable)
    Sysctrl_GetHClkFreq                      0x00002b15   Thumb Code   354  sysctrl.o(i.Sysctrl_GetHClkFreq)
    Sysctrl_GetPClkFreq                      0x00002c89   Thumb Code    28  sysctrl.o(i.Sysctrl_GetPClkFreq)
    Sysctrl_SetHCLKDiv                       0x00002ca9   Thumb Code    36  sysctrl.o(i.Sysctrl_SetHCLKDiv)
    Sysctrl_SetPCLKDiv                       0x00002cd1   Thumb Code    36  sysctrl.o(i.Sysctrl_SetPCLKDiv)
    Sysctrl_SetPLLStableTime                 0x00002cf9   Thumb Code    32  sysctrl.o(i.Sysctrl_SetPLLStableTime)
    Sysctrl_SetPeripheralGate                0x00002d1d   Thumb Code    20  sysctrl.o(i.Sysctrl_SetPeripheralGate)
    Sysctrl_SetRCHTrim                       0x00002d35   Thumb Code    32  sysctrl.o(i.Sysctrl_SetRCHTrim)
    Sysctrl_SetRCLStableTime                 0x00002d5d   Thumb Code    32  sysctrl.o(i.Sysctrl_SetRCLStableTime)
    Sysctrl_SetRTCAdjustClkFreq              0x00002d81   Thumb Code    36  sysctrl.o(i.Sysctrl_SetRTCAdjustClkFreq)
    Sysctrl_SetXTHStableTime                 0x00002da9   Thumb Code    28  sysctrl.o(i.Sysctrl_SetXTHStableTime)
    Sysctrl_SetXTLStableTime                 0x00002dc9   Thumb Code    28  sysctrl.o(i.Sysctrl_SetXTLStableTime)
    Sysctrl_SysClkSwitch                     0x00002de9   Thumb Code    40  sysctrl.o(i.Sysctrl_SysClkSwitch)
    Sysctrl_XTHDriverCfg                     0x00002e15   Thumb Code    24  sysctrl.o(i.Sysctrl_XTHDriverCfg)
    Sysctrl_XTLDriverCfg                     0x00002e31   Thumb Code    46  sysctrl.o(i.Sysctrl_XTLDriverCfg)
    SystemCoreClockUpdate                    0x00002e65   Thumb Code    12  system_hc32l13x.o(i.SystemCoreClockUpdate)
    SystemInit                               0x00002e75   Thumb Code    56  system_hc32l13x.o(i.SystemInit)
    TIM0_IRQHandler                          0x00002eb5   Thumb Code     2  interrupts_hc32l13x.o(i.TIM0_IRQHandler)
    TIM1_IRQHandler                          0x00002eb7   Thumb Code     2  interrupts_hc32l13x.o(i.TIM1_IRQHandler)
    TIM2_IRQHandler                          0x00002eb9   Thumb Code     2  interrupts_hc32l13x.o(i.TIM2_IRQHandler)
    TIM3_IRQHandler                          0x00002ebd   Thumb Code    32  interrupts_hc32l13x.o(i.TIM3_IRQHandler)
    TIM4_IRQHandler                          0x00002ee1   Thumb Code     2  interrupts_hc32l13x.o(i.TIM4_IRQHandler)
    TIM5_IRQHandler                          0x00002ee3   Thumb Code     2  interrupts_hc32l13x.o(i.TIM5_IRQHandler)
    TIM6_IRQHandler                          0x00002ee5   Thumb Code     2  interrupts_hc32l13x.o(i.TIM6_IRQHandler)
    TaskKey                                  0x00002ee9   Thumb Code   306  scankey.o(i.TaskKey)
    ThreadScheduler                          0x0000302d   Thumb Code   118  framework.o(i.ThreadScheduler)
    Tim3_ClearIntFlag                        0x000030b1   Thumb Code    16  timer3.o(i.Tim3_ClearIntFlag)
    Tim3_GetIntFlag                          0x000030c5   Thumb Code    18  timer3.o(i.Tim3_GetIntFlag)
    Tim3_M0_ARRSet                           0x000030dd   Thumb Code    22  timer3.o(i.Tim3_M0_ARRSet)
    Tim3_M0_Cnt16Set                         0x000030f9   Thumb Code    22  timer3.o(i.Tim3_M0_Cnt16Set)
    Tim3_M0_Run                              0x00003115   Thumb Code    18  timer3.o(i.Tim3_M0_Run)
    Tim3_Mode0_EnableIrq                     0x0000312d   Thumb Code    20  timer3.o(i.Tim3_Mode0_EnableIrq)
    Tim3_Mode0_Init                          0x00003145   Thumb Code   168  timer3.o(i.Tim3_Mode0_Init)
    Timer3Init                               0x000031f1   Thumb Code    88  init.o(i.Timer3Init)
    TimerFunction                            0x0000324d   Thumb Code    88  rtcfun.o(i.TimerFunction)
    UART0_IRQHandler                         0x000032a9   Thumb Code     2  interrupts_hc32l13x.o(i.UART0_IRQHandler)
    UART1_IRQHandler                         0x000032ab   Thumb Code     2  interrupts_hc32l13x.o(i.UART1_IRQHandler)
    VC0_IRQHandler                           0x000032ad   Thumb Code     2  interrupts_hc32l13x.o(i.VC0_IRQHandler)
    VC1_IRQHandler                           0x000032af   Thumb Code     2  interrupts_hc32l13x.o(i.VC1_IRQHandler)
    WDT_IRQHandler                           0x000032b1   Thumb Code     2  interrupts_hc32l13x.o(i.WDT_IRQHandler)
    Wdt_Feed                                 0x000032b5   Thumb Code    12  wdt.o(i.Wdt_Feed)
    WorkStateTran                            0x000032c5   Thumb Code     6  logic.o(i.WorkStateTran)
    __ARM_common_switch8                     0x00003305   Thumb Code    28  sysctrl.o(i.__ARM_common_switch8)
    _sys_exit                                0x00003399   Thumb Code     4  ddl.o(i._sys_exit)
    ddl_memclr                               0x0000339d   Thumb Code    32  ddl.o(i.ddl_memclr)
    delay10us                                0x000033bd   Thumb Code    74  ddl.o(i.delay10us)
    delay1ms                                 0x00003419   Thumb Code    76  ddl.o(i.delay1ms)
    fputc                                    0x00003471   Thumb Code    32  init.o(i.fputc)
    $Super$$main                             0x00003495   Thumb Code    68  main.o(i.main)
    __aeabi_fadd                             0x00003501   Thumb Code     0  faddsub.o(x$fpl$fadd)
    _fadd                                    0x00003501   Thumb Code   134  faddsub.o(x$fpl$fadd)
    __aeabi_fsub                             0x0000358d   Thumb Code     0  faddsub.o(x$fpl$fsub)
    _fsub                                    0x0000358d   Thumb Code   204  faddsub.o(x$fpl$fsub)
    __I$use$fp                               0x0000365c   Number         0  usenofp.o(x$fpl$usenofp)
    pu32PcgTimer4M                           0x0000365c   Data          32  flash.o(.constdata)
    PRIORITY_TABLE                           0x000036a0   Data          16  framework.o(.constdata)
    READY_CLR_AND                            0x000036b0   Data           9  framework.o(.constdata)
    Region$$Table$$Base                      0x000036fc   Number         0  anon$$obj.o(Region$$Table)
    Region$$Table$$Limit                     0x0000371c   Number         0  anon$$obj.o(Region$$Table)
    PressureValue                            0x20000000   Data           2  global_variable.o(.data)
    __stdout                                 0x20000004   Data           4  ddl.o(.data)
    SystemCoreClock                          0x20000008   Data           4  system_hc32l13x.o(.data)
    ThreadReadyList                          0x2000000c   Data           1  framework.o(.data)
    Msg                                      0x2000000d   Data           8  framework.o(.data)
    curADC                                   0x20000016   Data           2  adcdriver.o(.data)
    EditData                                 0x20000019   Data           4  logic.o(.data)
    WorkState                                0x2000001d   Data           1  logic.o(.data)
    gErrorBuf                                0x2000001e   Data           2  logic.o(.data)
    temp                                     0x20000024   Data           2  scankey.o(.data)
    gGui_State                               0x20000026   Data           1  lcddriver.o(.data)
    gGui_2nd_Num                             0x20000027   Data           1  lcddriver.o(.data)
    gGui_3rd_Num                             0x20000028   Data           1  lcddriver.o(.data)
    g_edit_area                              0x2000002a   Data           1  lcddriver.o(.data)
    flashInformationAddress                  0x20000044   Data           4  save.o(.data)
    SysParameter                             0x2000004c   Data          14  global_variable.o(.bss)
    TmrSecTab                                0x2000005a   Data          11  rtcfun.o(.bss)
    __libspace_start                         0x20000068   Data          96  libspace.o(.bss)
    __temporary_stack_top$libspace           0x200000c8   Data           0  libspace.o(.bss)



==============================================================================

Memory Map of the image

  Image Entry point : 0x000000c1

  Load Region LR_IROM1 (Base: 0x00000000, Size: 0x00003768, Max: 0x00010000, ABSOLUTE)

    Execution Region ER_IROM1 (Exec base: 0x00000000, Load base: 0x00000000, Size: 0x0000371c, Max: 0x00010000, ABSOLUTE)

    Exec Addr    Load Addr    Size         Type   Attr      Idx    E Section Name        Object

    0x00000000   0x00000000   0x000000c0   Data   RO         2210    RESET               startup_hc32l13x.o
    0x000000c0   0x000000c0   0x00000008   Code   RO         2554  * !!!main             c_p.l(__main.o)
    0x000000c8   0x000000c8   0x0000001a   Code   RO         2745    !!handler_copy      c_p.l(__scatter_copy.o)
    0x000000e2   0x000000e2   0x00000002   PAD
    0x000000e4   0x000000e4   0x0000001c   Code   RO         2747    !!handler_zi        c_p.l(__scatter_zi.o)
    0x00000100   0x00000100   0x00000022   Code   RO         2498    .ARM.__at_0x00000100  save.o
    0x00000122   0x00000122   0x00000002   PAD
    0x00000124   0x00000124   0x0000003c   Code   RO         2743    !!!scatter          c_p.l(__scatter.o)
    0x00000160   0x00000160   0x00000002   Code   RO         2618    .ARM.Collect$$libinit$$00000000  c_p.l(libinit.o)
    0x00000162   0x00000162   0x00000000   Code   RO         2632    .ARM.Collect$$libinit$$00000002  c_p.l(libinit2.o)
    0x00000162   0x00000162   0x00000000   Code   RO         2634    .ARM.Collect$$libinit$$00000004  c_p.l(libinit2.o)
    0x00000162   0x00000162   0x00000000   Code   RO         2637    .ARM.Collect$$libinit$$0000000A  c_p.l(libinit2.o)
    0x00000162   0x00000162   0x00000000   Code   RO         2639    .ARM.Collect$$libinit$$0000000C  c_p.l(libinit2.o)
    0x00000162   0x00000162   0x00000000   Code   RO         2641    .ARM.Collect$$libinit$$0000000E  c_p.l(libinit2.o)
    0x00000162   0x00000162   0x00000000   Code   RO         2644    .ARM.Collect$$libinit$$00000011  c_p.l(libinit2.o)
    0x00000162   0x00000162   0x00000000   Code   RO         2646    .ARM.Collect$$libinit$$00000013  c_p.l(libinit2.o)
    0x00000162   0x00000162   0x00000000   Code   RO         2648    .ARM.Collect$$libinit$$00000015  c_p.l(libinit2.o)
    0x00000162   0x00000162   0x00000000   Code   RO         2650    .ARM.Collect$$libinit$$00000017  c_p.l(libinit2.o)
    0x00000162   0x00000162   0x00000000   Code   RO         2652    .ARM.Collect$$libinit$$00000019  c_p.l(libinit2.o)
    0x00000162   0x00000162   0x00000000   Code   RO         2654    .ARM.Collect$$libinit$$0000001B  c_p.l(libinit2.o)
    0x00000162   0x00000162   0x00000000   Code   RO         2656    .ARM.Collect$$libinit$$0000001D  c_p.l(libinit2.o)
    0x00000162   0x00000162   0x00000000   Code   RO         2658    .ARM.Collect$$libinit$$0000001F  c_p.l(libinit2.o)
    0x00000162   0x00000162   0x00000000   Code   RO         2660    .ARM.Collect$$libinit$$00000021  c_p.l(libinit2.o)
    0x00000162   0x00000162   0x00000000   Code   RO         2662    .ARM.Collect$$libinit$$00000023  c_p.l(libinit2.o)
    0x00000162   0x00000162   0x00000000   Code   RO         2664    .ARM.Collect$$libinit$$00000025  c_p.l(libinit2.o)
    0x00000162   0x00000162   0x00000000   Code   RO         2668    .ARM.Collect$$libinit$$0000002C  c_p.l(libinit2.o)
    0x00000162   0x00000162   0x00000000   Code   RO         2670    .ARM.Collect$$libinit$$0000002E  c_p.l(libinit2.o)
    0x00000162   0x00000162   0x00000000   Code   RO         2672    .ARM.Collect$$libinit$$00000030  c_p.l(libinit2.o)
    0x00000162   0x00000162   0x00000000   Code   RO         2674    .ARM.Collect$$libinit$$00000032  c_p.l(libinit2.o)
    0x00000162   0x00000162   0x00000002   Code   RO         2675    .ARM.Collect$$libinit$$00000033  c_p.l(libinit2.o)
    0x00000164   0x00000164   0x00000002   Code   RO         2699    .ARM.Collect$$libshutdown$$00000000  c_p.l(libshutdown.o)
    0x00000166   0x00000166   0x00000000   Code   RO         2725    .ARM.Collect$$libshutdown$$00000002  c_p.l(libshutdown2.o)
    0x00000166   0x00000166   0x00000000   Code   RO         2727    .ARM.Collect$$libshutdown$$00000004  c_p.l(libshutdown2.o)
    0x00000166   0x00000166   0x00000000   Code   RO         2730    .ARM.Collect$$libshutdown$$00000007  c_p.l(libshutdown2.o)
    0x00000166   0x00000166   0x00000000   Code   RO         2733    .ARM.Collect$$libshutdown$$0000000A  c_p.l(libshutdown2.o)
    0x00000166   0x00000166   0x00000000   Code   RO         2735    .ARM.Collect$$libshutdown$$0000000C  c_p.l(libshutdown2.o)
    0x00000166   0x00000166   0x00000000   Code   RO         2738    .ARM.Collect$$libshutdown$$0000000F  c_p.l(libshutdown2.o)
    0x00000166   0x00000166   0x00000002   Code   RO         2739    .ARM.Collect$$libshutdown$$00000010  c_p.l(libshutdown2.o)
    0x00000168   0x00000168   0x00000000   Code   RO         2571    .ARM.Collect$$rtentry$$00000000  c_p.l(__rtentry.o)
    0x00000168   0x00000168   0x00000000   Code   RO         2580    .ARM.Collect$$rtentry$$00000002  c_p.l(__rtentry2.o)
    0x00000168   0x00000168   0x00000006   Code   RO         2592    .ARM.Collect$$rtentry$$00000004  c_p.l(__rtentry4.o)
    0x0000016e   0x0000016e   0x00000000   Code   RO         2582    .ARM.Collect$$rtentry$$00000009  c_p.l(__rtentry2.o)
    0x0000016e   0x0000016e   0x00000004   Code   RO         2583    .ARM.Collect$$rtentry$$0000000A  c_p.l(__rtentry2.o)
    0x00000172   0x00000172   0x00000000   Code   RO         2585    .ARM.Collect$$rtentry$$0000000C  c_p.l(__rtentry2.o)
    0x00000172   0x00000172   0x00000008   Code   RO         2586    .ARM.Collect$$rtentry$$0000000D  c_p.l(__rtentry2.o)
    0x0000017a   0x0000017a   0x00000002   Code   RO         2623    .ARM.Collect$$rtexit$$00000000  c_p.l(rtexit.o)
    0x0000017c   0x0000017c   0x00000000   Code   RO         2677    .ARM.Collect$$rtexit$$00000002  c_p.l(rtexit2.o)
    0x0000017c   0x0000017c   0x00000004   Code   RO         2678    .ARM.Collect$$rtexit$$00000003  c_p.l(rtexit2.o)
    0x00000180   0x00000180   0x00000006   Code   RO         2679    .ARM.Collect$$rtexit$$00000004  c_p.l(rtexit2.o)
    0x00000186   0x00000186   0x00000002   PAD
    0x00000188   0x00000188   0x00000038   Code   RO         2542    .emb_text           c_p.l(rt_memcpy.o)
    0x000001c0   0x000001c0   0x00000002   Code   RO         2536    .text               c_p.l(use_no_semi_2.o)
    0x000001c2   0x000001c2   0x00000002   PAD
    0x000001c4   0x000001c4   0x0000001c   Code   RO         2540    .text               c_p.l(noretval__2printf.o)
    0x000001e0   0x000001e0   0x00000006   Code   RO         2552    .text               c_p.l(heapauxi.o)
    0x000001e6   0x000001e6   0x00000002   Code   RO         2569    .text               c_p.l(use_no_semi.o)
    0x000001e8   0x000001e8   0x00000008   Code   RO         2598    .text               c_p.l(ferror.o)
    0x000001f0   0x000001f0   0x00000010   Code   RO         2607    .text               c_p.l(exit.o)
    0x00000200   0x00000200   0x00000014   Code   RO         2499    .ARM.__at_0x00000200  save.o
    0x00000214   0x00000214   0x00000058   Code   RO         2211    .text               startup_hc32l13x.o
    0x0000026c   0x0000026c   0x00000040   Code   RO         2546    .text               c_p.l(rt_memclr.o)
    0x000002ac   0x000002ac   0x0000015a   Code   RO         2548    .text               c_p.l(aeabi_sdiv.o)
    0x00000406   0x00000406   0x00000002   PAD
    0x00000408   0x00000408   0x00000160   Code   RO         2562    .text               fz_ps.l(fdiv.o)
    0x00000568   0x00000568   0x00000030   Code   RO         2565    .text               fz_ps.l(ffixui.o)
    0x00000598   0x00000598   0x0000005e   Code   RO         2567    .text               fz_ps.l(fflti.o)
    0x000005f6   0x000005f6   0x00000002   PAD
    0x000005f8   0x000005f8   0x00000028   Code   RO         2576    .text               c_p.l(_printf_char_file.o)
    0x00000620   0x00000620   0x00000030   Code   RO         2596    .text               c_p.l(_printf_char_common.o)
    0x00000650   0x00000650   0x0000003e   Code   RO         2602    .text               c_p.l(sys_stackheap_outer.o)
    0x0000068e   0x0000068e   0x00000024   Code   RO         2605    .text               c_p.l(__printf_nopercent.o)
    0x000006b2   0x000006b2   0x00000002   PAD
    0x000006b4   0x000006b4   0x00000008   Code   RO         2619    .text               c_p.l(libspace.o)
    0x000006bc   0x000006bc   0x0000000e   Code   RO         2217    i.$Sub$$main        system_hc32l13x.o
    0x000006ca   0x000006ca   0x00000002   PAD
    0x000006cc   0x000006cc   0x0000003c   Code   RO            3    i.ADC_IRQHandler    interrupts_hc32l13x.o
    0x00000708   0x00000708   0x00000034   Code   RO         2299    i.AdcCalculate      adcdriver.o
    0x0000073c   0x0000073c   0x00000080   Code   RO         2300    i.AdcInit           adcdriver.o
    0x000007bc   0x000007bc   0x000001b8   Code   RO         2036    i.Adc_CfgSqrChannel  adc.o
    0x00000974   0x00000974   0x00000010   Code   RO         2038    i.Adc_ClrIrqStatus  adc.o
    0x00000984   0x00000984   0x00000018   Code   RO         2042    i.Adc_EnableIrq     adc.o
    0x0000099c   0x0000099c   0x00000010   Code   RO         2047    i.Adc_GetSqrResult  adc.o
    0x000009ac   0x000009ac   0x0000006c   Code   RO         2048    i.Adc_Init          adc.o
    0x00000a18   0x00000a18   0x0000000c   Code   RO         2055    i.Adc_SQR_Start     adc.o
    0x00000a24   0x00000a24   0x0000000c   Code   RO         2056    i.Adc_SQR_Stop      adc.o
    0x00000a30   0x00000a30   0x00000074   Code   RO         2059    i.Adc_SqrModeCfg    adc.o
    0x00000aa4   0x00000aa4   0x0000001c   Code   RO         1997    i.Bgr_BgrEnable     bgr.o
    0x00000ac0   0x00000ac0   0x00000002   Code   RO            4    i.CLKTRIM_IRQHandler  interrupts_hc32l13x.o
    0x00000ac2   0x00000ac2   0x00000030   Code   RO         2393    i.ClrAllLcd         lcddriver.o
    0x00000af2   0x00000af2   0x00000002   Code   RO            5    i.DMAC_IRQHandler   interrupts_hc32l13x.o
    0x00000af4   0x00000af4   0x00000104   Code   RO         2394    i.Display2NDInterface  lcddriver.o
    0x00000bf8   0x00000bf8   0x000002c4   Code   RO         2395    i.DisplayMainInterface  lcddriver.o
    0x00000ebc   0x00000ebc   0x00000138   Code   RO         2397    i.Display_SubpageOfH6  lcddriver.o
    0x00000ff4   0x00000ff4   0x00000220   Code   RO         2398    i.Display_SubpageOfHx  lcddriver.o
    0x00001214   0x00001214   0x00000070   Code   RO            6    i.EnableNvic        interrupts_hc32l13x.o
    0x00001284   0x00001284   0x00000002   Code   RO            7    i.FLASH_RAM_IRQHandler  interrupts_hc32l13x.o
    0x00001286   0x00001286   0x00000002   PAD
    0x00001288   0x00001288   0x000000cc   Code   RO          539    i.Flash_Init        flash.o
    0x00001354   0x00001354   0x0000001c   Code   RO          540    i.Flash_LockAll     flash.o
    0x00001370   0x00001370   0x000000b0   Code   RO          542    i.Flash_SectorErase  flash.o
    0x00001420   0x00001420   0x00000020   Code   RO          543    i.Flash_UnlockAll   flash.o
    0x00001440   0x00001440   0x00000034   Code   RO          544    i.Flash_WaitCycle   flash.o
    0x00001474   0x00001474   0x000000b0   Code   RO          545    i.Flash_WriteByte   flash.o
    0x00001524   0x00001524   0x0000045e   Code   RO          394    i.GPIO_Init         init.o
    0x00001982   0x00001982   0x0000000c   Code   RO         1826    i.GetBit            ddl.o
    0x0000198e   0x0000198e   0x00000002   PAD
    0x00001990   0x00001990   0x0000001c   Code   RO          636    i.Gpio_ClrIO        gpio.o
    0x000019ac   0x000019ac   0x00000018   Code   RO          641    i.Gpio_GetInputIO   gpio.o
    0x000019c4   0x000019c4   0x00000090   Code   RO          643    i.Gpio_Init         gpio.o
    0x00001a54   0x00001a54   0x00000014   Code   RO          645    i.Gpio_SetAfMode    gpio.o
    0x00001a68   0x00001a68   0x0000001c   Code   RO          646    i.Gpio_SetAnalogMode  gpio.o
    0x00001a84   0x00001a84   0x0000001c   Code   RO          648    i.Gpio_SetIO        gpio.o
    0x00001aa0   0x00001aa0   0x00000010   Code   RO            8    i.HardFault_Handler  interrupts_hc32l13x.o
    0x00001ab0   0x00001ab0   0x00000002   Code   RO            9    i.I2C0_IRQHandler   interrupts_hc32l13x.o
    0x00001ab2   0x00001ab2   0x00000002   Code   RO           10    i.I2C1_IRQHandler   interrupts_hc32l13x.o
    0x00001ab4   0x00001ab4   0x000000a6   Code   RO          395    i.Init_LED          init.o
    0x00001b5a   0x00001b5a   0x00000048   Code   RO          396    i.KEY_Init          init.o
    0x00001ba2   0x00001ba2   0x00000002   Code   RO           11    i.LCD_IRQHandler    interrupts_hc32l13x.o
    0x00001ba4   0x00001ba4   0x00000028   Code   RO           12    i.LPTIM_IRQHandler  interrupts_hc32l13x.o
    0x00001bcc   0x00001bcc   0x00000060   Code   RO          397    i.LPTimerInit       init.o
    0x00001c2c   0x00001c2c   0x00000002   Code   RO           13    i.LPUART0_IRQHandler  interrupts_hc32l13x.o
    0x00001c2e   0x00001c2e   0x00000002   Code   RO           14    i.LPUART1_IRQHandler  interrupts_hc32l13x.o
    0x00001c30   0x00001c30   0x00000016   Code   RO          876    i.LPUart_ClrStatus  lpuart.o
    0x00001c46   0x00001c46   0x00000014   Code   RO          879    i.LPUart_EnableFunc  lpuart.o
    0x00001c5a   0x00001c5a   0x00000018   Code   RO          883    i.LPUart_GetStatus  lpuart.o
    0x00001c72   0x00001c72   0x00000002   PAD
    0x00001c74   0x00001c74   0x00000098   Code   RO          884    i.LPUart_Init       lpuart.o
    0x00001d0c   0x00001d0c   0x0000003a   Code   RO          887    i.LPUart_SendData   lpuart.o
    0x00001d46   0x00001d46   0x00000002   PAD
    0x00001d48   0x00001d48   0x0000008c   Code   RO          398    i.LPuart1_Init      init.o
    0x00001dd4   0x00001dd4   0x00000002   Code   RO           15    i.LVD_IRQHandler    interrupts_hc32l13x.o
    0x00001dd6   0x00001dd6   0x00000002   PAD
    0x00001dd8   0x00001dd8   0x0000080c   Code   RO         2331    i.Logic             logic.o
    0x000025e4   0x000025e4   0x00000012   Code   RO          831    i.Lptim_ClrItStatus  lptim.o
    0x000025f6   0x000025f6   0x00000014   Code   RO          832    i.Lptim_Cmd         lptim.o
    0x0000260a   0x0000260a   0x00000014   Code   RO          833    i.Lptim_ConfIt      lptim.o
    0x0000261e   0x0000261e   0x00000010   Code   RO          834    i.Lptim_GetItStatus  lptim.o
    0x0000262e   0x0000262e   0x000000aa   Code   RO          835    i.Lptim_Init        lptim.o
    0x000026d8   0x000026d8   0x0000002c   Code   RO         2260    i.MsgPost           framework.o
    0x00002704   0x00002704   0x00000002   Code   RO           16    i.PCA_IRQHandler    interrupts_hc32l13x.o
    0x00002706   0x00002706   0x00000002   Code   RO           17    i.PCNT_IRQHandler   interrupts_hc32l13x.o
    0x00002708   0x00002708   0x00000002   Code   RO           18    i.PORTA_IRQHandler  interrupts_hc32l13x.o
    0x0000270a   0x0000270a   0x00000002   Code   RO           19    i.PORTB_IRQHandler  interrupts_hc32l13x.o
    0x0000270c   0x0000270c   0x00000002   Code   RO           20    i.PORTC_IRQHandler  interrupts_hc32l13x.o
    0x0000270e   0x0000270e   0x00000002   Code   RO           21    i.PORTD_IRQHandler  interrupts_hc32l13x.o
    0x00002710   0x00002710   0x00000048   Code   RO          399    i.ParaInit          init.o
    0x00002758   0x00002758   0x00000002   Code   RO           22    i.RTC_IRQHandler    interrupts_hc32l13x.o
    0x0000275a   0x0000275a   0x00000002   Code   RO           23    i.SPI0_IRQHandler   interrupts_hc32l13x.o
    0x0000275c   0x0000275c   0x00000002   Code   RO           24    i.SPI1_IRQHandler   interrupts_hc32l13x.o
    0x0000275e   0x0000275e   0x00000002   PAD
    0x00002760   0x00002760   0x0000007c   Code   RO          400    i.SPI_Init          init.o
    0x000027dc   0x000027dc   0x00000030   Code   RO          401    i.SPI_Send_Data     init.o
    0x0000280c   0x0000280c   0x00000048   Code   RO         2400    i.Screen            lcddriver.o
    0x00002854   0x00002854   0x0000001e   Code   RO         1828    i.SetBit            ddl.o
    0x00002872   0x00002872   0x00000002   PAD
    0x00002874   0x00002874   0x00000024   Code   RO         2332    i.SetLogicPrio      logic.o
    0x00002898   0x00002898   0x00000012   Code   RO         1925    i.Spi_GetStatus     spi.o
    0x000028aa   0x000028aa   0x00000020   Code   RO         1926    i.Spi_Init          spi.o
    0x000028ca   0x000028ca   0x00000008   Code   RO         1930    i.Spi_SendData      spi.o
    0x000028d2   0x000028d2   0x00000004   Code   RO         1931    i.Spi_SetCS         spi.o
    0x000028d6   0x000028d6   0x0000002c   Code   RO          402    i.SysClockInit      init.o
    0x00002902   0x00002902   0x00000002   PAD
    0x00002904   0x00002904   0x00000030   Code   RO          403    i.SysParameterInit  init.o
    0x00002934   0x00002934   0x00000008   Code   RO           25    i.SysTick_Handler   interrupts_hc32l13x.o
    0x0000293c   0x0000293c   0x0000006a   Code   RO         1171    i.Sysctrl_ClkInit   sysctrl.o
    0x000029a6   0x000029a6   0x00000002   PAD
    0x000029a8   0x000029a8   0x0000016c   Code   RO         1172    i.Sysctrl_ClkSourceEnable  sysctrl.o
    0x00002b14   0x00002b14   0x00000174   Code   RO         1173    i.Sysctrl_GetHClkFreq  sysctrl.o
    0x00002c88   0x00002c88   0x00000020   Code   RO         1174    i.Sysctrl_GetPClkFreq  sysctrl.o
    0x00002ca8   0x00002ca8   0x00000028   Code   RO         1177    i.Sysctrl_SetHCLKDiv  sysctrl.o
    0x00002cd0   0x00002cd0   0x00000028   Code   RO         1178    i.Sysctrl_SetPCLKDiv  sysctrl.o
    0x00002cf8   0x00002cf8   0x00000024   Code   RO         1180    i.Sysctrl_SetPLLStableTime  sysctrl.o
    0x00002d1c   0x00002d1c   0x00000018   Code   RO         1181    i.Sysctrl_SetPeripheralGate  sysctrl.o
    0x00002d34   0x00002d34   0x00000028   Code   RO         1182    i.Sysctrl_SetRCHTrim  sysctrl.o
    0x00002d5c   0x00002d5c   0x00000024   Code   RO         1183    i.Sysctrl_SetRCLStableTime  sysctrl.o
    0x00002d80   0x00002d80   0x00000028   Code   RO         1185    i.Sysctrl_SetRTCAdjustClkFreq  sysctrl.o
    0x00002da8   0x00002da8   0x00000020   Code   RO         1187    i.Sysctrl_SetXTHStableTime  sysctrl.o
    0x00002dc8   0x00002dc8   0x00000020   Code   RO         1188    i.Sysctrl_SetXTLStableTime  sysctrl.o
    0x00002de8   0x00002de8   0x0000002c   Code   RO         1189    i.Sysctrl_SysClkSwitch  sysctrl.o
    0x00002e14   0x00002e14   0x0000001c   Code   RO         1190    i.Sysctrl_XTHDriverCfg  sysctrl.o
    0x00002e30   0x00002e30   0x00000034   Code   RO         1191    i.Sysctrl_XTLDriverCfg  sysctrl.o
    0x00002e64   0x00002e64   0x00000010   Code   RO         2218    i.SystemCoreClockUpdate  system_hc32l13x.o
    0x00002e74   0x00002e74   0x00000040   Code   RO         2219    i.SystemInit        system_hc32l13x.o
    0x00002eb4   0x00002eb4   0x00000002   Code   RO           26    i.TIM0_IRQHandler   interrupts_hc32l13x.o
    0x00002eb6   0x00002eb6   0x00000002   Code   RO           27    i.TIM1_IRQHandler   interrupts_hc32l13x.o
    0x00002eb8   0x00002eb8   0x00000002   Code   RO           28    i.TIM2_IRQHandler   interrupts_hc32l13x.o
    0x00002eba   0x00002eba   0x00000002   PAD
    0x00002ebc   0x00002ebc   0x00000024   Code   RO           29    i.TIM3_IRQHandler   interrupts_hc32l13x.o
    0x00002ee0   0x00002ee0   0x00000002   Code   RO           30    i.TIM4_IRQHandler   interrupts_hc32l13x.o
    0x00002ee2   0x00002ee2   0x00000002   Code   RO           31    i.TIM5_IRQHandler   interrupts_hc32l13x.o
    0x00002ee4   0x00002ee4   0x00000002   Code   RO           32    i.TIM6_IRQHandler   interrupts_hc32l13x.o
    0x00002ee6   0x00002ee6   0x00000002   PAD
    0x00002ee8   0x00002ee8   0x00000144   Code   RO         2369    i.TaskKey           scankey.o
    0x0000302c   0x0000302c   0x00000084   Code   RO         2262    i.ThreadScheduler   framework.o
    0x000030b0   0x000030b0   0x00000014   Code   RO         1325    i.Tim3_ClearIntFlag  timer3.o
    0x000030c4   0x000030c4   0x00000018   Code   RO         1326    i.Tim3_GetIntFlag   timer3.o
    0x000030dc   0x000030dc   0x0000001c   Code   RO         1327    i.Tim3_M0_ARRSet    timer3.o
    0x000030f8   0x000030f8   0x0000001c   Code   RO         1329    i.Tim3_M0_Cnt16Set  timer3.o
    0x00003114   0x00003114   0x00000018   Code   RO         1334    i.Tim3_M0_Run       timer3.o
    0x0000312c   0x0000312c   0x00000018   Code   RO         1368    i.Tim3_Mode0_EnableIrq  timer3.o
    0x00003144   0x00003144   0x000000ac   Code   RO         1369    i.Tim3_Mode0_Init   timer3.o
    0x000031f0   0x000031f0   0x0000005c   Code   RO          404    i.Timer3Init        init.o
    0x0000324c   0x0000324c   0x0000005c   Code   RO         2467    i.TimerFunction     rtcfun.o
    0x000032a8   0x000032a8   0x00000002   Code   RO           33    i.UART0_IRQHandler  interrupts_hc32l13x.o
    0x000032aa   0x000032aa   0x00000002   Code   RO           34    i.UART1_IRQHandler  interrupts_hc32l13x.o
    0x000032ac   0x000032ac   0x00000002   Code   RO           35    i.VC0_IRQHandler    interrupts_hc32l13x.o
    0x000032ae   0x000032ae   0x00000002   Code   RO           36    i.VC1_IRQHandler    interrupts_hc32l13x.o
    0x000032b0   0x000032b0   0x00000002   Code   RO           37    i.WDT_IRQHandler    interrupts_hc32l13x.o
    0x000032b2   0x000032b2   0x00000002   PAD
    0x000032b4   0x000032b4   0x00000010   Code   RO         1761    i.Wdt_Feed          wdt.o
    0x000032c4   0x000032c4   0x0000000c   Code   RO         2333    i.WorkStateTran     logic.o
    0x000032d0   0x000032d0   0x0000001c   Code   RO         2220    i._HidePinInit      system_hc32l13x.o
    0x000032ec   0x000032ec   0x00000018   Code   RO         1192    i._SysctrlUnlock    sysctrl.o
    0x00003304   0x00003304   0x0000001c   Code   RO         1317    i.__ARM_common_switch8  sysctrl.o
    0x00003320   0x00003320   0x00000078   Code   RO           38    i.__NVIC_SetPriority  interrupts_hc32l13x.o
    0x00003398   0x00003398   0x00000004   Code   RO         1830    i._sys_exit         ddl.o
    0x0000339c   0x0000339c   0x00000020   Code   RO         1832    i.ddl_memclr        ddl.o
    0x000033bc   0x000033bc   0x0000005c   Code   RO         1834    i.delay10us         ddl.o
    0x00003418   0x00003418   0x00000058   Code   RO         1835    i.delay1ms          ddl.o
    0x00003470   0x00003470   0x00000024   Code   RO          407    i.fputc             init.o
    0x00003494   0x00003494   0x0000006c   Code   RO          371    i.main              main.o
    0x00003500   0x00003500   0x0000008c   Code   RO         2556    x$fpl$fadd          fz_ps.l(faddsub.o)
    0x0000358c   0x0000358c   0x000000d0   Code   RO         2558    x$fpl$fsub          fz_ps.l(faddsub.o)
    0x0000365c   0x0000365c   0x00000000   Code   RO         2578    x$fpl$usenofp       fz_ps.l(usenofp.o)
    0x0000365c   0x0000365c   0x00000020   Data   RO          548    .constdata          flash.o
    0x0000367c   0x0000367c   0x0000000c   Data   RO          892    .constdata          lpuart.o
    0x00003688   0x00003688   0x00000018   Data   RO         1193    .constdata          sysctrl.o
    0x000036a0   0x000036a0   0x00000019   Data   RO         2263    .constdata          framework.o
    0x000036b9   0x000036b9   0x00000040   Data   RO         2563    .constdata          fz_ps.l(fdiv.o)
    0x000036f9   0x000036f9   0x00000003   PAD
    0x000036fc   0x000036fc   0x00000020   Data   RO         2741    Region$$Table       anon$$obj.o


    Execution Region RW_IRAM1 (Exec base: 0x20000000, Load base: 0x0000371c, Size: 0x000004c8, Max: 0x00002000, ABSOLUTE)

    Exec Addr    Load Addr    Size         Type   Attr      Idx    E Section Name        Object

    0x20000000   0x0000371c   0x00000002   Data   RW          493    .data               global_variable.o
    0x20000002   0x0000371e   0x00000002   PAD
    0x20000004   0x00003720   0x00000004   Data   RW         1836    .data               ddl.o
    0x20000008   0x00003724   0x00000004   Data   RW         2221    .data               system_hc32l13x.o
    0x2000000c   0x00003728   0x00000009   Data   RW         2264    .data               framework.o
    0x20000015   0x00003731   0x00000001   PAD
    0x20000016   0x00003732   0x00000002   Data   RW         2301    .data               adcdriver.o
    0x20000018   0x00003734   0x00000008   Data   RW         2334    .data               logic.o
    0x20000020   0x0000373c   0x00000006   Data   RW         2370    .data               scankey.o
    0x20000026   0x00003742   0x0000001c   Data   RW         2401    .data               lcddriver.o
    0x20000042   0x0000375e   0x00000002   PAD
    0x20000044   0x00003760   0x00000008   Data   RW         2501    .data               save.o
    0x2000004c        -       0x0000000e   Zero   RW          492    .bss                global_variable.o
    0x2000005a        -       0x0000000b   Zero   RW         2468    .bss                rtcfun.o
    0x20000065   0x00003768   0x00000003   PAD
    0x20000068        -       0x00000060   Zero   RW         2620    .bss                c_p.l(libspace.o)
    0x200000c8        -       0x00000200   Zero   RW         2209    HEAP                startup_hc32l13x.o
    0x200002c8        -       0x00000200   Zero   RW         2208    STACK               startup_hc32l13x.o


==============================================================================

Image component sizes


      Code (inc. data)   RO Data    RW Data    ZI Data      Debug   Object Name

       744         56          0          0          0       4417   adc.o
       180         14          0          2          0       1238   adcdriver.o
        28          6          0          0          0        440   bgr.o
       258         30          0          4          0       4924   ddl.o
       668         92         32          0          0       4824   flash.o
       176         34         25          9          0       2303   framework.o
         0          0          0          2         14       1705   global_variable.o
       272         42          0          0          0       3798   gpio.o
      2056         48          0          0          0       6560   init.o
       450         40          0          0          0     167560   interrupts_hc32l13x.o
      1944         92          0         28          0       4553   lcddriver.o
      2108        102          0          8          0       3258   logic.o
       244          0          0          0          0       3076   lptim.o
       276          4         12          0          0       3506   lpuart.o
       108         40          0          0          0        479   main.o
        92          4          0          0         11       1082   rtcfun.o
        54          0          0          8          0       1765   save.o
       324         18          0          6          0        941   scankey.o
        62          0          0          0          0       2482   spi.o
        88         40        192          0       1024        616   startup_hc32l13x.o
      1370        124         24          0          0      11090   sysctrl.o
       122         16          0          4          0       2048   system_hc32l13x.o
       320         36          0          0          0       3993   timer3.o
        16          4          0          0          0        407   wdt.o

    ----------------------------------------------------------------------
     11988        842        317         76       1052     237065   Object Totals
         0          0         32          0          0          0   (incl. Generated)
        28          0          0          5          3          0   (incl. Padding)

    ----------------------------------------------------------------------

      Code (inc. data)   RO Data    RW Data    ZI Data      Debug   Library Member Name

         8          0          0          0          0         68   __main.o
        36          0          0          0          0         76   __printf_nopercent.o
         0          0          0          0          0          0   __rtentry.o
        12          0          0          0          0          0   __rtentry2.o
         6          0          0          0          0          0   __rtentry4.o
        60          8          0          0          0          0   __scatter.o
        26          0          0          0          0          0   __scatter_copy.o
        28          0          0          0          0          0   __scatter_zi.o
        48          6          0          0          0         88   _printf_char_common.o
        40          6          0          0          0         72   _printf_char_file.o
       346          0          0          0          0         92   aeabi_sdiv.o
        16          0          0          0          0         68   exit.o
         8          0          0          0          0         60   ferror.o
         6          0          0          0          0        136   heapauxi.o
         2          0          0          0          0          0   libinit.o
         2          0          0          0          0          0   libinit2.o
         2          0          0          0          0          0   libshutdown.o
         2          0          0          0          0          0   libshutdown2.o
         8          4          0          0         96         68   libspace.o
        28          6          0          0          0         84   noretval__2printf.o
        64          0          0          0          0        108   rt_memclr.o
        56          0          0          0          0         68   rt_memcpy.o
         2          0          0          0          0          0   rtexit.o
        10          0          0          0          0          0   rtexit2.o
        62          0          0          0          0         80   sys_stackheap_outer.o
         2          0          0          0          0         68   use_no_semi.o
         2          0          0          0          0         68   use_no_semi_2.o
       348          8          0          0          0        160   faddsub.o
       352         10         64          0          0         92   fdiv.o
        48          0          0          0          0         60   ffixui.o
        94          0          0          0          0         92   fflti.o
         0          0          0          0          0          0   usenofp.o

    ----------------------------------------------------------------------
      1736         48         67          0         96       1608   Library Totals
        12          0          3          0          0          0   (incl. Padding)

    ----------------------------------------------------------------------

      Code (inc. data)   RO Data    RW Data    ZI Data      Debug   Library Name

       882         30          0          0         96       1204   c_p.l
       842         18         64          0          0        404   fz_ps.l

    ----------------------------------------------------------------------
      1736         48         67          0         96       1608   Library Totals

    ----------------------------------------------------------------------

==============================================================================


      Code (inc. data)   RO Data    RW Data    ZI Data      Debug   

     13724        890        384         76       1148     232161   Grand Totals
     13724        890        384         76       1148     232161   ELF Image Totals
     13724        890        384         76          0          0   ROM Totals

==============================================================================

    Total RO  Size (Code + RO Data)                14108 (  13.78kB)
    Total RW  Size (RW Data + ZI Data)              1224 (   1.20kB)
    Total ROM Size (Code + RO Data + RW Data)      14184 (  13.85kB)

==============================================================================

