Component: ARM Compiler 5.06 update 6 (build 750) Tool: armlink [4d35ed]

==============================================================================

Section Cross References

    interrupts_hc32l13x.o(i.ADC_IRQHandler) refers to adc.o(i.Adc_ClrIrqStatus) for Adc_ClrIrqStatus
    interrupts_hc32l13x.o(i.ADC_IRQHandler) refers to adc.o(i.Adc_GetSqrResult) for Adc_GetSqrResult
    interrupts_hc32l13x.o(i.ADC_IRQHandler) refers to framework.o(i.MsgPost) for MsgPost
    interrupts_hc32l13x.o(i.ADC_IRQHandler) refers to adc.o(i.Adc_SQR_Stop) for Adc_SQR_Stop
    interrupts_hc32l13x.o(i.ADC_IRQHandler) refers to adcdriver.o(.data) for curADC
    interrupts_hc32l13x.o(i.EnableNvic) refers to interrupts_hc32l13x.o(i.__NVIC_SetPriority) for __NVIC_SetPriority
    interrupts_hc32l13x.o(i.LPTIM_IRQHandler) refers to lptim.o(i.Lptim_GetItStatus) for Lptim_GetItStatus
    interrupts_hc32l13x.o(i.LPTIM_IRQHandler) refers to lptim.o(i.Lptim_ClrItStatus) for Lptim_ClrItStatus
    interrupts_hc32l13x.o(i.LPTIM_IRQHandler) refers to framework.o(.data) for ThreadReadyList
    interrupts_hc32l13x.o(i.TIM3_IRQHandler) refers to timer3.o(i.Tim3_GetIntFlag) for Tim3_GetIntFlag
    interrupts_hc32l13x.o(i.TIM3_IRQHandler) refers to timer3.o(i.Tim3_ClearIntFlag) for Tim3_ClearIntFlag
    interrupts_hc32l13x.o(i.TIM3_IRQHandler) refers to framework.o(.data) for ThreadReadyList
    interrupts_hc32l13x.o(i.UART1_IRQHandler) refers to uart.o(i.Uart_GetStatus) for Uart_GetStatus
    interrupts_hc32l13x.o(i.UART1_IRQHandler) refers to uart.o(i.Uart_ClrStatus) for Uart_ClrStatus
    interrupts_hc32l13x.o(i.UART1_IRQHandler) refers to uart.o(i.Uart_ReceiveData) for Uart_ReceiveData
    interrupts_hc32l13x.o(i.UART1_IRQHandler) refers to uart.o(i.Uart_DisableIrq) for Uart_DisableIrq
    interrupts_hc32l13x.o(i.UART1_IRQHandler) refers to uart.o(i.Uart_SendDataIt) for Uart_SendDataIt
    interrupts_hc32l13x.o(i.UART1_IRQHandler) refers to uart_driver.o(.bss) for UsartRxData
    interrupts_hc32l13x.o(i.UART1_IRQHandler) refers to interrupts_hc32l13x.o(.data) for u8TxCnt
    main.o(i.main) refers to init.o(i.SysClockInit) for SysClockInit
    main.o(i.main) refers to init.o(i.GPIO_Init) for GPIO_Init
    main.o(i.main) refers to init.o(i.KEY_Init) for KEY_Init
    main.o(i.main) refers to init.o(i.SPI_Init) for SPI_Init
    main.o(i.main) refers to init.o(i.LPTimerInit) for LPTimerInit
    main.o(i.main) refers to init.o(i.Timer3Init) for Timer3Init
    main.o(i.main) refers to init.o(i.Uart1_Init) for Uart1_Init
    main.o(i.main) refers to init.o(i.Init_LED) for Init_LED
    main.o(i.main) refers to init.o(i.ParaInit) for ParaInit
    main.o(i.main) refers to adcdriver.o(i.AdcInit) for AdcInit
    main.o(i.main) refers to ddl.o(i.delay1ms) for delay1ms
    main.o(i.main) refers to framework.o(i.ThreadScheduler) for ThreadScheduler
    main.o(i.main) refers to rtcfun.o(.bss) for TmrSecTab
    main.o(i.main) refers to rtcfun.o(.data) for TmrMinTab
    init.o(i.GPIO_Init) refers to sysctrl.o(i.Sysctrl_SetPeripheralGate) for Sysctrl_SetPeripheralGate
    init.o(i.GPIO_Init) refers to gpio.o(i.Gpio_Init) for Gpio_Init
    init.o(i.GPIO_Init) refers to gpio.o(i.Gpio_ClrIO) for Gpio_ClrIO
    init.o(i.GPIO_Init) refers to gpio.o(i.Gpio_SetIO) for Gpio_SetIO
    init.o(i.Init_LED) refers to sysctrl.o(i.Sysctrl_SetPeripheralGate) for Sysctrl_SetPeripheralGate
    init.o(i.Init_LED) refers to gpio.o(i.Gpio_ClrIO) for Gpio_ClrIO
    init.o(i.Init_LED) refers to gpio.o(i.Gpio_Init) for Gpio_Init
    init.o(i.KEY_Init) refers to sysctrl.o(i.Sysctrl_SetPeripheralGate) for Sysctrl_SetPeripheralGate
    init.o(i.KEY_Init) refers to gpio.o(i.Gpio_Init) for Gpio_Init
    init.o(i.LPTimerInit) refers to ddl.o(i.ddl_memclr) for ddl_memclr
    init.o(i.LPTimerInit) refers to sysctrl.o(i.Sysctrl_SetPeripheralGate) for Sysctrl_SetPeripheralGate
    init.o(i.LPTimerInit) refers to lptim.o(i.Lptim_Init) for Lptim_Init
    init.o(i.LPTimerInit) refers to lptim.o(i.Lptim_ClrItStatus) for Lptim_ClrItStatus
    init.o(i.LPTimerInit) refers to lptim.o(i.Lptim_ConfIt) for Lptim_ConfIt
    init.o(i.LPTimerInit) refers to interrupts_hc32l13x.o(i.EnableNvic) for EnableNvic
    init.o(i.LPTimerInit) refers to lptim.o(i.Lptim_Cmd) for Lptim_Cmd
    init.o(i.ParaInit) refers to flash.o(i.Flash_Init) for Flash_Init
    init.o(i.ParaInit) refers to save.o(.ARM.__at_0x00000200) for Flash_Read
    init.o(i.ParaInit) refers to init.o(i.SysParameterInit) for SysParameterInit
    init.o(i.ParaInit) refers to save.o(.ARM.__at_0x00000100) for Flash_Write
    init.o(i.ParaInit) refers to gpio.o(i.Gpio_ClrIO) for Gpio_ClrIO
    init.o(i.ParaInit) refers to gpio.o(i.Gpio_SetIO) for Gpio_SetIO
    init.o(i.ParaInit) refers to global_variable.o(.bss) for SysParameter
    init.o(i.ParaInit) refers to save.o(.data) for flashInformationAddress
    init.o(i.ParaInit) refers to global_variable.o(.data) for DeviceState
    init.o(i.SPI_Init) refers to ddl.o(i.ddl_memclr) for ddl_memclr
[...]
    ..\driver_file\src\flash.c               0x00000000   Number         0  flash.o ABSOLUTE
    ..\driver_file\src\gpio.c                0x00000000   Number         0  gpio.o ABSOLUTE
    ..\driver_file\src\lpm.c                 0x00000000   Number         0  lpm.o ABSOLUTE
    ..\driver_file\src\lptim.c               0x00000000   Number         0  lptim.o ABSOLUTE
    ..\driver_file\src\lpuart.c              0x00000000   Number         0  lpuart.o ABSOLUTE
    ..\driver_file\src\reset.c               0x00000000   Number         0  reset.o ABSOLUTE
    ..\driver_file\src\rtc.c                 0x00000000   Number         0  rtc.o ABSOLUTE
    ..\driver_file\src\spi.c                 0x00000000   Number         0  spi.o ABSOLUTE
    ..\driver_file\src\sysctrl.c             0x00000000   Number         0  sysctrl.o ABSOLUTE
    ..\driver_file\src\timer3.c              0x00000000   Number         0  timer3.o ABSOLUTE
    ..\driver_file\src\uart.c                0x00000000   Number         0  uart.o ABSOLUTE
    ..\driver_file\src\wdt.c                 0x00000000   Number         0  wdt.o ABSOLUTE
    ..\mcu_file\interrupts_hc32l13x.c        0x00000000   Number         0  interrupts_hc32l13x.o ABSOLUTE
    ..\mcu_file\system_hc32l13x.c            0x00000000   Number         0  system_hc32l13x.o ABSOLUTE
    ..\os_file\FrameWork.c                   0x00000000   Number         0  framework.o ABSOLUTE
    ..\user_file\main.c                      0x00000000   Number         0  main.o ABSOLUTE
    ..\user_file\src\global_variable.c       0x00000000   Number         0  global_variable.o ABSOLUTE
    ..\user_file\src\init.c                  0x00000000   Number         0  init.o ABSOLUTE
    dc.s                                     0x00000000   Number         0  dc.o ABSOLUTE
    startup_hc32l13x.s                       0x00000000   Number         0  startup_hc32l13x.o ABSOLUTE
    !!!main                                  0x000000c0   Section        8  __main.o(!!!main)
    !!handler_copy                           0x000000c8   Section       26  __scatter_copy.o(!!handler_copy)
    !!handler_zi                             0x000000e4   Section       28  __scatter_zi.o(!!handler_zi)
    .ARM.__at_0x00000100                     0x00000100   Section        0  save.o(.ARM.__at_0x00000100)
    !!!scatter                               0x00000124   Section       60  __scatter.o(!!!scatter)
    .ARM.Collect$$libinit$$00000000          0x00000160   Section        2  libinit.o(.ARM.Collect$$libinit$$00000000)
    .ARM.Collect$$libinit$$00000002          0x00000162   Section        0  libinit2.o(.ARM.Collect$$libinit$$00000002)
    .ARM.Collect$$libinit$$00000004          0x00000162   Section        0  libinit2.o(.ARM.Collect$$libinit$$00000004)
    .ARM.Collect$$libinit$$0000000A          0x00000162   Section        0  libinit2.o(.ARM.Collect$$libinit$$0000000A)
    .ARM.Collect$$libinit$$0000000C          0x00000162   Section        0  libinit2.o(.ARM.Collect$$libinit$$0000000C)
    .ARM.Collect$$libinit$$0000000E          0x00000162   Section        0  libinit2.o(.ARM.Collect$$libinit$$0000000E)
    .ARM.Collect$$libinit$$00000011          0x00000162   Section        0  libinit2.o(.ARM.Collect$$libinit$$00000011)
    .ARM.Collect$$libinit$$00000013          0x00000162   Section        0  libinit2.o(.ARM.Collect$$libinit$$00000013)
    .ARM.Collect$$libinit$$00000015          0x00000162   Section        0  libinit2.o(.ARM.Collect$$libinit$$00000015)
    .ARM.Collect$$libinit$$00000017          0x00000162   Section        0  libinit2.o(.ARM.Collect$$libinit$$00000017)
    .ARM.Collect$$libinit$$00000019          0x00000162   Section        0  libinit2.o(.ARM.Collect$$libinit$$00000019)
    .ARM.Collect$$libinit$$0000001B          0x00000162   Section        0  libinit2.o(.ARM.Collect$$libinit$$0000001B)
    .ARM.Collect$$libinit$$0000001D          0x00000162   Section        0  libinit2.o(.ARM.Collect$$libinit$$0000001D)
    .ARM.Collect$$libinit$$0000001F          0x00000162   Section        0  libinit2.o(.ARM.Collect$$libinit$$0000001F)
    .ARM.Collect$$libinit$$00000021          0x00000162   Section        0  libinit2.o(.ARM.Collect$$libinit$$00000021)
    .ARM.Collect$$libinit$$00000023          0x00000162   Section        0  libinit2.o(.ARM.Collect$$libinit$$00000023)
    .ARM.Collect$$libinit$$00000025          0x00000162   Section        0  libinit2.o(.ARM.Collect$$libinit$$00000025)
    .ARM.Collect$$libinit$$0000002C          0x00000162   Section        0  libinit2.o(.ARM.Collect$$libinit$$0000002C)
    .ARM.Collect$$libinit$$0000002E          0x00000162   Section        0  libinit2.o(.ARM.Collect$$libinit$$0000002E)
    .ARM.Collect$$libinit$$00000030          0x00000162   Section        0  libinit2.o(.ARM.Collect$$libinit$$00000030)
    .ARM.Collect$$libinit$$00000032          0x00000162   Section        0  libinit2.o(.ARM.Collect$$libinit$$00000032)
    .ARM.Collect$$libinit$$00000033          0x00000162   Section        2  libinit2.o(.ARM.Collect$$libinit$$00000033)
    .ARM.Collect$$libshutdown$$00000000      0x00000164   Section        2  libshutdown.o(.ARM.Collect$$libshutdown$$00000000)
    .ARM.Collect$$libshutdown$$00000002      0x00000166   Section        0  libshutdown2.o(.ARM.Collect$$libshutdown$$00000002)
    .ARM.Collect$$libshutdown$$00000004      0x00000166   Section        0  libshutdown2.o(.ARM.Collect$$libshutdown$$00000004)
    .ARM.Collect$$libshutdown$$00000007      0x00000166   Section        0  libshutdown2.o(.ARM.Collect$$libshutdown$$00000007)
    .ARM.Collect$$libshutdown$$0000000A      0x00000166   Section        0  libshutdown2.o(.ARM.Collect$$libshutdown$$0000000A)
    .ARM.Collect$$libshutdown$$0000000C      0x00000166   Section        0  libshutdown2.o(.ARM.Collect$$libshutdown$$0000000C)
    .ARM.Collect$$libshutdown$$0000000F      0x00000166   Section        0  libshutdown2.o(.ARM.Collect$$libshutdown$$0000000F)
    .ARM.Collect$$libshutdown$$00000010      0x00000166   Section        2  libshutdown2.o(.ARM.Collect$$libshutdown$$00000010)
    .ARM.Collect$$rtentry$$00000000          0x00000168   Section        0  __rtentry.o(.ARM.Collect$$rtentry$$00000000)
    .ARM.Collect$$rtentry$$00000002          0x00000168   Section        0  __rtentry2.o(.ARM.Collect$$rtentry$$00000002)
    .ARM.Collect$$rtentry$$00000004          0x00000168   Section        6  __rtentry4.o(.ARM.Collect$$rtentry$$00000004)
    .ARM.Collect$$rtentry$$00000009          0x0000016e   Section        0  __rtentry2.o(.ARM.Collect$$rtentry$$00000009)
    .ARM.Collect$$rtentry$$0000000A          0x0000016e   Section        4  __rtentry2.o(.ARM.Collect$$rtentry$$0000000A)
    .ARM.Collect$$rtentry$$0000000C          0x00000172   Section        0  __rtentry2.o(.ARM.Collect$$rtentry$$0000000C)
    .ARM.Collect$$rtentry$$0000000D          0x00000172   Section        8  __rtentry2.o(.ARM.Collect$$rtentry$$0000000D)
    .ARM.Collect$$rtexit$$00000000           0x0000017a   Section        2  rtexit.o(.ARM.Collect$$rtexit$$00000000)
    .ARM.Collect$$rtexit$$00000002           0x0000017c   Section        0  rtexit2.o(.ARM.Collect$$rtexit$$00000002)
    .ARM.Collect$$rtexit$$00000003           0x0000017c   Section        4  rtexit2.o(.ARM.Collect$$rtexit$$00000003)
    .ARM.Collect$$rtexit$$00000004           0x00000180   Section        6  rtexit2.o(.ARM.Collect$$rtexit$$00000004)
    .emb_text                                0x00000188   Section       56  rt_memcpy.o(.emb_text)
    .text                                    0x000001c0   Section        2  use_no_semi_2.o(.text)
    .text                                    0x000001c2   Section        0  heapauxi.o(.text)
    .text                                    0x000001c8   Section        0  ffixui.o(.text)
    .text                                    0x000001f8   Section        2  use_no_semi.o(.text)
    i.CLKTRIM_IRQHandler                     0x000001fa   Section        0  interrupts_hc32l13x.o(i.CLKTRIM_IRQHandler)
    i.DMAC_IRQHandler                        0x000001fc   Section        0  interrupts_hc32l13x.o(i.DMAC_IRQHandler)
    i.FLASH_RAM_IRQHandler                   0x000001fe   Section        0  interrupts_hc32l13x.o(i.FLASH_RAM_IRQHandler)
    .ARM.__at_0x00000200                     0x00000200   Section        0  save.o(.ARM.__at_0x00000200)
    .text                                    0x00000214   Section       88  startup_hc32l13x.o(.text)
    .text                                    0x0000026c   Section        0  strcpy.o(.text)
    .text                                    0x000002b8   Section        0  rt_memclr.o(.text)
    .text                                    0x000002f8   Section      346  aeabi_sdiv.o(.text)
    .text                                    0x00000454   Section        0  fdiv.o(.text)
    .text                                    0x000005b4   Section        0  fflti.o(.text)
    .text                                    0x00000612   Section       62  sys_stackheap_outer.o(.text)
    .text                                    0x00000650   Section        0  exit.o(.text)
    .text                                    0x00000660   Section        8  libspace.o(.text)
    i.$Sub$$main                             0x00000668   Section        0  system_hc32l13x.o(i.$Sub$$main)
    i.ADC_IRQHandler                         0x00000678   Section        0  interrupts_hc32l13x.o(i.ADC_IRQHandler)
    i.AdcCalculate                           0x0000069c   Section        0  adcdriver.o(i.AdcCalculate)
    i.AdcInit                                0x00000700   Section        0  adcdriver.o(i.AdcInit)
    i.Adc_CfgSqrChannel                      0x00000770   Section        0  adc.o(i.Adc_CfgSqrChannel)
    i.Adc_ClrIrqStatus                       0x00000928   Section        0  adc.o(i.Adc_ClrIrqStatus)
    i.Adc_EnableIrq                          0x00000938   Section        0  adc.o(i.Adc_EnableIrq)
    i.Adc_GetSqrResult                       0x00000950   Section        0  adc.o(i.Adc_GetSqrResult)
    i.Adc_Init                               0x00000960   Section        0  adc.o(i.Adc_Init)
    i.Adc_SQR_Start                          0x000009cc   Section        0  adc.o(i.Adc_SQR_Start)
    i.Adc_SQR_Stop                           0x000009d8   Section        0  adc.o(i.Adc_SQR_Stop)
    i.Adc_SqrModeCfg                         0x000009e4   Section        0  adc.o(i.Adc_SqrModeCfg)
    i.Bgr_BgrEnable                          0x00000a58   Section        0  bgr.o(i.Bgr_BgrEnable)
    i.ClearRxBuffer                          0x00000a74   Section        0  uart_driver.o(i.ClearRxBuffer)
    ClearRxBuffer                            0x00000a75   Thumb Code    36  uart_driver.o(i.ClearRxBuffer)
    i.ClrAllLcd                              0x00000a9c   Section        0  lcddriver.o(i.ClrAllLcd)
    i.DigitalCalculate                       0x00000acc   Section        0  lcddriver.o(i.DigitalCalculate)
    i.Display2NDInterface                    0x00000b1c   Section        0  lcddriver.o(i.Display2NDInterface)
    i.DisplayMainInterface                   0x00000e64   Section        0  lcddriver.o(i.DisplayMainInterface)
    i.Display_SubpageOfH6                    0x00001234   Section        0  lcddriver.o(i.Display_SubpageOfH6)
    i.Display_SubpageOfHx                    0x000015ac   Section        0  lcddriver.o(i.Display_SubpageOfHx)
    i.EnableNvic                             0x00001a18   Section        0  interrupts_hc32l13x.o(i.EnableNvic)
    i.Flash_Init                             0x00001a88   Section        0  flash.o(i.Flash_Init)
    i.Flash_LockAll                          0x00001b54   Section        0  flash.o(i.Flash_LockAll)
    i.Flash_SectorErase                      0x00001b70   Section        0  flash.o(i.Flash_SectorErase)
    i.Flash_UnlockAll                        0x00001c20   Section        0  flash.o(i.Flash_UnlockAll)
    i.Flash_WaitCycle                        0x00001c40   Section        0  flash.o(i.Flash_WaitCycle)
    i.Flash_WriteByte                        0x00001c74   Section        0  flash.o(i.Flash_WriteByte)
    i.GPIO_Init                              0x00001d24   Section        0  init.o(i.GPIO_Init)
    i.GetBit                                 0x000021d6   Section        0  ddl.o(i.GetBit)
    i.Gpio_ClrIO                             0x000021e4   Section        0  gpio.o(i.Gpio_ClrIO)
    i.Gpio_GetInputIO                        0x00002200   Section        0  gpio.o(i.Gpio_GetInputIO)
    i.Gpio_Init                              0x00002218   Section        0  gpio.o(i.Gpio_Init)
    i.Gpio_SetAfMode                         0x000022a8   Section        0  gpio.o(i.Gpio_SetAfMode)
    i.Gpio_SetAnalogMode                     0x000022bc   Section        0  gpio.o(i.Gpio_SetAnalogMode)
    i.Gpio_SetIO                             0x000022d8   Section        0  gpio.o(i.Gpio_SetIO)
    i.HardFault_Handler                      0x000022f4   Section        0  interrupts_hc32l13x.o(i.HardFault_Handler)
    i.HexsTochars                            0x00002304   Section        0  lcddriver.o(i.HexsTochars)
    i.I2C0_IRQHandler                        0x00002364   Section        0  interrupts_hc32l13x.o(i.I2C0_IRQHandler)
    i.I2C1_IRQHandler                        0x00002366   Section        0  interrupts_hc32l13x.o(i.I2C1_IRQHandler)
    i.Init_LED                               0x00002368   Section        0  init.o(i.Init_LED)
    i.KEY_Init                               0x0000240e   Section        0  init.o(i.KEY_Init)
    i.LCD_IRQHandler                         0x00002456   Section        0  interrupts_hc32l13x.o(i.LCD_IRQHandler)
    i.LPTIM_IRQHandler                       0x00002458   Section        0  interrupts_hc32l13x.o(i.LPTIM_IRQHandler)
    i.LPTimerInit                            0x00002480   Section        0  init.o(i.LPTimerInit)
    i.LPUART0_IRQHandler                     0x000024e0   Section        0  interrupts_hc32l13x.o(i.LPUART0_IRQHandler)
    i.LPUART1_IRQHandler                     0x000024e2   Section        0  interrupts_hc32l13x.o(i.LPUART1_IRQHandler)
    i.LVD_IRQHandler                         0x000024e4   Section        0  interrupts_hc32l13x.o(i.LVD_IRQHandler)
    i.LcdReturnMain                          0x000024e8   Section        0  lcddriver.o(i.LcdReturnMain)
    i.LoRaWorkStateTran                      0x00002658   Section        0  lorafun.o(i.LoRaWorkStateTran)
    i.Logic                                  0x00002670   Section        0  logic.o(i.Logic)
    i.Lptim_ClrItStatus                      0x00002808   Section        0  lptim.o(i.Lptim_ClrItStatus)
    i.Lptim_Cmd                              0x0000281a   Section        0  lptim.o(i.Lptim_Cmd)
    i.Lptim_ConfIt                           0x0000282e   Section        0  lptim.o(i.Lptim_ConfIt)
    i.Lptim_GetItStatus                      0x00002842   Section        0  lptim.o(i.Lptim_GetItStatus)
    i.Lptim_Init                             0x00002852   Section        0  lptim.o(i.Lptim_Init)
    i.MsgPost                                0x000028fc   Section        0  framework.o(i.MsgPost)
    i.PCA_IRQHandler                         0x00002928   Section        0  interrupts_hc32l13x.o(i.PCA_IRQHandler)
    i.PCNT_IRQHandler                        0x0000292a   Section        0  interrupts_hc32l13x.o(i.PCNT_IRQHandler)
    i.PORTA_IRQHandler                       0x0000292c   Section        0  interrupts_hc32l13x.o(i.PORTA_IRQHandler)
    i.PORTB_IRQHandler                       0x0000292e   Section        0  interrupts_hc32l13x.o(i.PORTB_IRQHandler)
    i.PORTC_IRQHandler                       0x00002930   Section        0  interrupts_hc32l13x.o(i.PORTC_IRQHandler)
    i.PORTD_IRQHandler                       0x00002932   Section        0  interrupts_hc32l13x.o(i.PORTD_IRQHandler)
    i.ParaInit                               0x00002934   Section        0  init.o(i.ParaInit)
    i.RTCMinFunction                         0x000029b4   Section        0  rtcfun.o(i.RTCMinFunction)
    RTCMinFunction                           0x000029b5   Thumb Code    90  rtcfun.o(i.RTCMinFunction)
    i.RTC_IRQHandler                         0x00002a14   Section        0  interrupts_hc32l13x.o(i.RTC_IRQHandler)
    i.SPI0_IRQHandler                        0x00002a16   Section        0  interrupts_hc32l13x.o(i.SPI0_IRQHandler)
    i.SPI1_IRQHandler                        0x00002a18   Section        0  interrupts_hc32l13x.o(i.SPI1_IRQHandler)
    i.SPI_Init                               0x00002a1c   Section        0  init.o(i.SPI_Init)
    i.SPI_Send_Data                          0x00002a98   Section        0  init.o(i.SPI_Send_Data)
    i.Screen                                 0x00002ac8   Section        0  lcddriver.o(i.Screen)
    i.Send_Device_Data                       0x00002b10   Section        0  lorafun.o(i.Send_Device_Data)
    i.Send_Device_Type                       0x00002d1c   Section        0  lorafun.o(i.Send_Device_Type)
    i.SetBit                                 0x00002d98   Section        0  ddl.o(i.SetBit)
    i.SetLoRaPrio                            0x00002db8   Section        0  lorafun.o(i.SetLoRaPrio)
    i.SetLogicPrio                           0x00002ddc   Section        0  logic.o(i.SetLogicPrio)
    i.Spi_GetStatus                          0x00002e00   Section        0  spi.o(i.Spi_GetStatus)
    i.Spi_Init                               0x00002e12   Section        0  spi.o(i.Spi_Init)
    i.Spi_SendData                           0x00002e32   Section        0  spi.o(i.Spi_SendData)
    i.Spi_SetCS                              0x00002e3a   Section        0  spi.o(i.Spi_SetCS)
    i.StartUartPackageTx                     0x00002e40   Section        0  uart_driver.o(i.StartUartPackageTx)
    i.SysClockInit                           0x00002e58   Section        0  init.o(i.SysClockInit)
    i.SysParameterInit                       0x00002e84   Section        0  init.o(i.SysParameterInit)
    i.SysTick_Handler                        0x00002eb4   Section        0  interrupts_hc32l13x.o(i.SysTick_Handler)
    i.Sysctrl_ClkInit                        0x00002ebc   Section        0  sysctrl.o(i.Sysctrl_ClkInit)
    i.Sysctrl_ClkSourceEnable                0x00002f28   Section        0  sysctrl.o(i.Sysctrl_ClkSourceEnable)
    i.Sysctrl_GetHClkFreq                    0x00003094   Section        0  sysctrl.o(i.Sysctrl_GetHClkFreq)
    i.Sysctrl_GetPClkFreq                    0x00003208   Section        0  sysctrl.o(i.Sysctrl_GetPClkFreq)
    i.Sysctrl_SetHCLKDiv                     0x00003228   Section        0  sysctrl.o(i.Sysctrl_SetHCLKDiv)
    i.Sysctrl_SetPCLKDiv                     0x00003250   Section        0  sysctrl.o(i.Sysctrl_SetPCLKDiv)
    i.Sysctrl_SetPLLStableTime               0x00003278   Section        0  sysctrl.o(i.Sysctrl_SetPLLStableTime)
    i.Sysctrl_SetPeripheralGate              0x0000329c   Section        0  sysctrl.o(i.Sysctrl_SetPeripheralGate)
    i.Sysctrl_SetRCHTrim                     0x000032b4   Section        0  sysctrl.o(i.Sysctrl_SetRCHTrim)
    i.Sysctrl_SetRCLStableTime               0x000032dc   Section        0  sysctrl.o(i.Sysctrl_SetRCLStableTime)
    i.Sysctrl_SetRTCAdjustClkFreq            0x00003300   Section        0  sysctrl.o(i.Sysctrl_SetRTCAdjustClkFreq)
    i.Sysctrl_SetXTHStableTime               0x00003328   Section        0  sysctrl.o(i.Sysctrl_SetXTHStableTime)
    i.Sysctrl_SetXTLStableTime               0x00003348   Section        0  sysctrl.o(i.Sysctrl_SetXTLStableTime)
    i.Sysctrl_SysClkSwitch                   0x00003368   Section        0  sysctrl.o(i.Sysctrl_SysClkSwitch)
    i.Sysctrl_XTHDriverCfg                   0x00003394   Section        0  sysctrl.o(i.Sysctrl_XTHDriverCfg)
    i.Sysctrl_XTLDriverCfg                   0x000033b0   Section        0  sysctrl.o(i.Sysctrl_XTLDriverCfg)
    i.SystemCoreClockUpdate                  0x000033e4   Section        0  system_hc32l13x.o(i.SystemCoreClockUpdate)
    i.SystemInit                             0x000033f4   Section        0  system_hc32l13x.o(i.SystemInit)
    i.TIM0_IRQHandler                        0x00003434   Section        0  interrupts_hc32l13x.o(i.TIM0_IRQHandler)
    i.TIM1_IRQHandler                        0x00003436   Section        0  interrupts_hc32l13x.o(i.TIM1_IRQHandler)
    i.TIM2_IRQHandler                        0x00003438   Section        0  interrupts_hc32l13x.o(i.TIM2_IRQHandler)
    i.TIM3_IRQHandler                        0x0000343c   Section        0  interrupts_hc32l13x.o(i.TIM3_IRQHandler)
    i.TIM4_IRQHandler                        0x00003460   Section        0  interrupts_hc32l13x.o(i.TIM4_IRQHandler)
    i.TIM5_IRQHandler                        0x00003462   Section        0  interrupts_hc32l13x.o(i.TIM5_IRQHandler)
    i.TIM6_IRQHandler                        0x00003464   Section        0  interrupts_hc32l13x.o(i.TIM6_IRQHandler)
    i.TaskAdc                                0x00003468   Section        0  adcdriver.o(i.TaskAdc)
    i.TaskKey                                0x0000364c   Section        0  scankey.o(i.TaskKey)
    i.TaskLoRa                               0x00003d8c   Section        0  lorafun.o(i.TaskLoRa)
    i.TaskUart                               0x00004220   Section        0  uart_driver.o(i.TaskUart)
    i.ThreadScheduler                        0x000042e0   Section        0  framework.o(i.ThreadScheduler)
    i.Tim3_ClearIntFlag                      0x000043ac   Section        0  timer3.o(i.Tim3_ClearIntFlag)
    i.Tim3_GetIntFlag                        0x000043c0   Section        0  timer3.o(i.Tim3_GetIntFlag)
    i.Tim3_M0_ARRSet                         0x000043d8   Section        0  timer3.o(i.Tim3_M0_ARRSet)
    i.Tim3_M0_Cnt16Set                       0x000043f4   Section        0  timer3.o(i.Tim3_M0_Cnt16Set)
    i.Tim3_M0_Run                            0x00004410   Section        0  timer3.o(i.Tim3_M0_Run)
    i.Tim3_Mode0_EnableIrq                   0x00004428   Section        0  timer3.o(i.Tim3_Mode0_EnableIrq)
    i.Tim3_Mode0_Init                        0x00004440   Section        0  timer3.o(i.Tim3_Mode0_Init)
    i.Timer3Init                             0x000044ec   Section        0  init.o(i.Timer3Init)
    i.TimerFunction                          0x00004548   Section        0  rtcfun.o(i.TimerFunction)
    i.UART0_IRQHandler                       0x000045ec   Section        0  interrupts_hc32l13x.o(i.UART0_IRQHandler)
    i.UART1_IRQHandler                       0x000045f0   Section        0  interrupts_hc32l13x.o(i.UART1_IRQHandler)
    i.Uart1_Init                             0x00004688   Section        0  init.o(i.Uart1_Init)
    i.Uart_ClrStatus                         0x00004734   Section        0  uart.o(i.Uart_ClrStatus)
    i.Uart_DisableIrq                        0x0000474a   Section        0  uart.o(i.Uart_DisableIrq)
    i.Uart_EnableFunc                        0x0000475e   Section        0  uart.o(i.Uart_EnableFunc)
    i.Uart_EnableIrq                         0x00004772   Section        0  uart.o(i.Uart_EnableIrq)
    i.Uart_GetStatus                         0x00004786   Section        0  uart.o(i.Uart_GetStatus)
    i.Uart_Init                              0x000047a0   Section        0  uart.o(i.Uart_Init)
    i.Uart_ReceiveData                       0x00004834   Section        0  uart.o(i.Uart_ReceiveData)
    i.Uart_SendDataIt                        0x0000483c   Section        0  uart.o(i.Uart_SendDataIt)
    i.VC0_IRQHandler                         0x0000484e   Section        0  interrupts_hc32l13x.o(i.VC0_IRQHandler)
    i.VC1_IRQHandler                         0x00004850   Section        0  interrupts_hc32l13x.o(i.VC1_IRQHandler)
    i.WDT_IRQHandler                         0x00004852   Section        0  interrupts_hc32l13x.o(i.WDT_IRQHandler)
    i.Wdt_Feed                               0x00004854   Section        0  wdt.o(i.Wdt_Feed)
    i.WorkStateTran                          0x00004864   Section        0  logic.o(i.WorkStateTran)
    i._HidePinInit                           0x0000487c   Section        0  system_hc32l13x.o(i._HidePinInit)
    _HidePinInit                             0x0000487d   Thumb Code    24  system_hc32l13x.o(i._HidePinInit)
    i._SysctrlUnlock                         0x00004898   Section        0  sysctrl.o(i._SysctrlUnlock)
    _SysctrlUnlock                           0x00004899   Thumb Code    12  sysctrl.o(i._SysctrlUnlock)
    i.__ARM_common_switch8                   0x000048b0   Section        0  sysctrl.o(i.__ARM_common_switch8)
    i.__NVIC_SetPriority                     0x000048cc   Section        0  interrupts_hc32l13x.o(i.__NVIC_SetPriority)
    __NVIC_SetPriority                       0x000048cd   Thumb Code   110  interrupts_hc32l13x.o(i.__NVIC_SetPriority)
    i._sys_exit                              0x00004944   Section        0  ddl.o(i._sys_exit)
    i.ddl_memclr                             0x00004948   Section        0  ddl.o(i.ddl_memclr)
    i.delay10us                              0x00004968   Section        0  ddl.o(i.delay10us)
    i.delay1ms                               0x000049c4   Section        0  ddl.o(i.delay1ms)
    i.main                                   0x00004a1c   Section        0  main.o(i.main)
    x$fpl$fadd                               0x00004a70   Section      140  faddsub.o(x$fpl$fadd)
    _fadd1                                   0x00004a7d   Thumb Code     0  faddsub.o(x$fpl$fadd)
    x$fpl$fsub                               0x00004afc   Section      208  faddsub.o(x$fpl$fsub)
    _fsub1                                   0x00004b09   Thumb Code     0  faddsub.o(x$fpl$fsub)
    .constdata                               0x00004bcc   Section       32  flash.o(.constdata)
    x$fpl$usenofp                            0x00004bcc   Section        0  usenofp.o(x$fpl$usenofp)
    .constdata                               0x00004bec   Section       24  sysctrl.o(.constdata)
    .constdata                               0x00004c04   Section        8  uart.o(.constdata)
    .constdata                               0x00004c0c   Section       25  framework.o(.constdata)
    .constdata                               0x00004c25   Section       64  fdiv.o(.constdata)
    fdiv_tab                                 0x00004c25   Data          64  fdiv.o(.constdata)
    .data                                    0x20000000   Section        1  interrupts_hc32l13x.o(.data)
    u8TxCnt                                  0x20000000   Data           1  interrupts_hc32l13x.o(.data)
    .data                                    0x20000002   Section        5  global_variable.o(.data)
    .data                                    0x20000008   Section        4  system_hc32l13x.o(.data)
    .data                                    0x2000000c   Section        9  framework.o(.data)
    .data                                    0x20000016   Section        2  adcdriver.o(.data)
    .data                                    0x20000018   Section        8  logic.o(.data)
    .data                                    0x20000020   Section       10  scankey.o(.data)
    menukeycnt                               0x20000020   Data           2  scankey.o(.data)
    upkeycnt                                 0x20000022   Data           2  scankey.o(.data)
    downkeycnt                               0x20000024   Data           2  scankey.o(.data)
    enterkeycnt                              0x20000026   Data           2  scankey.o(.data)
    .data                                    0x2000002a   Section       38  lcddriver.o(.data)
    SegSelect                                0x2000002d   Data           1  lcddriver.o(.data)
    table                                    0x20000030   Data          10  lcddriver.o(.data)
    table2                                   0x2000003a   Data           9  lcddriver.o(.data)
    LEDFlashCnt                              0x20000044   Data           2  lcddriver.o(.data)
    LEDFlashCnt                              0x20000046   Data           2  lcddriver.o(.data)
    DigitalFlashCnt                          0x20000048   Data           1  lcddriver.o(.data)
    LEDFlashCnt                              0x2000004a   Data           2  lcddriver.o(.data)
    DigitalFlashCnt                          0x2000004c   Data           1  lcddriver.o(.data)
    LEDFlashCnt                              0x2000004e   Data           2  lcddriver.o(.data)
    .data                                    0x20000050   Section        5  rtcfun.o(.data)
    .data                                    0x20000058   Section        8  save.o(.data)
    u32FlashTestFlag                         0x2000005c   Data           4  save.o(.data)
    .data                                    0x20000060   Section        6  lorafun.o(.data)
    send_times                               0x20000062   Data           1  lorafun.o(.data)
    send_times_2                             0x20000063   Data           1  lorafun.o(.data)
    send_times_3                             0x20000064   Data           1  lorafun.o(.data)
    LoRaStep                                 0x20000065   Data           1  lorafun.o(.data)
    .bss                                     0x20000068   Section       14  global_variable.o(.bss)
    .bss                                     0x20000076   Section       11  rtcfun.o(.bss)
    .bss                                     0x20000081   Section      203  uart_driver.o(.bss)
    .bss                                     0x2000014c   Section       96  libspace.o(.bss)
    HEAP                                     0x200001b0   Section      512  startup_hc32l13x.o(HEAP)
    Heap_Mem                                 0x200001b0   Data         512  startup_hc32l13x.o(HEAP)
    STACK                                    0x200003b0   Section      512  startup_hc32l13x.o(STACK)
    Stack_Mem                                0x200003b0   Data         512  startup_hc32l13x.o(STACK)
    __initial_sp                             0x200005b0   Data           0  startup_hc32l13x.o(STACK)

    Global Symbols

    Symbol Name                              Value     Ov Type        Size  Object(Section)

    BuildAttributes$$THM_ISAv3M$S$PE$A:L22$X:L11$S22$IEEE1$IW$USESV6$~STKCKD$USESV7$~SHL$OSPACE$ROPI$EBA8$UX$STANDARDLIB$REQ8$PRES8$EABIv2 0x00000000   Number         0  anon$$obj.o ABSOLUTE
    __ARM_use_no_argv                        0x00000000   Number         0  main.o ABSOLUTE
    __Vectors                                0x00000000   Data           0  startup_hc32l13x.o(RESET)
    SysTick_IRQHandler                        - Undefined Weak Reference
    __ARM_exceptions_init                     - Undefined Weak Reference
    __alloca_initialize                       - Undefined Weak Reference
    __arm_preinit_                            - Undefined Weak Reference
    __cpp_initialize__aeabi_                  - Undefined Weak Reference
    __cxa_finalize                            - Undefined Weak Reference
    __rt_locale                               - Undefined Weak Reference
    __sigvec_lookup                           - Undefined Weak Reference
    _atexit_init                              - Undefined Weak Reference
    _call_atexit_fns                          - Undefined Weak Reference
    _clock_init                               - Undefined Weak Reference
    _fp_trap_init                             - Undefined Weak Reference
    _fp_trap_shutdown                         - Undefined Weak Reference
    _get_lc_collate                           - Undefined Weak Reference
    _get_lc_ctype                             - Undefined Weak Reference
    _get_lc_monetary                          - Undefined Weak Reference
    _get_lc_numeric                           - Undefined Weak Reference
    _get_lc_time                              - Undefined Weak Reference
    _getenv_init                              - Undefined Weak Reference
    _handle_redirection                       - Undefined Weak Reference
    _init_alloc                               - Undefined Weak Reference
    _init_user_alloc                          - Undefined Weak Reference
    _initio                                   - Undefined Weak Reference
    _rand_init                                - Undefined Weak Reference
    _signal_finish                            - Undefined Weak Reference
    _signal_init                              - Undefined Weak Reference
    _terminate_alloc                          - Undefined Weak Reference
    _terminate_user_alloc                     - Undefined Weak Reference
    _terminateio                              - Undefined Weak Reference
    __Vectors_End                            0x000000c0   Data           0  startup_hc32l13x.o(RESET)
    __Vectors_Size                           0x000000c0   Number         0  startup_hc32l13x.o ABSOLUTE
    __main                                   0x000000c1   Thumb Code     8  __main.o(!!!main)
    __scatterload_copy                       0x000000c9   Thumb Code    26  __scatter_copy.o(!!handler_copy)
    __scatterload_zeroinit                   0x000000e5   Thumb Code    28  __scatter_zi.o(!!handler_zi)
    Flash_Write                              0x00000101   Thumb Code    34  save.o(.ARM.__at_0x00000100)
    __scatterload                            0x00000125   Thumb Code     0  __scatter.o(!!!scatter)
    __scatterload_rt2                        0x00000125   Thumb Code    52  __scatter.o(!!!scatter)
    __scatterload_rt2_thumb_only             0x00000125   Thumb Code     0  __scatter.o(!!!scatter)
    __scatterload_null                       0x00000135   Thumb Code     0  __scatter.o(!!!scatter)
    __rt_lib_init                            0x00000161   Thumb Code     0  libinit.o(.ARM.Collect$$libinit$$00000000)
    __rt_lib_init_alloca_1                   0x00000163   Thumb Code     0  libinit2.o(.ARM.Collect$$libinit$$0000002E)
    __rt_lib_init_argv_1                     0x00000163   Thumb Code     0  libinit2.o(.ARM.Collect$$libinit$$0000002C)
    __rt_lib_init_atexit_1                   0x00000163   Thumb Code     0  libinit2.o(.ARM.Collect$$libinit$$0000001B)
    __rt_lib_init_clock_1                    0x00000163   Thumb Code     0  libinit2.o(.ARM.Collect$$libinit$$00000021)
    __rt_lib_init_cpp_1                      0x00000163   Thumb Code     0  libinit2.o(.ARM.Collect$$libinit$$00000032)
    __rt_lib_init_exceptions_1               0x00000163   Thumb Code     0  libinit2.o(.ARM.Collect$$libinit$$00000030)
    __rt_lib_init_fp_1                       0x00000163   Thumb Code     0  libinit2.o(.ARM.Collect$$libinit$$00000002)
    __rt_lib_init_fp_trap_1                  0x00000163   Thumb Code     0  libinit2.o(.ARM.Collect$$libinit$$0000001F)
    __rt_lib_init_getenv_1                   0x00000163   Thumb Code     0  libinit2.o(.ARM.Collect$$libinit$$00000023)
    __rt_lib_init_heap_1                     0x00000163   Thumb Code     0  libinit2.o(.ARM.Collect$$libinit$$0000000A)
    __rt_lib_init_lc_collate_1               0x00000163   Thumb Code     0  libinit2.o(.ARM.Collect$$libinit$$00000011)
    __rt_lib_init_lc_ctype_1                 0x00000163   Thumb Code     0  libinit2.o(.ARM.Collect$$libinit$$00000013)
    __rt_lib_init_lc_monetary_1              0x00000163   Thumb Code     0  libinit2.o(.ARM.Collect$$libinit$$00000015)
    __rt_lib_init_lc_numeric_1               0x00000163   Thumb Code     0  libinit2.o(.ARM.Collect$$libinit$$00000017)
    __rt_lib_init_lc_time_1                  0x00000163   Thumb Code     0  libinit2.o(.ARM.Collect$$libinit$$00000019)
    __rt_lib_init_preinit_1                  0x00000163   Thumb Code     0  libinit2.o(.ARM.Collect$$libinit$$00000004)
    __rt_lib_init_rand_1                     0x00000163   Thumb Code     0  libinit2.o(.ARM.Collect$$libinit$$0000000E)
    __rt_lib_init_return                     0x00000163   Thumb Code     0  libinit2.o(.ARM.Collect$$libinit$$00000033)
    __rt_lib_init_signal_1                   0x00000163   Thumb Code     0  libinit2.o(.ARM.Collect$$libinit$$0000001D)
    __rt_lib_init_stdio_1                    0x00000163   Thumb Code     0  libinit2.o(.ARM.Collect$$libinit$$00000025)
    __rt_lib_init_user_alloc_1               0x00000163   Thumb Code     0  libinit2.o(.ARM.Collect$$libinit$$0000000C)
    __rt_lib_shutdown                        0x00000165   Thumb Code     0  libshutdown.o(.ARM.Collect$$libshutdown$$00000000)
    __rt_lib_shutdown_cpp_1                  0x00000167   Thumb Code     0  libshutdown2.o(.ARM.Collect$$libshutdown$$00000002)
    __rt_lib_shutdown_fp_trap_1              0x00000167   Thumb Code     0  libshutdown2.o(.ARM.Collect$$libshutdown$$00000007)
    __rt_lib_shutdown_heap_1                 0x00000167   Thumb Code     0  libshutdown2.o(.ARM.Collect$$libshutdown$$0000000F)
    __rt_lib_shutdown_return                 0x00000167   Thumb Code     0  libshutdown2.o(.ARM.Collect$$libshutdown$$00000010)
    __rt_lib_shutdown_signal_1               0x00000167   Thumb Code     0  libshutdown2.o(.ARM.Collect$$libshutdown$$0000000A)
    __rt_lib_shutdown_stdio_1                0x00000167   Thumb Code     0  libshutdown2.o(.ARM.Collect$$libshutdown$$00000004)
    __rt_lib_shutdown_user_alloc_1           0x00000167   Thumb Code     0  libshutdown2.o(.ARM.Collect$$libshutdown$$0000000C)
    __rt_entry                               0x00000169   Thumb Code     0  __rtentry.o(.ARM.Collect$$rtentry$$00000000)
    __rt_entry_presh_1                       0x00000169   Thumb Code     0  __rtentry2.o(.ARM.Collect$$rtentry$$00000002)
    __rt_entry_sh                            0x00000169   Thumb Code     0  __rtentry4.o(.ARM.Collect$$rtentry$$00000004)
    __rt_entry_li                            0x0000016f   Thumb Code     0  __rtentry2.o(.ARM.Collect$$rtentry$$0000000A)
    __rt_entry_postsh_1                      0x0000016f   Thumb Code     0  __rtentry2.o(.ARM.Collect$$rtentry$$00000009)
    __rt_entry_main                          0x00000173   Thumb Code     0  __rtentry2.o(.ARM.Collect$$rtentry$$0000000D)
    __rt_entry_postli_1                      0x00000173   Thumb Code     0  __rtentry2.o(.ARM.Collect$$rtentry$$0000000C)
    __rt_exit                                0x0000017b   Thumb Code     0  rtexit.o(.ARM.Collect$$rtexit$$00000000)
    __rt_exit_ls                             0x0000017d   Thumb Code     0  rtexit2.o(.ARM.Collect$$rtexit$$00000003)
    __rt_exit_prels_1                        0x0000017d   Thumb Code     0  rtexit2.o(.ARM.Collect$$rtexit$$00000002)
    __rt_exit_exit                           0x00000181   Thumb Code     0  rtexit2.o(.ARM.Collect$$rtexit$$00000004)
    __aeabi_memcpy4                          0x00000189   Thumb Code    56  rt_memcpy.o(.emb_text)
    __aeabi_memcpy8                          0x00000189   Thumb Code     0  rt_memcpy.o(.emb_text)
    __use_no_semihosting                     0x000001c1   Thumb Code     2  use_no_semi_2.o(.text)
    __use_two_region_memory                  0x000001c3   Thumb Code     2  heapauxi.o(.text)
    __rt_heap_escrow$2region                 0x000001c5   Thumb Code     2  heapauxi.o(.text)
    __rt_heap_expand$2region                 0x000001c7   Thumb Code     2  heapauxi.o(.text)
    __aeabi_f2uiz                            0x000001c9   Thumb Code     0  ffixui.o(.text)
    _ffixu                                   0x000001c9   Thumb Code    48  ffixui.o(.text)
    __I$use$semihosting                      0x000001f9   Thumb Code     0  use_no_semi.o(.text)
    __use_no_semihosting_swi                 0x000001f9   Thumb Code     2  use_no_semi.o(.text)
    CLKTRIM_IRQHandler                       0x000001fb   Thumb Code     2  interrupts_hc32l13x.o(i.CLKTRIM_IRQHandler)
    DMAC_IRQHandler                          0x000001fd   Thumb Code     2  interrupts_hc32l13x.o(i.DMAC_IRQHandler)
    FLASH_RAM_IRQHandler                     0x000001ff   Thumb Code     2  interrupts_hc32l13x.o(i.FLASH_RAM_IRQHandler)
    Flash_Read                               0x00000201   Thumb Code    20  save.o(.ARM.__at_0x00000200)
    Reset_Handler                            0x00000215   Thumb Code    26  startup_hc32l13x.o(.text)
    NMI_Handler                              0x0000022f   Thumb Code     2  startup_hc32l13x.o(.text)
    SVC_Handler                              0x00000233   Thumb Code     2  startup_hc32l13x.o(.text)
    PendSV_Handler                           0x00000235   Thumb Code     2  startup_hc32l13x.o(.text)
    __user_initial_stackheap                 0x0000023d   Thumb Code     0  startup_hc32l13x.o(.text)
    strcpy                                   0x0000026d   Thumb Code    70  strcpy.o(.text)
    _memset_w                                0x000002b9   Thumb Code    26  rt_memclr.o(.text)
    _memset                                  0x000002d3   Thumb Code    30  rt_memclr.o(.text)
    __aeabi_memclr                           0x000002f1   Thumb Code     4  rt_memclr.o(.text)
    __rt_memclr                              0x000002f1   Thumb Code     0  rt_memclr.o(.text)
    __aeabi_memclr4                          0x000002f5   Thumb Code     0  rt_memclr.o(.text)
    __aeabi_memclr8                          0x000002f5   Thumb Code     0  rt_memclr.o(.text)
    __rt_memclr_w                            0x000002f5   Thumb Code     4  rt_memclr.o(.text)
    __aeabi_uidiv                            0x000002f9   Thumb Code     0  aeabi_sdiv.o(.text)
    __aeabi_uidivmod                         0x000002f9   Thumb Code    20  aeabi_sdiv.o(.text)
    __aeabi_idiv                             0x0000030d   Thumb Code     0  aeabi_sdiv.o(.text)
    __aeabi_idivmod                          0x0000030d   Thumb Code   326  aeabi_sdiv.o(.text)
    __aeabi_fdiv                             0x00000455   Thumb Code     0  fdiv.o(.text)
    _fdiv                                    0x00000455   Thumb Code   334  fdiv.o(.text)
    _frdiv                                   0x000005a3   Thumb Code     8  fdiv.o(.text)
    __aeabi_i2f_normalise                    0x000005b5   Thumb Code    72  fflti.o(.text)
    __aeabi_i2f                              0x000005fd   Thumb Code    16  fflti.o(.text)
    _fflt                                    0x000005fd   Thumb Code     0  fflti.o(.text)
    __aeabi_ui2f                             0x0000060d   Thumb Code     6  fflti.o(.text)
    _ffltu                                   0x0000060d   Thumb Code     0  fflti.o(.text)
    __user_setup_stackheap                   0x00000613   Thumb Code    62  sys_stackheap_outer.o(.text)
    exit                                     0x00000651   Thumb Code    16  exit.o(.text)
    __user_libspace                          0x00000661   Thumb Code     8  libspace.o(.text)
    __user_perproc_libspace                  0x00000661   Thumb Code     0  libspace.o(.text)
    __user_perthread_libspace                0x00000661   Thumb Code     0  libspace.o(.text)
    main                                     0x00000669   Thumb Code    14  system_hc32l13x.o(i.$Sub$$main)
    ADC_IRQHandler                           0x00000679   Thumb Code    32  interrupts_hc32l13x.o(i.ADC_IRQHandler)
    AdcCalculate                             0x0000069d   Thumb Code    80  adcdriver.o(i.AdcCalculate)
    AdcInit                                  0x00000701   Thumb Code   112  adcdriver.o(i.AdcInit)
    Adc_CfgSqrChannel                        0x00000771   Thumb Code   436  adc.o(i.Adc_CfgSqrChannel)
    Adc_ClrIrqStatus                         0x00000929   Thumb Code    12  adc.o(i.Adc_ClrIrqStatus)
    Adc_EnableIrq                            0x00000939   Thumb Code    18  adc.o(i.Adc_EnableIrq)
    Adc_GetSqrResult                         0x00000951   Thumb Code    10  adc.o(i.Adc_GetSqrResult)
    Adc_Init                                 0x00000961   Thumb Code   102  adc.o(i.Adc_Init)
    Adc_SQR_Start                            0x000009cd   Thumb Code     8  adc.o(i.Adc_SQR_Start)
    Adc_SQR_Stop                             0x000009d9   Thumb Code     8  adc.o(i.Adc_SQR_Stop)
    Adc_SqrModeCfg                           0x000009e5   Thumb Code   112  adc.o(i.Adc_SqrModeCfg)
    Bgr_BgrEnable                            0x00000a59   Thumb Code    22  bgr.o(i.Bgr_BgrEnable)
    ClrAllLcd                                0x00000a9d   Thumb Code    48  lcddriver.o(i.ClrAllLcd)
    DigitalCalculate                         0x00000acd   Thumb Code    78  lcddriver.o(i.DigitalCalculate)
    Display2NDInterface                      0x00000b1d   Thumb Code   812  lcddriver.o(i.Display2NDInterface)
    DisplayMainInterface                     0x00000e65   Thumb Code   942  lcddriver.o(i.DisplayMainInterface)
    Display_SubpageOfH6                      0x00001235   Thumb Code   860  lcddriver.o(i.Display_SubpageOfH6)
    Display_SubpageOfHx                      0x000015ad   Thumb Code  1120  lcddriver.o(i.Display_SubpageOfHx)
    EnableNvic                               0x00001a19   Thumb Code   104  interrupts_hc32l13x.o(i.EnableNvic)
    Flash_Init                               0x00001a89   Thumb Code   188  flash.o(i.Flash_Init)
    Flash_LockAll                            0x00001b55   Thumb Code    16  flash.o(i.Flash_LockAll)
    Flash_SectorErase                        0x00001b71   Thumb Code   158  flash.o(i.Flash_SectorErase)
    Flash_UnlockAll                          0x00001c21   Thumb Code    18  flash.o(i.Flash_UnlockAll)
    Flash_WaitCycle                          0x00001c41   Thumb Code    38  flash.o(i.Flash_WaitCycle)
    Flash_WriteByte                          0x00001c75   Thumb Code   158  flash.o(i.Flash_WriteByte)
    GPIO_Init                                0x00001d25   Thumb Code  1202  init.o(i.GPIO_Init)
    GetBit                                   0x000021d7   Thumb Code    12  ddl.o(i.GetBit)
    Gpio_ClrIO                               0x000021e5   Thumb Code    22  gpio.o(i.Gpio_ClrIO)
    Gpio_GetInputIO                          0x00002201   Thumb Code    18  gpio.o(i.Gpio_GetInputIO)
    Gpio_Init                                0x00002219   Thumb Code   130  gpio.o(i.Gpio_Init)
    Gpio_SetAfMode                           0x000022a9   Thumb Code    16  gpio.o(i.Gpio_SetAfMode)
    Gpio_SetAnalogMode                       0x000022bd   Thumb Code    22  gpio.o(i.Gpio_SetAnalogMode)
    Gpio_SetIO                               0x000022d9   Thumb Code    22  gpio.o(i.Gpio_SetIO)
    HardFault_Handler                        0x000022f5   Thumb Code    16  interrupts_hc32l13x.o(i.HardFault_Handler)
    HexsTochars                              0x00002305   Thumb Code    96  lcddriver.o(i.HexsTochars)
    I2C0_IRQHandler                          0x00002365   Thumb Code     2  interrupts_hc32l13x.o(i.I2C0_IRQHandler)
    I2C1_IRQHandler                          0x00002367   Thumb Code     2  interrupts_hc32l13x.o(i.I2C1_IRQHandler)
    Init_LED                                 0x00002369   Thumb Code   166  init.o(i.Init_LED)
    KEY_Init                                 0x0000240f   Thumb Code    72  init.o(i.KEY_Init)
    LCD_IRQHandler                           0x00002457   Thumb Code     2  interrupts_hc32l13x.o(i.LCD_IRQHandler)
    LPTIM_IRQHandler                         0x00002459   Thumb Code    32  interrupts_hc32l13x.o(i.LPTIM_IRQHandler)
    LPTimerInit                              0x00002481   Thumb Code    86  init.o(i.LPTimerInit)
    LPUART0_IRQHandler                       0x000024e1   Thumb Code     2  interrupts_hc32l13x.o(i.LPUART0_IRQHandler)
    LPUART1_IRQHandler                       0x000024e3   Thumb Code     2  interrupts_hc32l13x.o(i.LPUART1_IRQHandler)
    LVD_IRQHandler                           0x000024e5   Thumb Code     2  interrupts_hc32l13x.o(i.LVD_IRQHandler)
    LcdReturnMain                            0x000024e9   Thumb Code   336  lcddriver.o(i.LcdReturnMain)
    LoRaWorkStateTran                        0x00002659   Thumb Code    18  lorafun.o(i.LoRaWorkStateTran)
    Logic                                    0x00002671   Thumb Code   396  logic.o(i.Logic)
    Lptim_ClrItStatus                        0x00002809   Thumb Code    18  lptim.o(i.Lptim_ClrItStatus)
    Lptim_Cmd                                0x0000281b   Thumb Code    20  lptim.o(i.Lptim_Cmd)
    Lptim_ConfIt                             0x0000282f   Thumb Code    20  lptim.o(i.Lptim_ConfIt)
    Lptim_GetItStatus                        0x00002843   Thumb Code    16  lptim.o(i.Lptim_GetItStatus)
    Lptim_Init                               0x00002853   Thumb Code   170  lptim.o(i.Lptim_Init)
    MsgPost                                  0x000028fd   Thumb Code    36  framework.o(i.MsgPost)
    PCA_IRQHandler                           0x00002929   Thumb Code     2  interrupts_hc32l13x.o(i.PCA_IRQHandler)
    PCNT_IRQHandler                          0x0000292b   Thumb Code     2  interrupts_hc32l13x.o(i.PCNT_IRQHandler)
    PORTA_IRQHandler                         0x0000292d   Thumb Code     2  interrupts_hc32l13x.o(i.PORTA_IRQHandler)
    PORTB_IRQHandler                         0x0000292f   Thumb Code     2  interrupts_hc32l13x.o(i.PORTB_IRQHandler)
    PORTC_IRQHandler                         0x00002931   Thumb Code     2  interrupts_hc32l13x.o(i.PORTC_IRQHandler)
    PORTD_IRQHandler                         0x00002933   Thumb Code     2  interrupts_hc32l13x.o(i.PORTD_IRQHandler)
    ParaInit                                 0x00002935   Thumb Code   116  init.o(i.ParaInit)
    RTC_IRQHandler                           0x00002a15   Thumb Code     2  interrupts_hc32l13x.o(i.RTC_IRQHandler)
    SPI0_IRQHandler                          0x00002a17   Thumb Code     2  interrupts_hc32l13x.o(i.SPI0_IRQHandler)
    SPI1_IRQHandler                          0x00002a19   Thumb Code     2  interrupts_hc32l13x.o(i.SPI1_IRQHandler)
    SPI_Init                                 0x00002a1d   Thumb Code   118  init.o(i.SPI_Init)
    SPI_Send_Data                            0x00002a99   Thumb Code    44  init.o(i.SPI_Send_Data)
    Screen                                   0x00002ac9   Thumb Code    62  lcddriver.o(i.Screen)
    Send_Device_Data                         0x00002b11   Thumb Code   508  lorafun.o(i.Send_Device_Data)
    Send_Device_Type                         0x00002d1d   Thumb Code   120  lorafun.o(i.Send_Device_Type)
    SetBit                                   0x00002d99   Thumb Code    30  ddl.o(i.SetBit)
    SetLoRaPrio                              0x00002db9   Thumb Code    26  lorafun.o(i.SetLoRaPrio)
    SetLogicPrio                             0x00002ddd   Thumb Code    26  logic.o(i.SetLogicPrio)
    Spi_GetStatus                            0x00002e01   Thumb Code    18  spi.o(i.Spi_GetStatus)
    Spi_Init                                 0x00002e13   Thumb Code    32  spi.o(i.Spi_Init)
    Spi_SendData                             0x00002e33   Thumb Code     8  spi.o(i.Spi_SendData)
    Spi_SetCS                                0x00002e3b   Thumb Code     4  spi.o(i.Spi_SetCS)
    StartUartPackageTx                       0x00002e41   Thumb Code    20  uart_driver.o(i.StartUartPackageTx)
    SysClockInit                             0x00002e59   Thumb Code    44  init.o(i.SysClockInit)
    SysParameterInit                         0x00002e85   Thumb Code    42  init.o(i.SysParameterInit)
    SysTick_Handler                          0x00002eb5   Thumb Code     8  interrupts_hc32l13x.o(i.SysTick_Handler)
    Sysctrl_ClkInit                          0x00002ebd   Thumb Code   106  sysctrl.o(i.Sysctrl_ClkInit)
    Sysctrl_ClkSourceEnable                  0x00002f29   Thumb Code   352  sysctrl.o(i.Sysctrl_ClkSourceEnable)
    Sysctrl_GetHClkFreq                      0x00003095   Thumb Code   354  sysctrl.o(i.Sysctrl_GetHClkFreq)
    Sysctrl_GetPClkFreq                      0x00003209   Thumb Code    28  sysctrl.o(i.Sysctrl_GetPClkFreq)
    Sysctrl_SetHCLKDiv                       0x00003229   Thumb Code    36  sysctrl.o(i.Sysctrl_SetHCLKDiv)
    Sysctrl_SetPCLKDiv                       0x00003251   Thumb Code    36  sysctrl.o(i.Sysctrl_SetPCLKDiv)
    Sysctrl_SetPLLStableTime                 0x00003279   Thumb Code    32  sysctrl.o(i.Sysctrl_SetPLLStableTime)
    Sysctrl_SetPeripheralGate                0x0000329d   Thumb Code    20  sysctrl.o(i.Sysctrl_SetPeripheralGate)
    Sysctrl_SetRCHTrim                       0x000032b5   Thumb Code    32  sysctrl.o(i.Sysctrl_SetRCHTrim)
    Sysctrl_SetRCLStableTime                 0x000032dd   Thumb Code    32  sysctrl.o(i.Sysctrl_SetRCLStableTime)
    Sysctrl_SetRTCAdjustClkFreq              0x00003301   Thumb Code    36  sysctrl.o(i.Sysctrl_SetRTCAdjustClkFreq)
    Sysctrl_SetXTHStableTime                 0x00003329   Thumb Code    28  sysctrl.o(i.Sysctrl_SetXTHStableTime)
    Sysctrl_SetXTLStableTime                 0x00003349   Thumb Code    28  sysctrl.o(i.Sysctrl_SetXTLStableTime)
    Sysctrl_SysClkSwitch                     0x00003369   Thumb Code    40  sysctrl.o(i.Sysctrl_SysClkSwitch)
    Sysctrl_XTHDriverCfg                     0x00003395   Thumb Code    24  sysctrl.o(i.Sysctrl_XTHDriverCfg)
    Sysctrl_XTLDriverCfg                     0x000033b1   Thumb Code    46  sysctrl.o(i.Sysctrl_XTLDriverCfg)
    SystemCoreClockUpdate                    0x000033e5   Thumb Code    12  system_hc32l13x.o(i.SystemCoreClockUpdate)
    SystemInit                               0x000033f5   Thumb Code    56  system_hc32l13x.o(i.SystemInit)
    TIM0_IRQHandler                          0x00003435   Thumb Code     2  interrupts_hc32l13x.o(i.TIM0_IRQHandler)
    TIM1_IRQHandler                          0x00003437   Thumb Code     2  interrupts_hc32l13x.o(i.TIM1_IRQHandler)
    TIM2_IRQHandler                          0x00003439   Thumb Code     2  interrupts_hc32l13x.o(i.TIM2_IRQHandler)
    TIM3_IRQHandler                          0x0000343d   Thumb Code    32  interrupts_hc32l13x.o(i.TIM3_IRQHandler)
    TIM4_IRQHandler                          0x00003461   Thumb Code     2  interrupts_hc32l13x.o(i.TIM4_IRQHandler)
    TIM5_IRQHandler                          0x00003463   Thumb Code     2  interrupts_hc32l13x.o(i.TIM5_IRQHandler)
    TIM6_IRQHandler                          0x00003465   Thumb Code     2  interrupts_hc32l13x.o(i.TIM6_IRQHandler)
    TaskAdc                                  0x00003469   Thumb Code   468  adcdriver.o(i.TaskAdc)
    TaskKey                                  0x0000364d   Thumb Code  1816  scankey.o(i.TaskKey)
    TaskLoRa                                 0x00003d8d   Thumb Code  1162  lorafun.o(i.TaskLoRa)
    TaskUart                                 0x00004221   Thumb Code   188  uart_driver.o(i.TaskUart)
    ThreadScheduler                          0x000042e1   Thumb Code   178  framework.o(i.ThreadScheduler)
    Tim3_ClearIntFlag                        0x000043ad   Thumb Code    16  timer3.o(i.Tim3_ClearIntFlag)
    Tim3_GetIntFlag                          0x000043c1   Thumb Code    18  timer3.o(i.Tim3_GetIntFlag)
    Tim3_M0_ARRSet                           0x000043d9   Thumb Code    22  timer3.o(i.Tim3_M0_ARRSet)
    Tim3_M0_Cnt16Set                         0x000043f5   Thumb Code    22  timer3.o(i.Tim3_M0_Cnt16Set)
    Tim3_M0_Run                              0x00004411   Thumb Code    18  timer3.o(i.Tim3_M0_Run)
    Tim3_Mode0_EnableIrq                     0x00004429   Thumb Code    20  timer3.o(i.Tim3_Mode0_EnableIrq)
    Tim3_Mode0_Init                          0x00004441   Thumb Code   168  timer3.o(i.Tim3_Mode0_Init)
    Timer3Init                               0x000044ed   Thumb Code    88  init.o(i.Timer3Init)
    TimerFunction                            0x00004549   Thumb Code   156  rtcfun.o(i.TimerFunction)
    UART0_IRQHandler                         0x000045ed   Thumb Code     2  interrupts_hc32l13x.o(i.UART0_IRQHandler)
    UART1_IRQHandler                         0x000045f1   Thumb Code   136  interrupts_hc32l13x.o(i.UART1_IRQHandler)
    Uart1_Init                               0x00004689   Thumb Code   166  init.o(i.Uart1_Init)
    Uart_ClrStatus                           0x00004735   Thumb Code    22  uart.o(i.Uart_ClrStatus)
    Uart_DisableIrq                          0x0000474b   Thumb Code    20  uart.o(i.Uart_DisableIrq)
    Uart_EnableFunc                          0x0000475f   Thumb Code    20  uart.o(i.Uart_EnableFunc)
    Uart_EnableIrq                           0x00004773   Thumb Code    20  uart.o(i.Uart_EnableIrq)
    Uart_GetStatus                           0x00004787   Thumb Code    24  uart.o(i.Uart_GetStatus)
    Uart_Init                                0x000047a1   Thumb Code   144  uart.o(i.Uart_Init)
    Uart_ReceiveData                         0x00004835   Thumb Code     8  uart.o(i.Uart_ReceiveData)
    Uart_SendDataIt                          0x0000483d   Thumb Code    18  uart.o(i.Uart_SendDataIt)
    VC0_IRQHandler                           0x0000484f   Thumb Code     2  interrupts_hc32l13x.o(i.VC0_IRQHandler)
    VC1_IRQHandler                           0x00004851   Thumb Code     2  interrupts_hc32l13x.o(i.VC1_IRQHandler)
    WDT_IRQHandler                           0x00004853   Thumb Code     2  interrupts_hc32l13x.o(i.WDT_IRQHandler)
    Wdt_Feed                                 0x00004855   Thumb Code    12  wdt.o(i.Wdt_Feed)
    WorkStateTran                            0x00004865   Thumb Code    18  logic.o(i.WorkStateTran)
    __ARM_common_switch8                     0x000048b1   Thumb Code    28  sysctrl.o(i.__ARM_common_switch8)
    _sys_exit                                0x00004945   Thumb Code     4  ddl.o(i._sys_exit)
    ddl_memclr                               0x00004949   Thumb Code    32  ddl.o(i.ddl_memclr)
    delay10us                                0x00004969   Thumb Code    74  ddl.o(i.delay10us)
    delay1ms                                 0x000049c5   Thumb Code    76  ddl.o(i.delay1ms)
    $Super$$main                             0x00004a1d   Thumb Code    74  main.o(i.main)
    __aeabi_fadd                             0x00004a71   Thumb Code     0  faddsub.o(x$fpl$fadd)
    _fadd                                    0x00004a71   Thumb Code   134  faddsub.o(x$fpl$fadd)
    __aeabi_fsub                             0x00004afd   Thumb Code     0  faddsub.o(x$fpl$fsub)
    _fsub                                    0x00004afd   Thumb Code   204  faddsub.o(x$fpl$fsub)
    __I$use$fp                               0x00004bcc   Number         0  usenofp.o(x$fpl$usenofp)
    pu32PcgTimer4M                           0x00004bcc   Data          32  flash.o(.constdata)
    PRIORITY_TABLE                           0x00004c0c   Data          16  framework.o(.constdata)
    READY_CLR_AND                            0x00004c1c   Data           9  framework.o(.constdata)
    Region$$Table$$Base                      0x00004c68   Number         0  anon$$obj.o(Region$$Table)
    Region$$Table$$Limit                     0x00004c88   Number         0  anon$$obj.o(Region$$Table)
    PressureValue                            0x20000002   Data           2  global_variable.o(.data)
    DeviceState                              0x20000004   Data           2  global_variable.o(.data)
    DeviceEvent                              0x20000006   Data           1  global_variable.o(.data)
    SystemCoreClock                          0x20000008   Data           4  system_hc32l13x.o(.data)
    ThreadReadyList                          0x2000000c   Data           1  framework.o(.data)
    Msg                                      0x2000000d   Data           8  framework.o(.data)
    curADC                                   0x20000016   Data           2  adcdriver.o(.data)
    EditData                                 0x20000018   Data           4  logic.o(.data)
    WorkState                                0x2000001c   Data           1  logic.o(.data)
    gErrorBuf                                0x2000001e   Data           2  logic.o(.data)
    temp                                     0x20000028   Data           2  scankey.o(.data)
    gGui_State                               0x2000002a   Data           1  lcddriver.o(.data)
    gGui_2nd_Num                             0x2000002b   Data           1  lcddriver.o(.data)
    gGui_3rd_Num                             0x2000002c   Data           1  lcddriver.o(.data)
    g_edit_area                              0x2000002e   Data           1  lcddriver.o(.data)
    g_bar_tube_num                           0x2000002f   Data           1  lcddriver.o(.data)
    TmrMinTab                                0x20000050   Data           5  rtcfun.o(.data)
    flashInformationAddress                  0x20000058   Data           4  save.o(.data)
    LoRaState                                0x20000060   Data           1  lorafun.o(.data)
    EnterShortKeyNum                         0x20000061   Data           1  lorafun.o(.data)
    SysParameter                             0x20000068   Data          14  global_variable.o(.bss)
    TmrSecTab                                0x20000076   Data          11  rtcfun.o(.bss)
    DataTxBuff                               0x20000081   Data         100  uart_driver.o(.bss)
    UsartRxData                              0x200000e5   Data         103  uart_driver.o(.bss)
    __libspace_start                         0x2000014c   Data          96  libspace.o(.bss)
    __temporary_stack_top$libspace           0x200001ac   Data           0  libspace.o(.bss)



==============================================================================

Memory Map of the image

  Image Entry point : 0x000000c1

  Load Region LR_IROM1 (Base: 0x00000000, Size: 0x00004cf0, Max: 0x00010000, ABSOLUTE)

    Execution Region ER_IROM1 (Exec base: 0x00000000, Load base: 0x00000000, Size: 0x00004c88, Max: 0x00010000, ABSOLUTE)

    Exec Addr    Load Addr    Size         Type   Attr      Idx    E Section Name        Object

    0x00000000   0x00000000   0x000000c0   Data   RO         2207    RESET               startup_hc32l13x.o
    0x000000c0   0x000000c0   0x00000008   Code   RO         2673  * !!!main             c_p.l(__main.o)
    0x000000c8   0x000000c8   0x0000001a   Code   RO         2854    !!handler_copy      c_p.l(__scatter_copy.o)
    0x000000e2   0x000000e2   0x00000002   PAD
    0x000000e4   0x000000e4   0x0000001c   Code   RO         2856    !!handler_zi        c_p.l(__scatter_zi.o)
    0x00000100   0x00000100   0x00000022   Code   RO         2519    .ARM.__at_0x00000100  save.o
    0x00000122   0x00000122   0x00000002   PAD
    0x00000124   0x00000124   0x0000003c   Code   RO         2852    !!!scatter          c_p.l(__scatter.o)
    0x00000160   0x00000160   0x00000002   Code   RO         2727    .ARM.Collect$$libinit$$00000000  c_p.l(libinit.o)
    0x00000162   0x00000162   0x00000000   Code   RO         2741    .ARM.Collect$$libinit$$00000002  c_p.l(libinit2.o)
    0x00000162   0x00000162   0x00000000   Code   RO         2743    .ARM.Collect$$libinit$$00000004  c_p.l(libinit2.o)
    0x00000162   0x00000162   0x00000000   Code   RO         2746    .ARM.Collect$$libinit$$0000000A  c_p.l(libinit2.o)
    0x00000162   0x00000162   0x00000000   Code   RO         2748    .ARM.Collect$$libinit$$0000000C  c_p.l(libinit2.o)
    0x00000162   0x00000162   0x00000000   Code   RO         2750    .ARM.Collect$$libinit$$0000000E  c_p.l(libinit2.o)
    0x00000162   0x00000162   0x00000000   Code   RO         2753    .ARM.Collect$$libinit$$00000011  c_p.l(libinit2.o)
    0x00000162   0x00000162   0x00000000   Code   RO         2755    .ARM.Collect$$libinit$$00000013  c_p.l(libinit2.o)
    0x00000162   0x00000162   0x00000000   Code   RO         2757    .ARM.Collect$$libinit$$00000015  c_p.l(libinit2.o)
    0x00000162   0x00000162   0x00000000   Code   RO         2759    .ARM.Collect$$libinit$$00000017  c_p.l(libinit2.o)
    0x00000162   0x00000162   0x00000000   Code   RO         2761    .ARM.Collect$$libinit$$00000019  c_p.l(libinit2.o)
    0x00000162   0x00000162   0x00000000   Code   RO         2763    .ARM.Collect$$libinit$$0000001B  c_p.l(libinit2.o)
    0x00000162   0x00000162   0x00000000   Code   RO         2765    .ARM.Collect$$libinit$$0000001D  c_p.l(libinit2.o)
    0x00000162   0x00000162   0x00000000   Code   RO         2767    .ARM.Collect$$libinit$$0000001F  c_p.l(libinit2.o)
    0x00000162   0x00000162   0x00000000   Code   RO         2769    .ARM.Collect$$libinit$$00000021  c_p.l(libinit2.o)
    0x00000162   0x00000162   0x00000000   Code   RO         2771    .ARM.Collect$$libinit$$00000023  c_p.l(libinit2.o)
    0x00000162   0x00000162   0x00000000   Code   RO         2773    .ARM.Collect$$libinit$$00000025  c_p.l(libinit2.o)
    0x00000162   0x00000162   0x00000000   Code   RO         2777    .ARM.Collect$$libinit$$0000002C  c_p.l(libinit2.o)
    0x00000162   0x00000162   0x00000000   Code   RO         2779    .ARM.Collect$$libinit$$0000002E  c_p.l(libinit2.o)
    0x00000162   0x00000162   0x00000000   Code   RO         2781    .ARM.Collect$$libinit$$00000030  c_p.l(libinit2.o)
    0x00000162   0x00000162   0x00000000   Code   RO         2783    .ARM.Collect$$libinit$$00000032  c_p.l(libinit2.o)
    0x00000162   0x00000162   0x00000002   Code   RO         2784    .ARM.Collect$$libinit$$00000033  c_p.l(libinit2.o)
    0x00000164   0x00000164   0x00000002   Code   RO         2808    .ARM.Collect$$libshutdown$$00000000  c_p.l(libshutdown.o)
    0x00000166   0x00000166   0x00000000   Code   RO         2834    .ARM.Collect$$libshutdown$$00000002  c_p.l(libshutdown2.o)
    0x00000166   0x00000166   0x00000000   Code   RO         2836    .ARM.Collect$$libshutdown$$00000004  c_p.l(libshutdown2.o)
    0x00000166   0x00000166   0x00000000   Code   RO         2839    .ARM.Collect$$libshutdown$$00000007  c_p.l(libshutdown2.o)
    0x00000166   0x00000166   0x00000000   Code   RO         2842    .ARM.Collect$$libshutdown$$0000000A  c_p.l(libshutdown2.o)
    0x00000166   0x00000166   0x00000000   Code   RO         2844    .ARM.Collect$$libshutdown$$0000000C  c_p.l(libshutdown2.o)
    0x00000166   0x00000166   0x00000000   Code   RO         2847    .ARM.Collect$$libshutdown$$0000000F  c_p.l(libshutdown2.o)
    0x00000166   0x00000166   0x00000002   Code   RO         2848    .ARM.Collect$$libshutdown$$00000010  c_p.l(libshutdown2.o)
    0x00000168   0x00000168   0x00000000   Code   RO         2690    .ARM.Collect$$rtentry$$00000000  c_p.l(__rtentry.o)
    0x00000168   0x00000168   0x00000000   Code   RO         2697    .ARM.Collect$$rtentry$$00000002  c_p.l(__rtentry2.o)
    0x00000168   0x00000168   0x00000006   Code   RO         2709    .ARM.Collect$$rtentry$$00000004  c_p.l(__rtentry4.o)
    0x0000016e   0x0000016e   0x00000000   Code   RO         2699    .ARM.Collect$$rtentry$$00000009  c_p.l(__rtentry2.o)
    0x0000016e   0x0000016e   0x00000004   Code   RO         2700    .ARM.Collect$$rtentry$$0000000A  c_p.l(__rtentry2.o)
    0x00000172   0x00000172   0x00000000   Code   RO         2702    .ARM.Collect$$rtentry$$0000000C  c_p.l(__rtentry2.o)
    0x00000172   0x00000172   0x00000008   Code   RO         2703    .ARM.Collect$$rtentry$$0000000D  c_p.l(__rtentry2.o)
    0x0000017a   0x0000017a   0x00000002   Code   RO         2732    .ARM.Collect$$rtexit$$00000000  c_p.l(rtexit.o)
    0x0000017c   0x0000017c   0x00000000   Code   RO         2786    .ARM.Collect$$rtexit$$00000002  c_p.l(rtexit2.o)
    0x0000017c   0x0000017c   0x00000004   Code   RO         2787    .ARM.Collect$$rtexit$$00000003  c_p.l(rtexit2.o)
    0x00000180   0x00000180   0x00000006   Code   RO         2788    .ARM.Collect$$rtexit$$00000004  c_p.l(rtexit2.o)
    0x00000186   0x00000186   0x00000002   PAD
    0x00000188   0x00000188   0x00000038   Code   RO         2661    .emb_text           c_p.l(rt_memcpy.o)
    0x000001c0   0x000001c0   0x00000002   Code   RO         2657    .text               c_p.l(use_no_semi_2.o)
    0x000001c2   0x000001c2   0x00000006   Code   RO         2671    .text               c_p.l(heapauxi.o)
    0x000001c8   0x000001c8   0x00000030   Code   RO         2684    .text               fz_ps.l(ffixui.o)
    0x000001f8   0x000001f8   0x00000002   Code   RO         2688    .text               c_p.l(use_no_semi.o)
    0x000001fa   0x000001fa   0x00000002   Code   RO            4    i.CLKTRIM_IRQHandler  interrupts_hc32l13x.o
    0x000001fc   0x000001fc   0x00000002   Code   RO            5    i.DMAC_IRQHandler   interrupts_hc32l13x.o
    0x000001fe   0x000001fe   0x00000002   Code   RO            7    i.FLASH_RAM_IRQHandler  interrupts_hc32l13x.o
    0x00000200   0x00000200   0x00000014   Code   RO         2520    .ARM.__at_0x00000200  save.o
    0x00000214   0x00000214   0x00000058   Code   RO         2208    .text               startup_hc32l13x.o
    0x0000026c   0x0000026c   0x0000004c   Code   RO         2659    .text               c_p.l(strcpy.o)
    0x000002b8   0x000002b8   0x00000040   Code   RO         2665    .text               c_p.l(rt_memclr.o)
    0x000002f8   0x000002f8   0x0000015a   Code   RO         2667    .text               c_p.l(aeabi_sdiv.o)
    0x00000452   0x00000452   0x00000002   PAD
    0x00000454   0x00000454   0x00000160   Code   RO         2681    .text               fz_ps.l(fdiv.o)
    0x000005b4   0x000005b4   0x0000005e   Code   RO         2686    .text               fz_ps.l(fflti.o)
    0x00000612   0x00000612   0x0000003e   Code   RO         2713    .text               c_p.l(sys_stackheap_outer.o)
    0x00000650   0x00000650   0x00000010   Code   RO         2716    .text               c_p.l(exit.o)
    0x00000660   0x00000660   0x00000008   Code   RO         2728    .text               c_p.l(libspace.o)
    0x00000668   0x00000668   0x0000000e   Code   RO         2214    i.$Sub$$main        system_hc32l13x.o
    0x00000676   0x00000676   0x00000002   PAD
    0x00000678   0x00000678   0x00000024   Code   RO            3    i.ADC_IRQHandler    interrupts_hc32l13x.o
    0x0000069c   0x0000069c   0x00000064   Code   RO         2296    i.AdcCalculate      adcdriver.o
    0x00000700   0x00000700   0x00000070   Code   RO         2297    i.AdcInit           adcdriver.o
    0x00000770   0x00000770   0x000001b8   Code   RO         2033    i.Adc_CfgSqrChannel  adc.o
    0x00000928   0x00000928   0x00000010   Code   RO         2035    i.Adc_ClrIrqStatus  adc.o
    0x00000938   0x00000938   0x00000018   Code   RO         2039    i.Adc_EnableIrq     adc.o
    0x00000950   0x00000950   0x00000010   Code   RO         2044    i.Adc_GetSqrResult  adc.o
    0x00000960   0x00000960   0x0000006c   Code   RO         2045    i.Adc_Init          adc.o
    0x000009cc   0x000009cc   0x0000000c   Code   RO         2052    i.Adc_SQR_Start     adc.o
    0x000009d8   0x000009d8   0x0000000c   Code   RO         2053    i.Adc_SQR_Stop      adc.o
    0x000009e4   0x000009e4   0x00000074   Code   RO         2056    i.Adc_SqrModeCfg    adc.o
    0x00000a58   0x00000a58   0x0000001c   Code   RO         1994    i.Bgr_BgrEnable     bgr.o
    0x00000a74   0x00000a74   0x00000028   Code   RO         2557    i.ClearRxBuffer     uart_driver.o
    0x00000a9c   0x00000a9c   0x00000030   Code   RO         2396    i.ClrAllLcd         lcddriver.o
    0x00000acc   0x00000acc   0x0000004e   Code   RO         2397    i.DigitalCalculate  lcddriver.o
    0x00000b1a   0x00000b1a   0x00000002   PAD
    0x00000b1c   0x00000b1c   0x00000348   Code   RO         2398    i.Display2NDInterface  lcddriver.o
    0x00000e64   0x00000e64   0x000003d0   Code   RO         2399    i.DisplayMainInterface  lcddriver.o
    0x00001234   0x00001234   0x00000378   Code   RO         2400    i.Display_SubpageOfH6  lcddriver.o
    0x000015ac   0x000015ac   0x0000046c   Code   RO         2401    i.Display_SubpageOfHx  lcddriver.o
    0x00001a18   0x00001a18   0x00000070   Code   RO            6    i.EnableNvic        interrupts_hc32l13x.o
    0x00001a88   0x00001a88   0x000000cc   Code   RO          536    i.Flash_Init        flash.o
    0x00001b54   0x00001b54   0x0000001c   Code   RO          537    i.Flash_LockAll     flash.o
    0x00001b70   0x00001b70   0x000000b0   Code   RO          539    i.Flash_SectorErase  flash.o
    0x00001c20   0x00001c20   0x00000020   Code   RO          540    i.Flash_UnlockAll   flash.o
    0x00001c40   0x00001c40   0x00000034   Code   RO          541    i.Flash_WaitCycle   flash.o
    0x00001c74   0x00001c74   0x000000b0   Code   RO          542    i.Flash_WriteByte   flash.o
    0x00001d24   0x00001d24   0x000004b2   Code   RO          403    i.GPIO_Init         init.o
    0x000021d6   0x000021d6   0x0000000c   Code   RO         1823    i.GetBit            ddl.o
    0x000021e2   0x000021e2   0x00000002   PAD
    0x000021e4   0x000021e4   0x0000001c   Code   RO          633    i.Gpio_ClrIO        gpio.o
    0x00002200   0x00002200   0x00000018   Code   RO          638    i.Gpio_GetInputIO   gpio.o
    0x00002218   0x00002218   0x00000090   Code   RO          640    i.Gpio_Init         gpio.o
    0x000022a8   0x000022a8   0x00000014   Code   RO          642    i.Gpio_SetAfMode    gpio.o
    0x000022bc   0x000022bc   0x0000001c   Code   RO          643    i.Gpio_SetAnalogMode  gpio.o
    0x000022d8   0x000022d8   0x0000001c   Code   RO          645    i.Gpio_SetIO        gpio.o
    0x000022f4   0x000022f4   0x00000010   Code   RO            8    i.HardFault_Handler  interrupts_hc32l13x.o
    0x00002304   0x00002304   0x00000060   Code   RO         2403    i.HexsTochars       lcddriver.o
    0x00002364   0x00002364   0x00000002   Code   RO            9    i.I2C0_IRQHandler   interrupts_hc32l13x.o
    0x00002366   0x00002366   0x00000002   Code   RO           10    i.I2C1_IRQHandler   interrupts_hc32l13x.o
    0x00002368   0x00002368   0x000000a6   Code   RO          404    i.Init_LED          init.o
    0x0000240e   0x0000240e   0x00000048   Code   RO          405    i.KEY_Init          init.o
    0x00002456   0x00002456   0x00000002   Code   RO           11    i.LCD_IRQHandler    interrupts_hc32l13x.o
    0x00002458   0x00002458   0x00000028   Code   RO           12    i.LPTIM_IRQHandler  interrupts_hc32l13x.o
    0x00002480   0x00002480   0x00000060   Code   RO          406    i.LPTimerInit       init.o
    0x000024e0   0x000024e0   0x00000002   Code   RO           13    i.LPUART0_IRQHandler  interrupts_hc32l13x.o
    0x000024e2   0x000024e2   0x00000002   Code   RO           14    i.LPUART1_IRQHandler  interrupts_hc32l13x.o
    0x000024e4   0x000024e4   0x00000002   Code   RO           15    i.LVD_IRQHandler    interrupts_hc32l13x.o
    0x000024e6   0x000024e6   0x00000002   PAD
    0x000024e8   0x000024e8   0x00000170   Code   RO         2404    i.LcdReturnMain     lcddriver.o
    0x00002658   0x00002658   0x00000018   Code   RO         2600    i.LoRaWorkStateTran  lorafun.o
    0x00002670   0x00002670   0x00000198   Code   RO         2334    i.Logic             logic.o
    0x00002808   0x00002808   0x00000012   Code   RO          828    i.Lptim_ClrItStatus  lptim.o
    0x0000281a   0x0000281a   0x00000014   Code   RO          829    i.Lptim_Cmd         lptim.o
    0x0000282e   0x0000282e   0x00000014   Code   RO          830    i.Lptim_ConfIt      lptim.o
    0x00002842   0x00002842   0x00000010   Code   RO          831    i.Lptim_GetItStatus  lptim.o
    0x00002852   0x00002852   0x000000aa   Code   RO          832    i.Lptim_Init        lptim.o
    0x000028fc   0x000028fc   0x0000002c   Code   RO         2257    i.MsgPost           framework.o
    0x00002928   0x00002928   0x00000002   Code   RO           16    i.PCA_IRQHandler    interrupts_hc32l13x.o
    0x0000292a   0x0000292a   0x00000002   Code   RO           17    i.PCNT_IRQHandler   interrupts_hc32l13x.o
    0x0000292c   0x0000292c   0x00000002   Code   RO           18    i.PORTA_IRQHandler  interrupts_hc32l13x.o
    0x0000292e   0x0000292e   0x00000002   Code   RO           19    i.PORTB_IRQHandler  interrupts_hc32l13x.o
    0x00002930   0x00002930   0x00000002   Code   RO           20    i.PORTC_IRQHandler  interrupts_hc32l13x.o
    0x00002932   0x00002932   0x00000002   Code   RO           21    i.PORTD_IRQHandler  interrupts_hc32l13x.o
    0x00002934   0x00002934   0x00000080   Code   RO          407    i.ParaInit          init.o
    0x000029b4   0x000029b4   0x00000060   Code   RO         2487    i.RTCMinFunction    rtcfun.o
    0x00002a14   0x00002a14   0x00000002   Code   RO           22    i.RTC_IRQHandler    interrupts_hc32l13x.o
    0x00002a16   0x00002a16   0x00000002   Code   RO           23    i.SPI0_IRQHandler   interrupts_hc32l13x.o
    0x00002a18   0x00002a18   0x00000002   Code   RO           24    i.SPI1_IRQHandler   interrupts_hc32l13x.o
    0x00002a1a   0x00002a1a   0x00000002   PAD
    0x00002a1c   0x00002a1c   0x0000007c   Code   RO          408    i.SPI_Init          init.o
    0x00002a98   0x00002a98   0x00000030   Code   RO          409    i.SPI_Send_Data     init.o
    0x00002ac8   0x00002ac8   0x00000048   Code   RO         2405    i.Screen            lcddriver.o
    0x00002b10   0x00002b10   0x0000020c   Code   RO         2602    i.Send_Device_Data  lorafun.o
    0x00002d1c   0x00002d1c   0x0000007c   Code   RO         2603    i.Send_Device_Type  lorafun.o
    0x00002d98   0x00002d98   0x0000001e   Code   RO         1825    i.SetBit            ddl.o
    0x00002db6   0x00002db6   0x00000002   PAD
    0x00002db8   0x00002db8   0x00000024   Code   RO         2604    i.SetLoRaPrio       lorafun.o
    0x00002ddc   0x00002ddc   0x00000024   Code   RO         2335    i.SetLogicPrio      logic.o
    0x00002e00   0x00002e00   0x00000012   Code   RO         1922    i.Spi_GetStatus     spi.o
    0x00002e12   0x00002e12   0x00000020   Code   RO         1923    i.Spi_Init          spi.o
    0x00002e32   0x00002e32   0x00000008   Code   RO         1927    i.Spi_SendData      spi.o
    0x00002e3a   0x00002e3a   0x00000004   Code   RO         1928    i.Spi_SetCS         spi.o
    0x00002e3e   0x00002e3e   0x00000002   PAD
    0x00002e40   0x00002e40   0x00000018   Code   RO         2558    i.StartUartPackageTx  uart_driver.o
    0x00002e58   0x00002e58   0x0000002c   Code   RO          410    i.SysClockInit      init.o
    0x00002e84   0x00002e84   0x00000030   Code   RO          411    i.SysParameterInit  init.o
    0x00002eb4   0x00002eb4   0x00000008   Code   RO           25    i.SysTick_Handler   interrupts_hc32l13x.o
    0x00002ebc   0x00002ebc   0x0000006a   Code   RO         1168    i.Sysctrl_ClkInit   sysctrl.o
    0x00002f26   0x00002f26   0x00000002   PAD
    0x00002f28   0x00002f28   0x0000016c   Code   RO         1169    i.Sysctrl_ClkSourceEnable  sysctrl.o
    0x00003094   0x00003094   0x00000174   Code   RO         1170    i.Sysctrl_GetHClkFreq  sysctrl.o
    0x00003208   0x00003208   0x00000020   Code   RO         1171    i.Sysctrl_GetPClkFreq  sysctrl.o
    0x00003228   0x00003228   0x00000028   Code   RO         1174    i.Sysctrl_SetHCLKDiv  sysctrl.o
    0x00003250   0x00003250   0x00000028   Code   RO         1175    i.Sysctrl_SetPCLKDiv  sysctrl.o
    0x00003278   0x00003278   0x00000024   Code   RO         1177    i.Sysctrl_SetPLLStableTime  sysctrl.o
    0x0000329c   0x0000329c   0x00000018   Code   RO         1178    i.Sysctrl_SetPeripheralGate  sysctrl.o
    0x000032b4   0x000032b4   0x00000028   Code   RO         1179    i.Sysctrl_SetRCHTrim  sysctrl.o
    0x000032dc   0x000032dc   0x00000024   Code   RO         1180    i.Sysctrl_SetRCLStableTime  sysctrl.o
    0x00003300   0x00003300   0x00000028   Code   RO         1182    i.Sysctrl_SetRTCAdjustClkFreq  sysctrl.o
    0x00003328   0x00003328   0x00000020   Code   RO         1184    i.Sysctrl_SetXTHStableTime  sysctrl.o
    0x00003348   0x00003348   0x00000020   Code   RO         1185    i.Sysctrl_SetXTLStableTime  sysctrl.o
    0x00003368   0x00003368   0x0000002c   Code   RO         1186    i.Sysctrl_SysClkSwitch  sysctrl.o
    0x00003394   0x00003394   0x0000001c   Code   RO         1187    i.Sysctrl_XTHDriverCfg  sysctrl.o
    0x000033b0   0x000033b0   0x00000034   Code   RO         1188    i.Sysctrl_XTLDriverCfg  sysctrl.o
    0x000033e4   0x000033e4   0x00000010   Code   RO         2215    i.SystemCoreClockUpdate  system_hc32l13x.o
    0x000033f4   0x000033f4   0x00000040   Code   RO         2216    i.SystemInit        system_hc32l13x.o
    0x00003434   0x00003434   0x00000002   Code   RO           26    i.TIM0_IRQHandler   interrupts_hc32l13x.o
    0x00003436   0x00003436   0x00000002   Code   RO           27    i.TIM1_IRQHandler   interrupts_hc32l13x.o
    0x00003438   0x00003438   0x00000002   Code   RO           28    i.TIM2_IRQHandler   interrupts_hc32l13x.o
    0x0000343a   0x0000343a   0x00000002   PAD
    0x0000343c   0x0000343c   0x00000024   Code   RO           29    i.TIM3_IRQHandler   interrupts_hc32l13x.o
    0x00003460   0x00003460   0x00000002   Code   RO           30    i.TIM4_IRQHandler   interrupts_hc32l13x.o
    0x00003462   0x00003462   0x00000002   Code   RO           31    i.TIM5_IRQHandler   interrupts_hc32l13x.o
    0x00003464   0x00003464   0x00000002   Code   RO           32    i.TIM6_IRQHandler   interrupts_hc32l13x.o
    0x00003466   0x00003466   0x00000002   PAD
    0x00003468   0x00003468   0x000001e4   Code   RO         2298    i.TaskAdc           adcdriver.o
    0x0000364c   0x0000364c   0x00000740   Code   RO         2372    i.TaskKey           scankey.o
    0x00003d8c   0x00003d8c   0x00000494   Code   RO         2605    i.TaskLoRa          lorafun.o
    0x00004220   0x00004220   0x000000c0   Code   RO         2559    i.TaskUart          uart_driver.o
    0x000042e0   0x000042e0   0x000000cc   Code   RO         2259    i.ThreadScheduler   framework.o
    0x000043ac   0x000043ac   0x00000014   Code   RO         1322    i.Tim3_ClearIntFlag  timer3.o
    0x000043c0   0x000043c0   0x00000018   Code   RO         1323    i.Tim3_GetIntFlag   timer3.o
    0x000043d8   0x000043d8   0x0000001c   Code   RO         1324    i.Tim3_M0_ARRSet    timer3.o
    0x000043f4   0x000043f4   0x0000001c   Code   RO         1326    i.Tim3_M0_Cnt16Set  timer3.o
    0x00004410   0x00004410   0x00000018   Code   RO         1331    i.Tim3_M0_Run       timer3.o
    0x00004428   0x00004428   0x00000018   Code   RO         1365    i.Tim3_Mode0_EnableIrq  timer3.o
    0x00004440   0x00004440   0x000000ac   Code   RO         1366    i.Tim3_Mode0_Init   timer3.o
    0x000044ec   0x000044ec   0x0000005c   Code   RO          412    i.Timer3Init        init.o
    0x00004548   0x00004548   0x000000a4   Code   RO         2488    i.TimerFunction     rtcfun.o
    0x000045ec   0x000045ec   0x00000002   Code   RO           33    i.UART0_IRQHandler  interrupts_hc32l13x.o
    0x000045ee   0x000045ee   0x00000002   PAD
    0x000045f0   0x000045f0   0x00000098   Code   RO           34    i.UART1_IRQHandler  interrupts_hc32l13x.o
    0x00004688   0x00004688   0x000000ac   Code   RO          413    i.Uart1_Init        init.o
    0x00004734   0x00004734   0x00000016   Code   RO         1648    i.Uart_ClrStatus    uart.o
    0x0000474a   0x0000474a   0x00000014   Code   RO         1650    i.Uart_DisableIrq   uart.o
    0x0000475e   0x0000475e   0x00000014   Code   RO         1651    i.Uart_EnableFunc   uart.o
    0x00004772   0x00004772   0x00000014   Code   RO         1652    i.Uart_EnableIrq    uart.o
    0x00004786   0x00004786   0x00000018   Code   RO         1655    i.Uart_GetStatus    uart.o
    0x0000479e   0x0000479e   0x00000002   PAD
    0x000047a0   0x000047a0   0x00000094   Code   RO         1656    i.Uart_Init         uart.o
    0x00004834   0x00004834   0x00000008   Code   RO         1657    i.Uart_ReceiveData  uart.o
    0x0000483c   0x0000483c   0x00000012   Code   RO         1658    i.Uart_SendDataIt   uart.o
    0x0000484e   0x0000484e   0x00000002   Code   RO           35    i.VC0_IRQHandler    interrupts_hc32l13x.o
    0x00004850   0x00004850   0x00000002   Code   RO           36    i.VC1_IRQHandler    interrupts_hc32l13x.o
    0x00004852   0x00004852   0x00000002   Code   RO           37    i.WDT_IRQHandler    interrupts_hc32l13x.o
    0x00004854   0x00004854   0x00000010   Code   RO         1758    i.Wdt_Feed          wdt.o
    0x00004864   0x00004864   0x00000018   Code   RO         2336    i.WorkStateTran     logic.o
    0x0000487c   0x0000487c   0x0000001c   Code   RO         2217    i._HidePinInit      system_hc32l13x.o
    0x00004898   0x00004898   0x00000018   Code   RO         1189    i._SysctrlUnlock    sysctrl.o
    0x000048b0   0x000048b0   0x0000001c   Code   RO         1314    i.__ARM_common_switch8  sysctrl.o
    0x000048cc   0x000048cc   0x00000078   Code   RO           38    i.__NVIC_SetPriority  interrupts_hc32l13x.o
    0x00004944   0x00004944   0x00000004   Code   RO         1827    i._sys_exit         ddl.o
    0x00004948   0x00004948   0x00000020   Code   RO         1829    i.ddl_memclr        ddl.o
    0x00004968   0x00004968   0x0000005c   Code   RO         1831    i.delay10us         ddl.o
    0x000049c4   0x000049c4   0x00000058   Code   RO         1832    i.delay1ms          ddl.o
    0x00004a1c   0x00004a1c   0x00000054   Code   RO          380    i.main              main.o
    0x00004a70   0x00004a70   0x0000008c   Code   RO         2675    x$fpl$fadd          fz_ps.l(faddsub.o)
    0x00004afc   0x00004afc   0x000000d0   Code   RO         2677    x$fpl$fsub          fz_ps.l(faddsub.o)
    0x00004bcc   0x00004bcc   0x00000000   Code   RO         2695    x$fpl$usenofp       fz_ps.l(usenofp.o)
    0x00004bcc   0x00004bcc   0x00000020   Data   RO          545    .constdata          flash.o
    0x00004bec   0x00004bec   0x00000018   Data   RO         1190    .constdata          sysctrl.o
    0x00004c04   0x00004c04   0x00000008   Data   RO         1663    .constdata          uart.o
    0x00004c0c   0x00004c0c   0x00000019   Data   RO         2260    .constdata          framework.o
    0x00004c25   0x00004c25   0x00000040   Data   RO         2682    .constdata          fz_ps.l(fdiv.o)
    0x00004c65   0x00004c65   0x00000003   PAD
    0x00004c68   0x00004c68   0x00000020   Data   RO         2850    Region$$Table       anon$$obj.o


    Execution Region RW_IRAM1 (Exec base: 0x20000000, Load base: 0x00004c88, Size: 0x000005b0, Max: 0x00002000, ABSOLUTE)

    Exec Addr    Load Addr    Size         Type   Attr      Idx    E Section Name        Object

    0x20000000   0x00004c88   0x00000001   Data   RW           39    .data               interrupts_hc32l13x.o
    0x20000001   0x00004c89   0x00000001   PAD
    0x20000002   0x00004c8a   0x00000005   Data   RW          490    .data               global_variable.o
    0x20000007   0x00004c8f   0x00000001   PAD
    0x20000008   0x00004c90   0x00000004   Data   RW         2218    .data               system_hc32l13x.o
    0x2000000c   0x00004c94   0x00000009   Data   RW         2261    .data               framework.o
    0x20000015   0x00004c9d   0x00000001   PAD
    0x20000016   0x00004c9e   0x00000002   Data   RW         2299    .data               adcdriver.o
    0x20000018   0x00004ca0   0x00000008   Data   RW         2337    .data               logic.o
    0x20000020   0x00004ca8   0x0000000a   Data   RW         2373    .data               scankey.o
    0x2000002a   0x00004cb2   0x00000026   Data   RW         2407    .data               lcddriver.o
    0x20000050   0x00004cd8   0x00000005   Data   RW         2490    .data               rtcfun.o
    0x20000055   0x00004cdd   0x00000003   PAD
    0x20000058   0x00004ce0   0x00000008   Data   RW         2522    .data               save.o
    0x20000060   0x00004ce8   0x00000006   Data   RW         2606    .data               lorafun.o
    0x20000066   0x00004cee   0x00000002   PAD
    0x20000068        -       0x0000000e   Zero   RW          489    .bss                global_variable.o
    0x20000076        -       0x0000000b   Zero   RW         2489    .bss                rtcfun.o
    0x20000081        -       0x000000cb   Zero   RW         2561    .bss                uart_driver.o
    0x2000014c        -       0x00000060   Zero   RW         2729    .bss                c_p.l(libspace.o)
    0x200001ac   0x00004cee   0x00000004   PAD
    0x200001b0        -       0x00000200   Zero   RW         2206    HEAP                startup_hc32l13x.o
    0x200003b0        -       0x00000200   Zero   RW         2205    STACK               startup_hc32l13x.o


==============================================================================

Image component sizes


      Code (inc. data)   RO Data    RW Data    ZI Data      Debug   Object Name

       744         56          0          0          0       4201   adc.o
       696         36          0          2          0       2096   adcdriver.o
        28          6          0          0          0        416   bgr.o
       258         30          0          0          0       3342   ddl.o
       668         92         32          0          0       4632   flash.o
       248         46         25          9          0       2215   framework.o
         0          0          0          5         14       2657   global_variable.o
       272         42          0          0          0       3630   gpio.o
      2192         48          0          0          0       5814   init.o
       576         50          0          1          0     165044   interrupts_hc32l13x.o
      4498        188          0         38          0       7501   lcddriver.o
       468         28          0          8          0       2462   logic.o
      1880        150          0          6          0       3672   lorafun.o
       244          0          0          0          0       2932   lptim.o
        84         10          0          0          0        459   main.o
       260         36          0          5         11       1502   rtcfun.o
        54          0          0          8          0       1669   save.o
      1856         88          0         10          0       1549   scankey.o
        62          0          0          0          0       2362   spi.o
        88         40        192          0       1024        592   startup_hc32l13x.o
      1370        124         24          0          0      10658   sysctrl.o
       122         16          0          4          0       1928   system_hc32l13x.o
       320         36          0          0          0       3801   timer3.o
       280          4          8          0          0       4816   uart.o
       256         12          0          0        203       2449   uart_driver.o
        16          4          0          0          0        383   wdt.o

    ----------------------------------------------------------------------
     17566       1142        313        104       1252     242782   Object Totals
         0          0         32          0          0          0   (incl. Generated)
        26          0          0          8          0          0   (incl. Padding)

    ----------------------------------------------------------------------

      Code (inc. data)   RO Data    RW Data    ZI Data      Debug   Library Member Name

         8          0          0          0          0         68   __main.o
         0          0          0          0          0          0   __rtentry.o
        12          0          0          0          0          0   __rtentry2.o
         6          0          0          0          0          0   __rtentry4.o
        60          8          0          0          0          0   __scatter.o
        26          0          0          0          0          0   __scatter_copy.o
        28          0          0          0          0          0   __scatter_zi.o
       346          0          0          0          0         92   aeabi_sdiv.o
        16          0          0          0          0         68   exit.o
         6          0          0          0          0        136   heapauxi.o
         2          0          0          0          0          0   libinit.o
         2          0          0          0          0          0   libinit2.o
         2          0          0          0          0          0   libshutdown.o
         2          0          0          0          0          0   libshutdown2.o
         8          4          0          0         96         68   libspace.o
        64          0          0          0          0        108   rt_memclr.o
        56          0          0          0          0         68   rt_memcpy.o
         2          0          0          0          0          0   rtexit.o
        10          0          0          0          0          0   rtexit2.o
        76          6          0          0          0         72   strcpy.o
        62          0          0          0          0         80   sys_stackheap_outer.o
         2          0          0          0          0         68   use_no_semi.o
         2          0          0          0          0         68   use_no_semi_2.o
       348          8          0          0          0        160   faddsub.o
       352         10         64          0          0         92   fdiv.o
        48          0          0          0          0         60   ffixui.o
        94          0          0          0          0         92   fflti.o
         0          0          0          0          0          0   usenofp.o

    ----------------------------------------------------------------------
      1646         36         67          0        100       1300   Library Totals
         6          0          3          0          4          0   (incl. Padding)

    ----------------------------------------------------------------------

      Code (inc. data)   RO Data    RW Data    ZI Data      Debug   Library Name

       798         18          0          0         96        896   c_p.l
       842         18         64          0          0        404   fz_ps.l

    ----------------------------------------------------------------------
      1646         36         67          0        100       1300   Library Totals

    ----------------------------------------------------------------------

==============================================================================


      Code (inc. data)   RO Data    RW Data    ZI Data      Debug   

     19212       1178        380        104       1352     237086   Grand Totals
     19212       1178        380        104       1352     237086   ELF Image Totals
     19212       1178        380        104          0          0   ROM Totals

==============================================================================

    Total RO  Size (Code + RO Data)                19592 (  19.13kB)
    Total RW  Size (RW Data + ZI Data)              1456 (   1.42kB)
    Total ROM Size (Code + RO Data + RW Data)      19696 (  19.23kB)

==============================================================================

